20:51:19 **** Build of configuration Debug for project 001Tasks ****
make -j8 all 
arm-none-eabi-gcc "../ThirdParty/SEGGER/SEGGER/SEGGER_SYSVIEW.c" -mcpu=cortex-m4 -std=gnu11 -g3 -DDEBUG -DUSE_HAL_DRIVER -DSTM32F407xx -c -I../Core/Inc -I"C:/Users/ridel/Documents/CareerDevelopment/Embedded/06FreeRTOS/MyWorkspace/001Tasks/ThirdParty/SEGGER/Config" -I"C:/Users/ridel/Documents/CareerDevelopment/Embedded/06FreeRTOS/MyWorkspace/001Tasks/ThirdParty/SEGGER/OS" -I"C:/Users/ridel/Documents/CareerDevelopment/Embedded/06FreeRTOS/MyWorkspace/001Tasks/ThirdParty/SEGGER/SEGGER" -I"C:/Users/ridel/Documents/CareerDevelopment/Embedded/06FreeRTOS/MyWorkspace/001Tasks/ThirdParty/FreeRTOS" -I"C:/Users/ridel/Documents/CareerDevelopment/Embedded/06FreeRTOS/MyWorkspace/001Tasks/ThirdParty/FreeRTOS/include" -I"C:/Users/ridel/Documents/CareerDevelopment/Embedded/06FreeRTOS/MyWorkspace/001Tasks/ThirdParty/FreeRTOS/portable/GCC/ARM_CM4F" -I../Drivers/STM32F4xx_HAL_Driver/Inc -I../Drivers/STM32F4xx_HAL_Driver/Inc/Legacy -I../Drivers/CMSIS/Device/ST/STM32F4xx/Include -I../Drivers/CMSIS/Include -O0 -ffunction-sections -fdata-sections -Wall -fstack-usage -MMD -MP -MF"ThirdParty/SEGGER/SEGGER/SEGGER_SYSVIEW.d" -MT"ThirdParty/SEGGER/SEGGER/SEGGER_SYSVIEW.o" --specs=nano.specs -mfpu=fpv4-sp-d16 -mfloat-abi=hard -mthumb -o "ThirdParty/SEGGER/SEGGER/SEGGER_SYSVIEW.o"
arm-none-eabi-gcc "../ThirdParty/SEGGER/Rec/segger_uart.c" -mcpu=cortex-m4 -std=gnu11 -g3 -DDEBUG -DUSE_HAL_DRIVER -DSTM32F407xx -c -I../Core/Inc -I"C:/Users/ridel/Documents/CareerDevelopment/Embedded/06FreeRTOS/MyWorkspace/001Tasks/ThirdParty/SEGGER/Config" -I"C:/Users/ridel/Documents/CareerDevelopment/Embedded/06FreeRTOS/MyWorkspace/001Tasks/ThirdParty/SEGGER/OS" -I"C:/Users/ridel/Documents/CareerDevelopment/Embedded/06FreeRTOS/MyWorkspace/001Tasks/ThirdParty/SEGGER/SEGGER" -I"C:/Users/ridel/Documents/CareerDevelopment/Embedded/06FreeRTOS/MyWorkspace/001Tasks/ThirdParty/FreeRTOS" -I"C:/Users/ridel/Documents/CareerDevelopment/Embedded/06FreeRTOS/MyWorkspace/001Tasks/ThirdParty/FreeRTOS/include" -I"C:/Users/ridel/Documents/CareerDevelopment/Embedded/06FreeRTOS/MyWorkspace/001Tasks/ThirdParty/FreeRTOS/portable/GCC/ARM_CM4F" -I../Drivers/STM32F4xx_HAL_Driver/Inc -I../Drivers/STM32F4xx_HAL_Driver/Inc/Legacy -I../Drivers/CMSIS/Device/ST/STM32F4xx/Include -I../Drivers/CMSIS/Include -O0 -ffunction-sections -fdata-sections -Wall -fstack-usage -MMD -MP -MF"ThirdParty/SEGGER/Rec/segger_uart.d" -MT"ThirdParty/SEGGER/Rec/segger_uart.o" --specs=nano.specs -mfpu=fpv4-sp-d16 -mfloat-abi=hard -mthumb -o "ThirdParty/SEGGER/Rec/segger_uart.o"
arm-none-eabi-gcc "../ThirdParty/SEGGER/OS/SEGGER_SYSVIEW_FreeRTOS.c" -mcpu=cortex-m4 -std=gnu11 -g3 -DDEBUG -DUSE_HAL_DRIVER -DSTM32F407xx -c -I../Core/Inc -I"C:/Users/ridel/Documents/CareerDevelopment/Embedded/06FreeRTOS/MyWorkspace/001Tasks/ThirdParty/SEGGER/Config" -I"C:/Users/ridel/Documents/CareerDevelopment/Embedded/06FreeRTOS/MyWorkspace/001Tasks/ThirdParty/SEGGER/OS" -I"C:/Users/ridel/Documents/CareerDevelopment/Embedded/06FreeRTOS/MyWorkspace/001Tasks/ThirdParty/SEGGER/SEGGER" -I"C:/Users/ridel/Documents/CareerDevelopment/Embedded/06FreeRTOS/MyWorkspace/001Tasks/ThirdParty/FreeRTOS" -I"C:/Users/ridel/Documents/CareerDevelopment/Embedded/06FreeRTOS/MyWorkspace/001Tasks/ThirdParty/FreeRTOS/include" -I"C:/Users/ridel/Documents/CareerDevelopment/Embedded/06FreeRTOS/MyWorkspace/001Tasks/ThirdParty/FreeRTOS/portable/GCC/ARM_CM4F" -I../Drivers/STM32F4xx_HAL_Driver/Inc -I../Drivers/STM32F4xx_HAL_Driver/Inc/Legacy -I../Drivers/CMSIS/Device/ST/STM32F4xx/Include -I../Drivers/CMSIS/Include -O0 -ffunction-sections -fdata-sections -Wall -fstack-usage -MMD -MP -MF"ThirdParty/SEGGER/OS/SEGGER_SYSVIEW_FreeRTOS.d" -MT"ThirdParty/SEGGER/OS/SEGGER_SYSVIEW_FreeRTOS.o" --specs=nano.specs -mfpu=fpv4-sp-d16 -mfloat-abi=hard -mthumb -o "ThirdParty/SEGGER/OS/SEGGER_SYSVIEW_FreeRTOS.o"
arm-none-eabi-gcc "../ThirdParty/SEGGER/Config/SEGGER_SYSVIEW_Config_FreeRTOS.c" -mcpu=cortex-m4 -std=gnu11 -g3 -DDEBUG -DUSE_HAL_DRIVER -DSTM32F407xx -c -I../Core/Inc -I"C:/Users/ridel/Documents/CareerDevelopment/Embedded/06FreeRTOS/MyWorkspace/001Tasks/ThirdParty/SEGGER/Config" -I"C:/Users/ridel/Documents/CareerDevelopment/Embedded/06FreeRTOS/MyWorkspace/001Tasks/ThirdParty/SEGGER/OS" -I"C:/Users/ridel/Documents/CareerDevelopment/Embedded/06FreeRTOS/MyWorkspace/001Tasks/ThirdParty/SEGGER/SEGGER" -I"C:/Users/ridel/Documents/CareerDevelopment/Embedded/06FreeRTOS/MyWorkspace/001Tasks/ThirdParty/FreeRTOS" -I"C:/Users/ridel/Documents/CareerDevelopment/Embedded/06FreeRTOS/MyWorkspace/001Tasks/ThirdParty/FreeRTOS/include" -I"C:/Users/ridel/Documents/CareerDevelopment/Embedded/06FreeRTOS/MyWorkspace/001Tasks/ThirdParty/FreeRTOS/portable/GCC/ARM_CM4F" -I../Drivers/STM32F4xx_HAL_Driver/Inc -I../Drivers/STM32F4xx_HAL_Driver/Inc/Legacy -I../Drivers/CMSIS/Device/ST/STM32F4xx/Include -I../Drivers/CMSIS/Include -O0 -ffunction-sections -fdata-sections -Wall -fstack-usage -MMD -MP -MF"ThirdParty/SEGGER/Config/SEGGER_SYSVIEW_Config_FreeRTOS.d" -MT"ThirdParty/SEGGER/Config/SEGGER_SYSVIEW_Config_FreeRTOS.o" --specs=nano.specs -mfpu=fpv4-sp-d16 -mfloat-abi=hard -mthumb -o "ThirdParty/SEGGER/Config/SEGGER_SYSVIEW_Config_FreeRTOS.o"
arm-none-eabi-gcc "../ThirdParty/FreeRTOS/portable/MemMang/heap_4.c" -mcpu=cortex-m4 -std=gnu11 -g3 -DDEBUG -DUSE_HAL_DRIVER -DSTM32F407xx -c -I../Core/Inc -I"C:/Users/ridel/Documents/CareerDevelopment/Embedded/06FreeRTOS/MyWorkspace/001Tasks/ThirdParty/SEGGER/Config" -I"C:/Users/ridel/Documents/CareerDevelopment/Embedded/06FreeRTOS/MyWorkspace/001Tasks/ThirdParty/SEGGER/OS" -I"C:/Users/ridel/Documents/CareerDevelopment/Embedded/06FreeRTOS/MyWorkspace/001Tasks/ThirdParty/SEGGER/SEGGER" -I"C:/Users/ridel/Documents/CareerDevelopment/Embedded/06FreeRTOS/MyWorkspace/001Tasks/ThirdParty/FreeRTOS" -I"C:/Users/ridel/Documents/CareerDevelopment/Embedded/06FreeRTOS/MyWorkspace/001Tasks/ThirdParty/FreeRTOS/include" -I"C:/Users/ridel/Documents/CareerDevelopment/Embedded/06FreeRTOS/MyWorkspace/001Tasks/ThirdParty/FreeRTOS/portable/GCC/ARM_CM4F" -I../Drivers/STM32F4xx_HAL_Driver/Inc -I../Drivers/STM32F4xx_HAL_Driver/Inc/Legacy -I../Drivers/CMSIS/Device/ST/STM32F4xx/Include -I../Drivers/CMSIS/Include -O0 -ffunction-sections -fdata-sections -Wall -fstack-usage -MMD -MP -MF"ThirdParty/FreeRTOS/portable/MemMang/heap_4.d" -MT"ThirdParty/FreeRTOS/portable/MemMang/heap_4.o" --specs=nano.specs -mfpu=fpv4-sp-d16 -mfloat-abi=hard -mthumb -o "ThirdParty/FreeRTOS/portable/MemMang/heap_4.o"
arm-none-eabi-gcc "../ThirdParty/FreeRTOS/portable/GCC/ARM_CM4F/port.c" -mcpu=cortex-m4 -std=gnu11 -g3 -DDEBUG -DUSE_HAL_DRIVER -DSTM32F407xx -c -I../Core/Inc -I"C:/Users/ridel/Documents/CareerDevelopment/Embedded/06FreeRTOS/MyWorkspace/001Tasks/ThirdParty/SEGGER/Config" -I"C:/Users/ridel/Documents/CareerDevelopment/Embedded/06FreeRTOS/MyWorkspace/001Tasks/ThirdParty/SEGGER/OS" -I"C:/Users/ridel/Documents/CareerDevelopment/Embedded/06FreeRTOS/MyWorkspace/001Tasks/ThirdParty/SEGGER/SEGGER" -I"C:/Users/ridel/Documents/CareerDevelopment/Embedded/06FreeRTOS/MyWorkspace/001Tasks/ThirdParty/FreeRTOS" -I"C:/Users/ridel/Documents/CareerDevelopment/Embedded/06FreeRTOS/MyWorkspace/001Tasks/ThirdParty/FreeRTOS/include" -I"C:/Users/ridel/Documents/CareerDevelopment/Embedded/06FreeRTOS/MyWorkspace/001Tasks/ThirdParty/FreeRTOS/portable/GCC/ARM_CM4F" -I../Drivers/STM32F4xx_HAL_Driver/Inc -I../Drivers/STM32F4xx_HAL_Driver/Inc/Legacy -I../Drivers/CMSIS/Device/ST/STM32F4xx/Include -I../Drivers/CMSIS/Include -O0 -ffunction-sections -fdata-sections -Wall -fstack-usage -MMD -MP -MF"ThirdParty/FreeRTOS/portable/GCC/ARM_CM4F/port.d" -MT"ThirdParty/FreeRTOS/portable/GCC/ARM_CM4F/port.o" --specs=nano.specs -mfpu=fpv4-sp-d16 -mfloat-abi=hard -mthumb -o "ThirdParty/FreeRTOS/portable/GCC/ARM_CM4F/port.o"
arm-none-eabi-gcc "../ThirdParty/FreeRTOS/croutine.c" -mcpu=cortex-m4 -std=gnu11 -g3 -DDEBUG -DUSE_HAL_DRIVER -DSTM32F407xx -c -I../Core/Inc -I"C:/Users/ridel/Documents/CareerDevelopment/Embedded/06FreeRTOS/MyWorkspace/001Tasks/ThirdParty/SEGGER/Config" -I"C:/Users/ridel/Documents/CareerDevelopment/Embedded/06FreeRTOS/MyWorkspace/001Tasks/ThirdParty/SEGGER/OS" -I"C:/Users/ridel/Documents/CareerDevelopment/Embedded/06FreeRTOS/MyWorkspace/001Tasks/ThirdParty/SEGGER/SEGGER" -I"C:/Users/ridel/Documents/CareerDevelopment/Embedded/06FreeRTOS/MyWorkspace/001Tasks/ThirdParty/FreeRTOS" -I"C:/Users/ridel/Documents/CareerDevelopment/Embedded/06FreeRTOS/MyWorkspace/001Tasks/ThirdParty/FreeRTOS/include" -I"C:/Users/ridel/Documents/CareerDevelopment/Embedded/06FreeRTOS/MyWorkspace/001Tasks/ThirdParty/FreeRTOS/portable/GCC/ARM_CM4F" -I../Drivers/STM32F4xx_HAL_Driver/Inc -I../Drivers/STM32F4xx_HAL_Driver/Inc/Legacy -I../Drivers/CMSIS/Device/ST/STM32F4xx/Include -I../Drivers/CMSIS/Include -O0 -ffunction-sections -fdata-sections -Wall -fstack-usage -MMD -MP -MF"ThirdParty/FreeRTOS/croutine.d" -MT"ThirdParty/FreeRTOS/croutine.o" --specs=nano.specs -mfpu=fpv4-sp-d16 -mfloat-abi=hard -mthumb -o "ThirdParty/FreeRTOS/croutine.o"
arm-none-eabi-gcc "../ThirdParty/FreeRTOS/event_groups.c" -mcpu=cortex-m4 -std=gnu11 -g3 -DDEBUG -DUSE_HAL_DRIVER -DSTM32F407xx -c -I../Core/Inc -I"C:/Users/ridel/Documents/CareerDevelopment/Embedded/06FreeRTOS/MyWorkspace/001Tasks/ThirdParty/SEGGER/Config" -I"C:/Users/ridel/Documents/CareerDevelopment/Embedded/06FreeRTOS/MyWorkspace/001Tasks/ThirdParty/SEGGER/OS" -I"C:/Users/ridel/Documents/CareerDevelopment/Embedded/06FreeRTOS/MyWorkspace/001Tasks/ThirdParty/SEGGER/SEGGER" -I"C:/Users/ridel/Documents/CareerDevelopment/Embedded/06FreeRTOS/MyWorkspace/001Tasks/ThirdParty/FreeRTOS" -I"C:/Users/ridel/Documents/CareerDevelopment/Embedded/06FreeRTOS/MyWorkspace/001Tasks/ThirdParty/FreeRTOS/include" -I"C:/Users/ridel/Documents/CareerDevelopment/Embedded/06FreeRTOS/MyWorkspace/001Tasks/ThirdParty/FreeRTOS/portable/GCC/ARM_CM4F" -I../Drivers/STM32F4xx_HAL_Driver/Inc -I../Drivers/STM32F4xx_HAL_Driver/Inc/Legacy -I../Drivers/CMSIS/Device/ST/STM32F4xx/Include -I../Drivers/CMSIS/Include -O0 -ffunction-sections -fdata-sections -Wall -fstack-usage -MMD -MP -MF"ThirdParty/FreeRTOS/event_groups.d" -MT"ThirdParty/FreeRTOS/event_groups.o" --specs=nano.specs -mfpu=fpv4-sp-d16 -mfloat-abi=hard -mthumb -o "ThirdParty/FreeRTOS/event_groups.o"
arm-none-eabi-gcc "../ThirdParty/FreeRTOS/list.c" -mcpu=cortex-m4 -std=gnu11 -g3 -DDEBUG -DUSE_HAL_DRIVER -DSTM32F407xx -c -I../Core/Inc -I"C:/Users/ridel/Documents/CareerDevelopment/Embedded/06FreeRTOS/MyWorkspace/001Tasks/ThirdParty/SEGGER/Config" -I"C:/Users/ridel/Documents/CareerDevelopment/Embedded/06FreeRTOS/MyWorkspace/001Tasks/ThirdParty/SEGGER/OS" -I"C:/Users/ridel/Documents/CareerDevelopment/Embedded/06FreeRTOS/MyWorkspace/001Tasks/ThirdParty/SEGGER/SEGGER" -I"C:/Users/ridel/Documents/CareerDevelopment/Embedded/06FreeRTOS/MyWorkspace/001Tasks/ThirdParty/FreeRTOS" -I"C:/Users/ridel/Documents/CareerDevelopment/Embedded/06FreeRTOS/MyWorkspace/001Tasks/ThirdParty/FreeRTOS/include" -I"C:/Users/ridel/Documents/CareerDevelopment/Embedded/06FreeRTOS/MyWorkspace/001Tasks/ThirdParty/FreeRTOS/portable/GCC/ARM_CM4F" -I../Drivers/STM32F4xx_HAL_Driver/Inc -I../Drivers/STM32F4xx_HAL_Driver/Inc/Legacy -I../Drivers/CMSIS/Device/ST/STM32F4xx/Include -I../Drivers/CMSIS/Include -O0 -ffunction-sections -fdata-sections -Wall -fstack-usage -MMD -MP -MF"ThirdParty/FreeRTOS/list.d" -MT"ThirdParty/FreeRTOS/list.o" --specs=nano.specs -mfpu=fpv4-sp-d16 -mfloat-abi=hard -mthumb -o "ThirdParty/FreeRTOS/list.o"
arm-none-eabi-gcc "../ThirdParty/FreeRTOS/queue.c" -mcpu=cortex-m4 -std=gnu11 -g3 -DDEBUG -DUSE_HAL_DRIVER -DSTM32F407xx -c -I../Core/Inc -I"C:/Users/ridel/Documents/CareerDevelopment/Embedded/06FreeRTOS/MyWorkspace/001Tasks/ThirdParty/SEGGER/Config" -I"C:/Users/ridel/Documents/CareerDevelopment/Embedded/06FreeRTOS/MyWorkspace/001Tasks/ThirdParty/SEGGER/OS" -I"C:/Users/ridel/Documents/CareerDevelopment/Embedded/06FreeRTOS/MyWorkspace/001Tasks/ThirdParty/SEGGER/SEGGER" -I"C:/Users/ridel/Documents/CareerDevelopment/Embedded/06FreeRTOS/MyWorkspace/001Tasks/ThirdParty/FreeRTOS" -I"C:/Users/ridel/Documents/CareerDevelopment/Embedded/06FreeRTOS/MyWorkspace/001Tasks/ThirdParty/FreeRTOS/include" -I"C:/Users/ridel/Documents/CareerDevelopment/Embedded/06FreeRTOS/MyWorkspace/001Tasks/ThirdParty/FreeRTOS/portable/GCC/ARM_CM4F" -I../Drivers/STM32F4xx_HAL_Driver/Inc -I../Drivers/STM32F4xx_HAL_Driver/Inc/Legacy -I../Drivers/CMSIS/Device/ST/STM32F4xx/Include -I../Drivers/CMSIS/Include -O0 -ffunction-sections -fdata-sections -Wall -fstack-usage -MMD -MP -MF"ThirdParty/FreeRTOS/queue.d" -MT"ThirdParty/FreeRTOS/queue.o" --specs=nano.specs -mfpu=fpv4-sp-d16 -mfloat-abi=hard -mthumb -o "ThirdParty/FreeRTOS/queue.o"
arm-none-eabi-gcc "../ThirdParty/FreeRTOS/stream_buffer.c" -mcpu=cortex-m4 -std=gnu11 -g3 -DDEBUG -DUSE_HAL_DRIVER -DSTM32F407xx -c -I../Core/Inc -I"C:/Users/ridel/Documents/CareerDevelopment/Embedded/06FreeRTOS/MyWorkspace/001Tasks/ThirdParty/SEGGER/Config" -I"C:/Users/ridel/Documents/CareerDevelopment/Embedded/06FreeRTOS/MyWorkspace/001Tasks/ThirdParty/SEGGER/OS" -I"C:/Users/ridel/Documents/CareerDevelopment/Embedded/06FreeRTOS/MyWorkspace/001Tasks/ThirdParty/SEGGER/SEGGER" -I"C:/Users/ridel/Documents/CareerDevelopment/Embedded/06FreeRTOS/MyWorkspace/001Tasks/ThirdParty/FreeRTOS" -I"C:/Users/ridel/Documents/CareerDevelopment/Embedded/06FreeRTOS/MyWorkspace/001Tasks/ThirdParty/FreeRTOS/include" -I"C:/Users/ridel/Documents/CareerDevelopment/Embedded/06FreeRTOS/MyWorkspace/001Tasks/ThirdParty/FreeRTOS/portable/GCC/ARM_CM4F" -I../Drivers/STM32F4xx_HAL_Driver/Inc -I../Drivers/STM32F4xx_HAL_Driver/Inc/Legacy -I../Drivers/CMSIS/Device/ST/STM32F4xx/Include -I../Drivers/CMSIS/Include -O0 -ffunction-sections -fdata-sections -Wall -fstack-usage -MMD -MP -MF"ThirdParty/FreeRTOS/stream_buffer.d" -MT"ThirdParty/FreeRTOS/stream_buffer.o" --specs=nano.specs -mfpu=fpv4-sp-d16 -mfloat-abi=hard -mthumb -o "ThirdParty/FreeRTOS/stream_buffer.o"
arm-none-eabi-gcc "../ThirdParty/FreeRTOS/tasks.c" -mcpu=cortex-m4 -std=gnu11 -g3 -DDEBUG -DUSE_HAL_DRIVER -DSTM32F407xx -c -I../Core/Inc -I"C:/Users/ridel/Documents/CareerDevelopment/Embedded/06FreeRTOS/MyWorkspace/001Tasks/ThirdParty/SEGGER/Config" -I"C:/Users/ridel/Documents/CareerDevelopment/Embedded/06FreeRTOS/MyWorkspace/001Tasks/ThirdParty/SEGGER/OS" -I"C:/Users/ridel/Documents/CareerDevelopment/Embedded/06FreeRTOS/MyWorkspace/001Tasks/ThirdParty/SEGGER/SEGGER" -I"C:/Users/ridel/Documents/CareerDevelopment/Embedded/06FreeRTOS/MyWorkspace/001Tasks/ThirdParty/FreeRTOS" -I"C:/Users/ridel/Documents/CareerDevelopment/Embedded/06FreeRTOS/MyWorkspace/001Tasks/ThirdParty/FreeRTOS/include" -I"C:/Users/ridel/Documents/CareerDevelopment/Embedded/06FreeRTOS/MyWorkspace/001Tasks/ThirdParty/FreeRTOS/portable/GCC/ARM_CM4F" -I../Drivers/STM32F4xx_HAL_Driver/Inc -I../Drivers/STM32F4xx_HAL_Driver/Inc/Legacy -I../Drivers/CMSIS/Device/ST/STM32F4xx/Include -I../Drivers/CMSIS/Include -O0 -ffunction-sections -fdata-sections -Wall -fstack-usage -MMD -MP -MF"ThirdParty/FreeRTOS/tasks.d" -MT"ThirdParty/FreeRTOS/tasks.o" --specs=nano.specs -mfpu=fpv4-sp-d16 -mfloat-abi=hard -mthumb -o "ThirdParty/FreeRTOS/tasks.o"
arm-none-eabi-gcc "../ThirdParty/FreeRTOS/timers.c" -mcpu=cortex-m4 -std=gnu11 -g3 -DDEBUG -DUSE_HAL_DRIVER -DSTM32F407xx -c -I../Core/Inc -I"C:/Users/ridel/Documents/CareerDevelopment/Embedded/06FreeRTOS/MyWorkspace/001Tasks/ThirdParty/SEGGER/Config" -I"C:/Users/ridel/Documents/CareerDevelopment/Embedded/06FreeRTOS/MyWorkspace/001Tasks/ThirdParty/SEGGER/OS" -I"C:/Users/ridel/Documents/CareerDevelopment/Embedded/06FreeRTOS/MyWorkspace/001Tasks/ThirdParty/SEGGER/SEGGER" -I"C:/Users/ridel/Documents/CareerDevelopment/Embedded/06FreeRTOS/MyWorkspace/001Tasks/ThirdParty/FreeRTOS" -I"C:/Users/ridel/Documents/CareerDevelopment/Embedded/06FreeRTOS/MyWorkspace/001Tasks/ThirdParty/FreeRTOS/include" -I"C:/Users/ridel/Documents/CareerDevelopment/Embedded/06FreeRTOS/MyWorkspace/001Tasks/ThirdParty/FreeRTOS/portable/GCC/ARM_CM4F" -I../Drivers/STM32F4xx_HAL_Driver/Inc -I../Drivers/STM32F4xx_HAL_Driver/Inc/Legacy -I../Drivers/CMSIS/Device/ST/STM32F4xx/Include -I../Drivers/CMSIS/Include -O0 -ffunction-sections -fdata-sections -Wall -fstack-usage -MMD -MP -MF"ThirdParty/FreeRTOS/timers.d" -MT"ThirdParty/FreeRTOS/timers.o" --specs=nano.specs -mfpu=fpv4-sp-d16 -mfloat-abi=hard -mthumb -o "ThirdParty/FreeRTOS/timers.o"
arm-none-eabi-gcc "../Drivers/STM32F4xx_HAL_Driver/Src/stm32f4xx_hal.c" -mcpu=cortex-m4 -std=gnu11 -g3 -DDEBUG -DUSE_HAL_DRIVER -DSTM32F407xx -c -I../Core/Inc -I"C:/Users/ridel/Documents/CareerDevelopment/Embedded/06FreeRTOS/MyWorkspace/001Tasks/ThirdParty/SEGGER/Config" -I"C:/Users/ridel/Documents/CareerDevelopment/Embedded/06FreeRTOS/MyWorkspace/001Tasks/ThirdParty/SEGGER/OS" -I"C:/Users/ridel/Documents/CareerDevelopment/Embedded/06FreeRTOS/MyWorkspace/001Tasks/ThirdParty/SEGGER/SEGGER" -I"C:/Users/ridel/Documents/CareerDevelopment/Embedded/06FreeRTOS/MyWorkspace/001Tasks/ThirdParty/FreeRTOS" -I"C:/Users/ridel/Documents/CareerDevelopment/Embedded/06FreeRTOS/MyWorkspace/001Tasks/ThirdParty/FreeRTOS/include" -I"C:/Users/ridel/Documents/CareerDevelopment/Embedded/06FreeRTOS/MyWorkspace/001Tasks/ThirdParty/FreeRTOS/portable/GCC/ARM_CM4F" -I../Drivers/STM32F4xx_HAL_Driver/Inc -I../Drivers/STM32F4xx_HAL_Driver/Inc/Legacy -I../Drivers/CMSIS/Device/ST/STM32F4xx/Include -I../Drivers/CMSIS/Include -O0 -ffunction-sections -fdata-sections -Wall -fstack-usage -MMD -MP -MF"Drivers/STM32F4xx_HAL_Driver/Src/stm32f4xx_hal.d" -MT"Drivers/STM32F4xx_HAL_Driver/Src/stm32f4xx_hal.o" --specs=nano.specs -mfpu=fpv4-sp-d16 -mfloat-abi=hard -mthumb -o "Drivers/STM32F4xx_HAL_Driver/Src/stm32f4xx_hal.o"
arm-none-eabi-gcc "../Drivers/STM32F4xx_HAL_Driver/Src/stm32f4xx_hal_cortex.c" -mcpu=cortex-m4 -std=gnu11 -g3 -DDEBUG -DUSE_HAL_DRIVER -DSTM32F407xx -c -I../Core/Inc -I"C:/Users/ridel/Documents/CareerDevelopment/Embedded/06FreeRTOS/MyWorkspace/001Tasks/ThirdParty/SEGGER/Config" -I"C:/Users/ridel/Documents/CareerDevelopment/Embedded/06FreeRTOS/MyWorkspace/001Tasks/ThirdParty/SEGGER/OS" -I"C:/Users/ridel/Documents/CareerDevelopment/Embedded/06FreeRTOS/MyWorkspace/001Tasks/ThirdParty/SEGGER/SEGGER" -I"C:/Users/ridel/Documents/CareerDevelopment/Embedded/06FreeRTOS/MyWorkspace/001Tasks/ThirdParty/FreeRTOS" -I"C:/Users/ridel/Documents/CareerDevelopment/Embedded/06FreeRTOS/MyWorkspace/001Tasks/ThirdParty/FreeRTOS/include" -I"C:/Users/ridel/Documents/CareerDevelopment/Embedded/06FreeRTOS/MyWorkspace/001Tasks/ThirdParty/FreeRTOS/portable/GCC/ARM_CM4F" -I../Drivers/STM32F4xx_HAL_Driver/Inc -I../Drivers/STM32F4xx_HAL_Driver/Inc/Legacy -I../Drivers/CMSIS/Device/ST/STM32F4xx/Include -I../Drivers/CMSIS/Include -O0 -ffunction-sections -fdata-sections -Wall -fstack-usage -MMD -MP -MF"Drivers/STM32F4xx_HAL_Driver/Src/stm32f4xx_hal_cortex.d" -MT"Drivers/STM32F4xx_HAL_Driver/Src/stm32f4xx_hal_cortex.o" --specs=nano.specs -mfpu=fpv4-sp-d16 -mfloat-abi=hard -mthumb -o "Drivers/STM32F4xx_HAL_Driver/Src/stm32f4xx_hal_cortex.o"
arm-none-eabi-gcc "../Drivers/STM32F4xx_HAL_Driver/Src/stm32f4xx_hal_dma.c" -mcpu=cortex-m4 -std=gnu11 -g3 -DDEBUG -DUSE_HAL_DRIVER -DSTM32F407xx -c -I../Core/Inc -I"C:/Users/ridel/Documents/CareerDevelopment/Embedded/06FreeRTOS/MyWorkspace/001Tasks/ThirdParty/SEGGER/Config" -I"C:/Users/ridel/Documents/CareerDevelopment/Embedded/06FreeRTOS/MyWorkspace/001Tasks/ThirdParty/SEGGER/OS" -I"C:/Users/ridel/Documents/CareerDevelopment/Embedded/06FreeRTOS/MyWorkspace/001Tasks/ThirdParty/SEGGER/SEGGER" -I"C:/Users/ridel/Documents/CareerDevelopment/Embedded/06FreeRTOS/MyWorkspace/001Tasks/ThirdParty/FreeRTOS" -I"C:/Users/ridel/Documents/CareerDevelopment/Embedded/06FreeRTOS/MyWorkspace/001Tasks/ThirdParty/FreeRTOS/include" -I"C:/Users/ridel/Documents/CareerDevelopment/Embedded/06FreeRTOS/MyWorkspace/001Tasks/ThirdParty/FreeRTOS/portable/GCC/ARM_CM4F" -I../Drivers/STM32F4xx_HAL_Driver/Inc -I../Drivers/STM32F4xx_HAL_Driver/Inc/Legacy -I../Drivers/CMSIS/Device/ST/STM32F4xx/Include -I../Drivers/CMSIS/Include -O0 -ffunction-sections -fdata-sections -Wall -fstack-usage -MMD -MP -MF"Drivers/STM32F4xx_HAL_Driver/Src/stm32f4xx_hal_dma.d" -MT"Drivers/STM32F4xx_HAL_Driver/Src/stm32f4xx_hal_dma.o" --specs=nano.specs -mfpu=fpv4-sp-d16 -mfloat-abi=hard -mthumb -o "Drivers/STM32F4xx_HAL_Driver/Src/stm32f4xx_hal_dma.o"
../ThirdParty/FreeRTOS/tasks.c: In function 'vTaskPrioritySet':
../ThirdParty/FreeRTOS/tasks.c:1687:6: warning: implicit declaration of function 'prvReaddTaskToReadyList'; did you mean 'prvAddTaskToReadyList'? [-Wimplicit-function-declaration]
 1687 |      prvReaddTaskToReadyList( pxTCB );
      |      ^~~~~~~~~~~~~~~~~~~~~~~
      |      prvAddTaskToReadyList
arm-none-eabi-gcc "../Drivers/STM32F4xx_HAL_Driver/Src/stm32f4xx_hal_dma_ex.c" -mcpu=cortex-m4 -std=gnu11 -g3 -DDEBUG -DUSE_HAL_DRIVER -DSTM32F407xx -c -I../Core/Inc -I"C:/Users/ridel/Documents/CareerDevelopment/Embedded/06FreeRTOS/MyWorkspace/001Tasks/ThirdParty/SEGGER/Config" -I"C:/Users/ridel/Documents/CareerDevelopment/Embedded/06FreeRTOS/MyWorkspace/001Tasks/ThirdParty/SEGGER/OS" -I"C:/Users/ridel/Documents/CareerDevelopment/Embedded/06FreeRTOS/MyWorkspace/001Tasks/ThirdParty/SEGGER/SEGGER" -I"C:/Users/ridel/Documents/CareerDevelopment/Embedded/06FreeRTOS/MyWorkspace/001Tasks/ThirdParty/FreeRTOS" -I"C:/Users/ridel/Documents/CareerDevelopment/Embedded/06FreeRTOS/MyWorkspace/001Tasks/ThirdParty/FreeRTOS/include" -I"C:/Users/ridel/Documents/CareerDevelopment/Embedded/06FreeRTOS/MyWorkspace/001Tasks/ThirdParty/FreeRTOS/portable/GCC/ARM_CM4F" -I../Drivers/STM32F4xx_HAL_Driver/Inc -I../Drivers/STM32F4xx_HAL_Driver/Inc/Legacy -I../Drivers/CMSIS/Device/ST/STM32F4xx/Include -I../Drivers/CMSIS/Include -O0 -ffunction-sections -fdata-sections -Wall -fstack-usage -MMD -MP -MF"Drivers/STM32F4xx_HAL_Driver/Src/stm32f4xx_hal_dma_ex.d" -MT"Drivers/STM32F4xx_HAL_Driver/Src/stm32f4xx_hal_dma_ex.o" --specs=nano.specs -mfpu=fpv4-sp-d16 -mfloat-abi=hard -mthumb -o "Drivers/STM32F4xx_HAL_Driver/Src/stm32f4xx_hal_dma_ex.o"
arm-none-eabi-gcc "../Drivers/STM32F4xx_HAL_Driver/Src/stm32f4xx_hal_exti.c" -mcpu=cortex-m4 -std=gnu11 -g3 -DDEBUG -DUSE_HAL_DRIVER -DSTM32F407xx -c -I../Core/Inc -I"C:/Users/ridel/Documents/CareerDevelopment/Embedded/06FreeRTOS/MyWorkspace/001Tasks/ThirdParty/SEGGER/Config" -I"C:/Users/ridel/Documents/CareerDevelopment/Embedded/06FreeRTOS/MyWorkspace/001Tasks/ThirdParty/SEGGER/OS" -I"C:/Users/ridel/Documents/CareerDevelopment/Embedded/06FreeRTOS/MyWorkspace/001Tasks/ThirdParty/SEGGER/SEGGER" -I"C:/Users/ridel/Documents/CareerDevelopment/Embedded/06FreeRTOS/MyWorkspace/001Tasks/ThirdParty/FreeRTOS" -I"C:/Users/ridel/Documents/CareerDevelopment/Embedded/06FreeRTOS/MyWorkspace/001Tasks/ThirdParty/FreeRTOS/include" -I"C:/Users/ridel/Documents/CareerDevelopment/Embedded/06FreeRTOS/MyWorkspace/001Tasks/ThirdParty/FreeRTOS/portable/GCC/ARM_CM4F" -I../Drivers/STM32F4xx_HAL_Driver/Inc -I../Drivers/STM32F4xx_HAL_Driver/Inc/Legacy -I../Drivers/CMSIS/Device/ST/STM32F4xx/Include -I../Drivers/CMSIS/Include -O0 -ffunction-sections -fdata-sections -Wall -fstack-usage -MMD -MP -MF"Drivers/STM32F4xx_HAL_Driver/Src/stm32f4xx_hal_exti.d" -MT"Drivers/STM32F4xx_HAL_Driver/Src/stm32f4xx_hal_exti.o" --specs=nano.specs -mfpu=fpv4-sp-d16 -mfloat-abi=hard -mthumb -o "Drivers/STM32F4xx_HAL_Driver/Src/stm32f4xx_hal_exti.o"
arm-none-eabi-gcc "../Drivers/STM32F4xx_HAL_Driver/Src/stm32f4xx_hal_flash.c" -mcpu=cortex-m4 -std=gnu11 -g3 -DDEBUG -DUSE_HAL_DRIVER -DSTM32F407xx -c -I../Core/Inc -I"C:/Users/ridel/Documents/CareerDevelopment/Embedded/06FreeRTOS/MyWorkspace/001Tasks/ThirdParty/SEGGER/Config" -I"C:/Users/ridel/Documents/CareerDevelopment/Embedded/06FreeRTOS/MyWorkspace/001Tasks/ThirdParty/SEGGER/OS" -I"C:/Users/ridel/Documents/CareerDevelopment/Embedded/06FreeRTOS/MyWorkspace/001Tasks/ThirdParty/SEGGER/SEGGER" -I"C:/Users/ridel/Documents/CareerDevelopment/Embedded/06FreeRTOS/MyWorkspace/001Tasks/ThirdParty/FreeRTOS" -I"C:/Users/ridel/Documents/CareerDevelopment/Embedded/06FreeRTOS/MyWorkspace/001Tasks/ThirdParty/FreeRTOS/include" -I"C:/Users/ridel/Documents/CareerDevelopment/Embedded/06FreeRTOS/MyWorkspace/001Tasks/ThirdParty/FreeRTOS/portable/GCC/ARM_CM4F" -I../Drivers/STM32F4xx_HAL_Driver/Inc -I../Drivers/STM32F4xx_HAL_Driver/Inc/Legacy -I../Drivers/CMSIS/Device/ST/STM32F4xx/Include -I../Drivers/CMSIS/Include -O0 -ffunction-sections -fdata-sections -Wall -fstack-usage -MMD -MP -MF"Drivers/STM32F4xx_HAL_Driver/Src/stm32f4xx_hal_flash.d" -MT"Drivers/STM32F4xx_HAL_Driver/Src/stm32f4xx_hal_flash.o" --specs=nano.specs -mfpu=fpv4-sp-d16 -mfloat-abi=hard -mthumb -o "Drivers/STM32F4xx_HAL_Driver/Src/stm32f4xx_hal_flash.o"
arm-none-eabi-gcc "../Drivers/STM32F4xx_HAL_Driver/Src/stm32f4xx_hal_flash_ex.c" -mcpu=cortex-m4 -std=gnu11 -g3 -DDEBUG -DUSE_HAL_DRIVER -DSTM32F407xx -c -I../Core/Inc -I"C:/Users/ridel/Documents/CareerDevelopment/Embedded/06FreeRTOS/MyWorkspace/001Tasks/ThirdParty/SEGGER/Config" -I"C:/Users/ridel/Documents/CareerDevelopment/Embedded/06FreeRTOS/MyWorkspace/001Tasks/ThirdParty/SEGGER/OS" -I"C:/Users/ridel/Documents/CareerDevelopment/Embedded/06FreeRTOS/MyWorkspace/001Tasks/ThirdParty/SEGGER/SEGGER" -I"C:/Users/ridel/Documents/CareerDevelopment/Embedded/06FreeRTOS/MyWorkspace/001Tasks/ThirdParty/FreeRTOS" -I"C:/Users/ridel/Documents/CareerDevelopment/Embedded/06FreeRTOS/MyWorkspace/001Tasks/ThirdParty/FreeRTOS/include" -I"C:/Users/ridel/Documents/CareerDevelopment/Embedded/06FreeRTOS/MyWorkspace/001Tasks/ThirdParty/FreeRTOS/portable/GCC/ARM_CM4F" -I../Drivers/STM32F4xx_HAL_Driver/Inc -I../Drivers/STM32F4xx_HAL_Driver/Inc/Legacy -I../Drivers/CMSIS/Device/ST/STM32F4xx/Include -I../Drivers/CMSIS/Include -O0 -ffunction-sections -fdata-sections -Wall -fstack-usage -MMD -MP -MF"Drivers/STM32F4xx_HAL_Driver/Src/stm32f4xx_hal_flash_ex.d" -MT"Drivers/STM32F4xx_HAL_Driver/Src/stm32f4xx_hal_flash_ex.o" --specs=nano.specs -mfpu=fpv4-sp-d16 -mfloat-abi=hard -mthumb -o "Drivers/STM32F4xx_HAL_Driver/Src/stm32f4xx_hal_flash_ex.o"
arm-none-eabi-gcc "../Drivers/STM32F4xx_HAL_Driver/Src/stm32f4xx_hal_flash_ramfunc.c" -mcpu=cortex-m4 -std=gnu11 -g3 -DDEBUG -DUSE_HAL_DRIVER -DSTM32F407xx -c -I../Core/Inc -I"C:/Users/ridel/Documents/CareerDevelopment/Embedded/06FreeRTOS/MyWorkspace/001Tasks/ThirdParty/SEGGER/Config" -I"C:/Users/ridel/Documents/CareerDevelopment/Embedded/06FreeRTOS/MyWorkspace/001Tasks/ThirdParty/SEGGER/OS" -I"C:/Users/ridel/Documents/CareerDevelopment/Embedded/06FreeRTOS/MyWorkspace/001Tasks/ThirdParty/SEGGER/SEGGER" -I"C:/Users/ridel/Documents/CareerDevelopment/Embedded/06FreeRTOS/MyWorkspace/001Tasks/ThirdParty/FreeRTOS" -I"C:/Users/ridel/Documents/CareerDevelopment/Embedded/06FreeRTOS/MyWorkspace/001Tasks/ThirdParty/FreeRTOS/include" -I"C:/Users/ridel/Documents/CareerDevelopment/Embedded/06FreeRTOS/MyWorkspace/001Tasks/ThirdParty/FreeRTOS/portable/GCC/ARM_CM4F" -I../Drivers/STM32F4xx_HAL_Driver/Inc -I../Drivers/STM32F4xx_HAL_Driver/Inc/Legacy -I../Drivers/CMSIS/Device/ST/STM32F4xx/Include -I../Drivers/CMSIS/Include -O0 -ffunction-sections -fdata-sections -Wall -fstack-usage -MMD -MP -MF"Drivers/STM32F4xx_HAL_Driver/Src/stm32f4xx_hal_flash_ramfunc.d" -MT"Drivers/STM32F4xx_HAL_Driver/Src/stm32f4xx_hal_flash_ramfunc.o" --specs=nano.specs -mfpu=fpv4-sp-d16 -mfloat-abi=hard -mthumb -o "Drivers/STM32F4xx_HAL_Driver/Src/stm32f4xx_hal_flash_ramfunc.o"
arm-none-eabi-gcc "../Drivers/STM32F4xx_HAL_Driver/Src/stm32f4xx_hal_gpio.c" -mcpu=cortex-m4 -std=gnu11 -g3 -DDEBUG -DUSE_HAL_DRIVER -DSTM32F407xx -c -I../Core/Inc -I"C:/Users/ridel/Documents/CareerDevelopment/Embedded/06FreeRTOS/MyWorkspace/001Tasks/ThirdParty/SEGGER/Config" -I"C:/Users/ridel/Documents/CareerDevelopment/Embedded/06FreeRTOS/MyWorkspace/001Tasks/ThirdParty/SEGGER/OS" -I"C:/Users/ridel/Documents/CareerDevelopment/Embedded/06FreeRTOS/MyWorkspace/001Tasks/ThirdParty/SEGGER/SEGGER" -I"C:/Users/ridel/Documents/CareerDevelopment/Embedded/06FreeRTOS/MyWorkspace/001Tasks/ThirdParty/FreeRTOS" -I"C:/Users/ridel/Documents/CareerDevelopment/Embedded/06FreeRTOS/MyWorkspace/001Tasks/ThirdParty/FreeRTOS/include" -I"C:/Users/ridel/Documents/CareerDevelopment/Embedded/06FreeRTOS/MyWorkspace/001Tasks/ThirdParty/FreeRTOS/portable/GCC/ARM_CM4F" -I../Drivers/STM32F4xx_HAL_Driver/Inc -I../Drivers/STM32F4xx_HAL_Driver/Inc/Legacy -I../Drivers/CMSIS/Device/ST/STM32F4xx/Include -I../Drivers/CMSIS/Include -O0 -ffunction-sections -fdata-sections -Wall -fstack-usage -MMD -MP -MF"Drivers/STM32F4xx_HAL_Driver/Src/stm32f4xx_hal_gpio.d" -MT"Drivers/STM32F4xx_HAL_Driver/Src/stm32f4xx_hal_gpio.o" --specs=nano.specs -mfpu=fpv4-sp-d16 -mfloat-abi=hard -mthumb -o "Drivers/STM32F4xx_HAL_Driver/Src/stm32f4xx_hal_gpio.o"
arm-none-eabi-gcc "../Drivers/STM32F4xx_HAL_Driver/Src/stm32f4xx_hal_pwr.c" -mcpu=cortex-m4 -std=gnu11 -g3 -DDEBUG -DUSE_HAL_DRIVER -DSTM32F407xx -c -I../Core/Inc -I"C:/Users/ridel/Documents/CareerDevelopment/Embedded/06FreeRTOS/MyWorkspace/001Tasks/ThirdParty/SEGGER/Config" -I"C:/Users/ridel/Documents/CareerDevelopment/Embedded/06FreeRTOS/MyWorkspace/001Tasks/ThirdParty/SEGGER/OS" -I"C:/Users/ridel/Documents/CareerDevelopment/Embedded/06FreeRTOS/MyWorkspace/001Tasks/ThirdParty/SEGGER/SEGGER" -I"C:/Users/ridel/Documents/CareerDevelopment/Embedded/06FreeRTOS/MyWorkspace/001Tasks/ThirdParty/FreeRTOS" -I"C:/Users/ridel/Documents/CareerDevelopment/Embedded/06FreeRTOS/MyWorkspace/001Tasks/ThirdParty/FreeRTOS/include" -I"C:/Users/ridel/Documents/CareerDevelopment/Embedded/06FreeRTOS/MyWorkspace/001Tasks/ThirdParty/FreeRTOS/portable/GCC/ARM_CM4F" -I../Drivers/STM32F4xx_HAL_Driver/Inc -I../Drivers/STM32F4xx_HAL_Driver/Inc/Legacy -I../Drivers/CMSIS/Device/ST/STM32F4xx/Include -I../Drivers/CMSIS/Include -O0 -ffunction-sections -fdata-sections -Wall -fstack-usage -MMD -MP -MF"Drivers/STM32F4xx_HAL_Driver/Src/stm32f4xx_hal_pwr.d" -MT"Drivers/STM32F4xx_HAL_Driver/Src/stm32f4xx_hal_pwr.o" --specs=nano.specs -mfpu=fpv4-sp-d16 -mfloat-abi=hard -mthumb -o "Drivers/STM32F4xx_HAL_Driver/Src/stm32f4xx_hal_pwr.o"
arm-none-eabi-gcc "../Drivers/STM32F4xx_HAL_Driver/Src/stm32f4xx_hal_pwr_ex.c" -mcpu=cortex-m4 -std=gnu11 -g3 -DDEBUG -DUSE_HAL_DRIVER -DSTM32F407xx -c -I../Core/Inc -I"C:/Users/ridel/Documents/CareerDevelopment/Embedded/06FreeRTOS/MyWorkspace/001Tasks/ThirdParty/SEGGER/Config" -I"C:/Users/ridel/Documents/CareerDevelopment/Embedded/06FreeRTOS/MyWorkspace/001Tasks/ThirdParty/SEGGER/OS" -I"C:/Users/ridel/Documents/CareerDevelopment/Embedded/06FreeRTOS/MyWorkspace/001Tasks/ThirdParty/SEGGER/SEGGER" -I"C:/Users/ridel/Documents/CareerDevelopment/Embedded/06FreeRTOS/MyWorkspace/001Tasks/ThirdParty/FreeRTOS" -I"C:/Users/ridel/Documents/CareerDevelopment/Embedded/06FreeRTOS/MyWorkspace/001Tasks/ThirdParty/FreeRTOS/include" -I"C:/Users/ridel/Documents/CareerDevelopment/Embedded/06FreeRTOS/MyWorkspace/001Tasks/ThirdParty/FreeRTOS/portable/GCC/ARM_CM4F" -I../Drivers/STM32F4xx_HAL_Driver/Inc -I../Drivers/STM32F4xx_HAL_Driver/Inc/Legacy -I../Drivers/CMSIS/Device/ST/STM32F4xx/Include -I../Drivers/CMSIS/Include -O0 -ffunction-sections -fdata-sections -Wall -fstack-usage -MMD -MP -MF"Drivers/STM32F4xx_HAL_Driver/Src/stm32f4xx_hal_pwr_ex.d" -MT"Drivers/STM32F4xx_HAL_Driver/Src/stm32f4xx_hal_pwr_ex.o" --specs=nano.specs -mfpu=fpv4-sp-d16 -mfloat-abi=hard -mthumb -o "Drivers/STM32F4xx_HAL_Driver/Src/stm32f4xx_hal_pwr_ex.o"
arm-none-eabi-gcc "../Drivers/STM32F4xx_HAL_Driver/Src/stm32f4xx_hal_rcc.c" -mcpu=cortex-m4 -std=gnu11 -g3 -DDEBUG -DUSE_HAL_DRIVER -DSTM32F407xx -c -I../Core/Inc -I"C:/Users/ridel/Documents/CareerDevelopment/Embedded/06FreeRTOS/MyWorkspace/001Tasks/ThirdParty/SEGGER/Config" -I"C:/Users/ridel/Documents/CareerDevelopment/Embedded/06FreeRTOS/MyWorkspace/001Tasks/ThirdParty/SEGGER/OS" -I"C:/Users/ridel/Documents/CareerDevelopment/Embedded/06FreeRTOS/MyWorkspace/001Tasks/ThirdParty/SEGGER/SEGGER" -I"C:/Users/ridel/Documents/CareerDevelopment/Embedded/06FreeRTOS/MyWorkspace/001Tasks/ThirdParty/FreeRTOS" -I"C:/Users/ridel/Documents/CareerDevelopment/Embedded/06FreeRTOS/MyWorkspace/001Tasks/ThirdParty/FreeRTOS/include" -I"C:/Users/ridel/Documents/CareerDevelopment/Embedded/06FreeRTOS/MyWorkspace/001Tasks/ThirdParty/FreeRTOS/portable/GCC/ARM_CM4F" -I../Drivers/STM32F4xx_HAL_Driver/Inc -I../Drivers/STM32F4xx_HAL_Driver/Inc/Legacy -I../Drivers/CMSIS/Device/ST/STM32F4xx/Include -I../Drivers/CMSIS/Include -O0 -ffunction-sections -fdata-sections -Wall -fstack-usage -MMD -MP -MF"Drivers/STM32F4xx_HAL_Driver/Src/stm32f4xx_hal_rcc.d" -MT"Drivers/STM32F4xx_HAL_Driver/Src/stm32f4xx_hal_rcc.o" --specs=nano.specs -mfpu=fpv4-sp-d16 -mfloat-abi=hard -mthumb -o "Drivers/STM32F4xx_HAL_Driver/Src/stm32f4xx_hal_rcc.o"
arm-none-eabi-gcc "../Drivers/STM32F4xx_HAL_Driver/Src/stm32f4xx_hal_rcc_ex.c" -mcpu=cortex-m4 -std=gnu11 -g3 -DDEBUG -DUSE_HAL_DRIVER -DSTM32F407xx -c -I../Core/Inc -I"C:/Users/ridel/Documents/CareerDevelopment/Embedded/06FreeRTOS/MyWorkspace/001Tasks/ThirdParty/SEGGER/Config" -I"C:/Users/ridel/Documents/CareerDevelopment/Embedded/06FreeRTOS/MyWorkspace/001Tasks/ThirdParty/SEGGER/OS" -I"C:/Users/ridel/Documents/CareerDevelopment/Embedded/06FreeRTOS/MyWorkspace/001Tasks/ThirdParty/SEGGER/SEGGER" -I"C:/Users/ridel/Documents/CareerDevelopment/Embedded/06FreeRTOS/MyWorkspace/001Tasks/ThirdParty/FreeRTOS" -I"C:/Users/ridel/Documents/CareerDevelopment/Embedded/06FreeRTOS/MyWorkspace/001Tasks/ThirdParty/FreeRTOS/include" -I"C:/Users/ridel/Documents/CareerDevelopment/Embedded/06FreeRTOS/MyWorkspace/001Tasks/ThirdParty/FreeRTOS/portable/GCC/ARM_CM4F" -I../Drivers/STM32F4xx_HAL_Driver/Inc -I../Drivers/STM32F4xx_HAL_Driver/Inc/Legacy -I../Drivers/CMSIS/Device/ST/STM32F4xx/Include -I../Drivers/CMSIS/Include -O0 -ffunction-sections -fdata-sections -Wall -fstack-usage -MMD -MP -MF"Drivers/STM32F4xx_HAL_Driver/Src/stm32f4xx_hal_rcc_ex.d" -MT"Drivers/STM32F4xx_HAL_Driver/Src/stm32f4xx_hal_rcc_ex.o" --specs=nano.specs -mfpu=fpv4-sp-d16 -mfloat-abi=hard -mthumb -o "Drivers/STM32F4xx_HAL_Driver/Src/stm32f4xx_hal_rcc_ex.o"
arm-none-eabi-gcc "../Drivers/STM32F4xx_HAL_Driver/Src/stm32f4xx_hal_tim.c" -mcpu=cortex-m4 -std=gnu11 -g3 -DDEBUG -DUSE_HAL_DRIVER -DSTM32F407xx -c -I../Core/Inc -I"C:/Users/ridel/Documents/CareerDevelopment/Embedded/06FreeRTOS/MyWorkspace/001Tasks/ThirdParty/SEGGER/Config" -I"C:/Users/ridel/Documents/CareerDevelopment/Embedded/06FreeRTOS/MyWorkspace/001Tasks/ThirdParty/SEGGER/OS" -I"C:/Users/ridel/Documents/CareerDevelopment/Embedded/06FreeRTOS/MyWorkspace/001Tasks/ThirdParty/SEGGER/SEGGER" -I"C:/Users/ridel/Documents/CareerDevelopment/Embedded/06FreeRTOS/MyWorkspace/001Tasks/ThirdParty/FreeRTOS" -I"C:/Users/ridel/Documents/CareerDevelopment/Embedded/06FreeRTOS/MyWorkspace/001Tasks/ThirdParty/FreeRTOS/include" -I"C:/Users/ridel/Documents/CareerDevelopment/Embedded/06FreeRTOS/MyWorkspace/001Tasks/ThirdParty/FreeRTOS/portable/GCC/ARM_CM4F" -I../Drivers/STM32F4xx_HAL_Driver/Inc -I../Drivers/STM32F4xx_HAL_Driver/Inc/Legacy -I../Drivers/CMSIS/Device/ST/STM32F4xx/Include -I../Drivers/CMSIS/Include -O0 -ffunction-sections -fdata-sections -Wall -fstack-usage -MMD -MP -MF"Drivers/STM32F4xx_HAL_Driver/Src/stm32f4xx_hal_tim.d" -MT"Drivers/STM32F4xx_HAL_Driver/Src/stm32f4xx_hal_tim.o" --specs=nano.specs -mfpu=fpv4-sp-d16 -mfloat-abi=hard -mthumb -o "Drivers/STM32F4xx_HAL_Driver/Src/stm32f4xx_hal_tim.o"
arm-none-eabi-gcc "../Drivers/STM32F4xx_HAL_Driver/Src/stm32f4xx_hal_tim_ex.c" -mcpu=cortex-m4 -std=gnu11 -g3 -DDEBUG -DUSE_HAL_DRIVER -DSTM32F407xx -c -I../Core/Inc -I"C:/Users/ridel/Documents/CareerDevelopment/Embedded/06FreeRTOS/MyWorkspace/001Tasks/ThirdParty/SEGGER/Config" -I"C:/Users/ridel/Documents/CareerDevelopment/Embedded/06FreeRTOS/MyWorkspace/001Tasks/ThirdParty/SEGGER/OS" -I"C:/Users/ridel/Documents/CareerDevelopment/Embedded/06FreeRTOS/MyWorkspace/001Tasks/ThirdParty/SEGGER/SEGGER" -I"C:/Users/ridel/Documents/CareerDevelopment/Embedded/06FreeRTOS/MyWorkspace/001Tasks/ThirdParty/FreeRTOS" -I"C:/Users/ridel/Documents/CareerDevelopment/Embedded/06FreeRTOS/MyWorkspace/001Tasks/ThirdParty/FreeRTOS/include" -I"C:/Users/ridel/Documents/CareerDevelopment/Embedded/06FreeRTOS/MyWorkspace/001Tasks/ThirdParty/FreeRTOS/portable/GCC/ARM_CM4F" -I../Drivers/STM32F4xx_HAL_Driver/Inc -I../Drivers/STM32F4xx_HAL_Driver/Inc/Legacy -I../Drivers/CMSIS/Device/ST/STM32F4xx/Include -I../Drivers/CMSIS/Include -O0 -ffunction-sections -fdata-sections -Wall -fstack-usage -MMD -MP -MF"Drivers/STM32F4xx_HAL_Driver/Src/stm32f4xx_hal_tim_ex.d" -MT"Drivers/STM32F4xx_HAL_Driver/Src/stm32f4xx_hal_tim_ex.o" --specs=nano.specs -mfpu=fpv4-sp-d16 -mfloat-abi=hard -mthumb -o "Drivers/STM32F4xx_HAL_Driver/Src/stm32f4xx_hal_tim_ex.o"
arm-none-eabi-gcc "../Core/Src/main.c" -mcpu=cortex-m4 -std=gnu11 -g3 -DDEBUG -DUSE_HAL_DRIVER -DSTM32F407xx -c -I../Core/Inc -I"C:/Users/ridel/Documents/CareerDevelopment/Embedded/06FreeRTOS/MyWorkspace/001Tasks/ThirdParty/SEGGER/Config" -I"C:/Users/ridel/Documents/CareerDevelopment/Embedded/06FreeRTOS/MyWorkspace/001Tasks/ThirdParty/SEGGER/OS" -I"C:/Users/ridel/Documents/CareerDevelopment/Embedded/06FreeRTOS/MyWorkspace/001Tasks/ThirdParty/SEGGER/SEGGER" -I"C:/Users/ridel/Documents/CareerDevelopment/Embedded/06FreeRTOS/MyWorkspace/001Tasks/ThirdParty/FreeRTOS" -I"C:/Users/ridel/Documents/CareerDevelopment/Embedded/06FreeRTOS/MyWorkspace/001Tasks/ThirdParty/FreeRTOS/include" -I"C:/Users/ridel/Documents/CareerDevelopment/Embedded/06FreeRTOS/MyWorkspace/001Tasks/ThirdParty/FreeRTOS/portable/GCC/ARM_CM4F" -I../Drivers/STM32F4xx_HAL_Driver/Inc -I../Drivers/STM32F4xx_HAL_Driver/Inc/Legacy -I../Drivers/CMSIS/Device/ST/STM32F4xx/Include -I../Drivers/CMSIS/Include -O0 -ffunction-sections -fdata-sections -Wall -fstack-usage -MMD -MP -MF"Core/Src/main.d" -MT"Core/Src/main.o" --specs=nano.specs -mfpu=fpv4-sp-d16 -mfloat-abi=hard -mthumb -o "Core/Src/main.o"
arm-none-eabi-gcc "../Core/Src/stm32f4xx_hal_msp.c" -mcpu=cortex-m4 -std=gnu11 -g3 -DDEBUG -DUSE_HAL_DRIVER -DSTM32F407xx -c -I../Core/Inc -I"C:/Users/ridel/Documents/CareerDevelopment/Embedded/06FreeRTOS/MyWorkspace/001Tasks/ThirdParty/SEGGER/Config" -I"C:/Users/ridel/Documents/CareerDevelopment/Embedded/06FreeRTOS/MyWorkspace/001Tasks/ThirdParty/SEGGER/OS" -I"C:/Users/ridel/Documents/CareerDevelopment/Embedded/06FreeRTOS/MyWorkspace/001Tasks/ThirdParty/SEGGER/SEGGER" -I"C:/Users/ridel/Documents/CareerDevelopment/Embedded/06FreeRTOS/MyWorkspace/001Tasks/ThirdParty/FreeRTOS" -I"C:/Users/ridel/Documents/CareerDevelopment/Embedded/06FreeRTOS/MyWorkspace/001Tasks/ThirdParty/FreeRTOS/include" -I"C:/Users/ridel/Documents/CareerDevelopment/Embedded/06FreeRTOS/MyWorkspace/001Tasks/ThirdParty/FreeRTOS/portable/GCC/ARM_CM4F" -I../Drivers/STM32F4xx_HAL_Driver/Inc -I../Drivers/STM32F4xx_HAL_Driver/Inc/Legacy -I../Drivers/CMSIS/Device/ST/STM32F4xx/Include -I../Drivers/CMSIS/Include -O0 -ffunction-sections -fdata-sections -Wall -fstack-usage -MMD -MP -MF"Core/Src/stm32f4xx_hal_msp.d" -MT"Core/Src/stm32f4xx_hal_msp.o" --specs=nano.specs -mfpu=fpv4-sp-d16 -mfloat-abi=hard -mthumb -o "Core/Src/stm32f4xx_hal_msp.o"
arm-none-eabi-gcc "../Core/Src/stm32f4xx_hal_timebase_tim.c" -mcpu=cortex-m4 -std=gnu11 -g3 -DDEBUG -DUSE_HAL_DRIVER -DSTM32F407xx -c -I../Core/Inc -I"C:/Users/ridel/Documents/CareerDevelopment/Embedded/06FreeRTOS/MyWorkspace/001Tasks/ThirdParty/SEGGER/Config" -I"C:/Users/ridel/Documents/CareerDevelopment/Embedded/06FreeRTOS/MyWorkspace/001Tasks/ThirdParty/SEGGER/OS" -I"C:/Users/ridel/Documents/CareerDevelopment/Embedded/06FreeRTOS/MyWorkspace/001Tasks/ThirdParty/SEGGER/SEGGER" -I"C:/Users/ridel/Documents/CareerDevelopment/Embedded/06FreeRTOS/MyWorkspace/001Tasks/ThirdParty/FreeRTOS" -I"C:/Users/ridel/Documents/CareerDevelopment/Embedded/06FreeRTOS/MyWorkspace/001Tasks/ThirdParty/FreeRTOS/include" -I"C:/Users/ridel/Documents/CareerDevelopment/Embedded/06FreeRTOS/MyWorkspace/001Tasks/ThirdParty/FreeRTOS/portable/GCC/ARM_CM4F" -I../Drivers/STM32F4xx_HAL_Driver/Inc -I../Drivers/STM32F4xx_HAL_Driver/Inc/Legacy -I../Drivers/CMSIS/Device/ST/STM32F4xx/Include -I../Drivers/CMSIS/Include -O0 -ffunction-sections -fdata-sections -Wall -fstack-usage -MMD -MP -MF"Core/Src/stm32f4xx_hal_timebase_tim.d" -MT"Core/Src/stm32f4xx_hal_timebase_tim.o" --specs=nano.specs -mfpu=fpv4-sp-d16 -mfloat-abi=hard -mthumb -o "Core/Src/stm32f4xx_hal_timebase_tim.o"
arm-none-eabi-gcc "../Core/Src/stm32f4xx_it.c" -mcpu=cortex-m4 -std=gnu11 -g3 -DDEBUG -DUSE_HAL_DRIVER -DSTM32F407xx -c -I../Core/Inc -I"C:/Users/ridel/Documents/CareerDevelopment/Embedded/06FreeRTOS/MyWorkspace/001Tasks/ThirdParty/SEGGER/Config" -I"C:/Users/ridel/Documents/CareerDevelopment/Embedded/06FreeRTOS/MyWorkspace/001Tasks/ThirdParty/SEGGER/OS" -I"C:/Users/ridel/Documents/CareerDevelopment/Embedded/06FreeRTOS/MyWorkspace/001Tasks/ThirdParty/SEGGER/SEGGER" -I"C:/Users/ridel/Documents/CareerDevelopment/Embedded/06FreeRTOS/MyWorkspace/001Tasks/ThirdParty/FreeRTOS" -I"C:/Users/ridel/Documents/CareerDevelopment/Embedded/06FreeRTOS/MyWorkspace/001Tasks/ThirdParty/FreeRTOS/include" -I"C:/Users/ridel/Documents/CareerDevelopment/Embedded/06FreeRTOS/MyWorkspace/001Tasks/ThirdParty/FreeRTOS/portable/GCC/ARM_CM4F" -I../Drivers/STM32F4xx_HAL_Driver/Inc -I../Drivers/STM32F4xx_HAL_Driver/Inc/Legacy -I../Drivers/CMSIS/Device/ST/STM32F4xx/Include -I../Drivers/CMSIS/Include -O0 -ffunction-sections -fdata-sections -Wall -fstack-usage -MMD -MP -MF"Core/Src/stm32f4xx_it.d" -MT"Core/Src/stm32f4xx_it.o" --specs=nano.specs -mfpu=fpv4-sp-d16 -mfloat-abi=hard -mthumb -o "Core/Src/stm32f4xx_it.o"
../Core/Src/main.c: In function 'main':
../Core/Src/main.c:102:3: warning: implicit declaration of function 'SEGGER_UART_init'; did you mean 'SEGGER_UART_REC'? [-Wimplicit-function-declaration]
  102 |   SEGGER_UART_init(500000);
      |   ^~~~~~~~~~~~~~~~
      |   SEGGER_UART_REC
../Core/Src/main.c: In function 'task1_handler':
../Core/Src/main.c:328:3: warning: implicit declaration of function 'snprintf' [-Wimplicit-function-declaration]
  328 |   snprintf(msg,100,"%s\n", (char*)parameters);
      |   ^~~~~~~~
../Core/Src/main.c:328:3: warning: incompatible implicit declaration of built-in function 'snprintf'
../Core/Src/main.c:26:1: note: include '<stdio.h>' or provide a declaration of 'snprintf'
   25 | #include "task.h"
  +++ |+#include <stdio.h>
   26 | 
../Core/Src/main.c: In function 'task2_handler':
../Core/Src/main.c:341:3: warning: incompatible implicit declaration of built-in function 'snprintf'
  341 |   snprintf(msg,100,"%s\n", (char*)parameters);
      |   ^~~~~~~~
../Core/Src/main.c:341:3: note: include '<stdio.h>' or provide a declaration of 'snprintf'
arm-none-eabi-gcc "../Core/Src/system_stm32f4xx.c" -mcpu=cortex-m4 -std=gnu11 -g3 -DDEBUG -DUSE_HAL_DRIVER -DSTM32F407xx -c -I../Core/Inc -I"C:/Users/ridel/Documents/CareerDevelopment/Embedded/06FreeRTOS/MyWorkspace/001Tasks/ThirdParty/SEGGER/Config" -I"C:/Users/ridel/Documents/CareerDevelopment/Embedded/06FreeRTOS/MyWorkspace/001Tasks/ThirdParty/SEGGER/OS" -I"C:/Users/ridel/Documents/CareerDevelopment/Embedded/06FreeRTOS/MyWorkspace/001Tasks/ThirdParty/SEGGER/SEGGER" -I"C:/Users/ridel/Documents/CareerDevelopment/Embedded/06FreeRTOS/MyWorkspace/001Tasks/ThirdParty/FreeRTOS" -I"C:/Users/ridel/Documents/CareerDevelopment/Embedded/06FreeRTOS/MyWorkspace/001Tasks/ThirdParty/FreeRTOS/include" -I"C:/Users/ridel/Documents/CareerDevelopment/Embedded/06FreeRTOS/MyWorkspace/001Tasks/ThirdParty/FreeRTOS/portable/GCC/ARM_CM4F" -I../Drivers/STM32F4xx_HAL_Driver/Inc -I../Drivers/STM32F4xx_HAL_Driver/Inc/Legacy -I../Drivers/CMSIS/Device/ST/STM32F4xx/Include -I../Drivers/CMSIS/Include -O0 -ffunction-sections -fdata-sections -Wall -fstack-usage -MMD -MP -MF"Core/Src/system_stm32f4xx.d" -MT"Core/Src/system_stm32f4xx.o" --specs=nano.specs -mfpu=fpv4-sp-d16 -mfloat-abi=hard -mthumb -o "Core/Src/system_stm32f4xx.o"
arm-none-eabi-gcc -o "001Tasks.elf" @"objects.list"   -mcpu=cortex-m4 -T"C:\Users\ridel\Documents\CareerDevelopment\Embedded\06FreeRTOS\MyWorkspace\001Tasks\STM32F407VGTX_FLASH.ld" --specs=nosys.specs -Wl,-Map="001Tasks.map" -Wl,--gc-sections -static --specs=nano.specs -mfpu=fpv4-sp-d16 -mfloat-abi=hard -mthumb -Wl,--start-group -lc -lm -Wl,--end-group
Finished building target: 001Tasks.elf
 
arm-none-eabi-size   001Tasks.elf 
arm-none-eabi-objdump -h -S  001Tasks.elf  > "001Tasks.list"
   text	   data	    bss	    dec	    hex	filename
  31112	    136	 110224	 141472	  228a0	001Tasks.elf
Finished building: default.size.stdout
 
Finished building: 001Tasks.list
 

20:51:27 Build Finished. 0 errors, 5 warnings. (took 7s.190ms)

