20:03:36 **** Incremental Build of configuration Debug for project 006LED_btn_isr ****
make -j8 all 
arm-none-eabi-gcc "C:/Users/ridel/Documents/CareerDevelopment/Embedded/06FreeRTOS/MyWorkspace/common/ThirdParty/SEGGER/OS/SEGGER_SYSVIEW_FreeRTOS.c" -mcpu=cortex-m4 -std=gnu11 -g3 -DDEBUG -DUSE_HAL_DRIVER -DSTM32F407xx -c -I../USB_HOST/App -I../USB_HOST/Target -I../Core/Inc -I../Drivers/STM32F4xx_HAL_Driver/Inc -I../Drivers/STM32F4xx_HAL_Driver/Inc/Legacy -I../Middlewares/ST/STM32_USB_Host_Library/Core/Inc -I../Middlewares/ST/STM32_USB_Host_Library/Class/CDC/Inc -I../Drivers/CMSIS/Device/ST/STM32F4xx/Include -I../Drivers/CMSIS/Include -I"C:/Users/ridel/Documents/CareerDevelopment/Embedded/06FreeRTOS/MyWorkspace/common/ThirdParty/FreeRTOS/include" -I"C:/Users/ridel/Documents/CareerDevelopment/Embedded/06FreeRTOS/MyWorkspace/common/ThirdParty/FreeRTOS/portable/GCC/ARM_CM4F" -I"C:/Users/ridel/Documents/CareerDevelopment/Embedded/06FreeRTOS/MyWorkspace/common/ThirdParty/SEGGER/Config" -I"C:/Users/ridel/Documents/CareerDevelopment/Embedded/06FreeRTOS/MyWorkspace/common/ThirdParty/SEGGER/OS" -I"C:/Users/ridel/Documents/CareerDevelopment/Embedded/06FreeRTOS/MyWorkspace/common/ThirdParty/SEGGER/SEGGER" -O0 -ffunction-sections -fdata-sections -Wall -fstack-usage -MMD -MP -MF"common/ThirdParty/SEGGER/OS/SEGGER_SYSVIEW_FreeRTOS.d" -MT"common/ThirdParty/SEGGER/OS/SEGGER_SYSVIEW_FreeRTOS.o" --specs=nano.specs -mfpu=fpv4-sp-d16 -mfloat-abi=hard -mthumb -o "common/ThirdParty/SEGGER/OS/SEGGER_SYSVIEW_FreeRTOS.o"
arm-none-eabi-gcc "C:/Users/ridel/Documents/CareerDevelopment/Embedded/06FreeRTOS/MyWorkspace/common/ThirdParty/SEGGER/Config/SEGGER_SYSVIEW_Config_FreeRTOS.c" -mcpu=cortex-m4 -std=gnu11 -g3 -DDEBUG -DUSE_HAL_DRIVER -DSTM32F407xx -c -I../USB_HOST/App -I../USB_HOST/Target -I../Core/Inc -I../Drivers/STM32F4xx_HAL_Driver/Inc -I../Drivers/STM32F4xx_HAL_Driver/Inc/Legacy -I../Middlewares/ST/STM32_USB_Host_Library/Core/Inc -I../Middlewares/ST/STM32_USB_Host_Library/Class/CDC/Inc -I../Drivers/CMSIS/Device/ST/STM32F4xx/Include -I../Drivers/CMSIS/Include -I"C:/Users/ridel/Documents/CareerDevelopment/Embedded/06FreeRTOS/MyWorkspace/common/ThirdParty/FreeRTOS/include" -I"C:/Users/ridel/Documents/CareerDevelopment/Embedded/06FreeRTOS/MyWorkspace/common/ThirdParty/FreeRTOS/portable/GCC/ARM_CM4F" -I"C:/Users/ridel/Documents/CareerDevelopment/Embedded/06FreeRTOS/MyWorkspace/common/ThirdParty/SEGGER/Config" -I"C:/Users/ridel/Documents/CareerDevelopment/Embedded/06FreeRTOS/MyWorkspace/common/ThirdParty/SEGGER/OS" -I"C:/Users/ridel/Documents/CareerDevelopment/Embedded/06FreeRTOS/MyWorkspace/common/ThirdParty/SEGGER/SEGGER" -O0 -ffunction-sections -fdata-sections -Wall -fstack-usage -MMD -MP -MF"common/ThirdParty/SEGGER/Config/SEGGER_SYSVIEW_Config_FreeRTOS.d" -MT"common/ThirdParty/SEGGER/Config/SEGGER_SYSVIEW_Config_FreeRTOS.o" --specs=nano.specs -mfpu=fpv4-sp-d16 -mfloat-abi=hard -mthumb -o "common/ThirdParty/SEGGER/Config/SEGGER_SYSVIEW_Config_FreeRTOS.o"
arm-none-eabi-gcc "C:/Users/ridel/Documents/CareerDevelopment/Embedded/06FreeRTOS/MyWorkspace/common/ThirdParty/FreeRTOS/portable/MemMang/heap_4.c" -mcpu=cortex-m4 -std=gnu11 -g3 -DDEBUG -DUSE_HAL_DRIVER -DSTM32F407xx -c -I../USB_HOST/App -I../USB_HOST/Target -I../Core/Inc -I../Drivers/STM32F4xx_HAL_Driver/Inc -I../Drivers/STM32F4xx_HAL_Driver/Inc/Legacy -I../Middlewares/ST/STM32_USB_Host_Library/Core/Inc -I../Middlewares/ST/STM32_USB_Host_Library/Class/CDC/Inc -I../Drivers/CMSIS/Device/ST/STM32F4xx/Include -I../Drivers/CMSIS/Include -I"C:/Users/ridel/Documents/CareerDevelopment/Embedded/06FreeRTOS/MyWorkspace/common/ThirdParty/FreeRTOS/include" -I"C:/Users/ridel/Documents/CareerDevelopment/Embedded/06FreeRTOS/MyWorkspace/common/ThirdParty/FreeRTOS/portable/GCC/ARM_CM4F" -I"C:/Users/ridel/Documents/CareerDevelopment/Embedded/06FreeRTOS/MyWorkspace/common/ThirdParty/SEGGER/Config" -I"C:/Users/ridel/Documents/CareerDevelopment/Embedded/06FreeRTOS/MyWorkspace/common/ThirdParty/SEGGER/OS" -I"C:/Users/ridel/Documents/CareerDevelopment/Embedded/06FreeRTOS/MyWorkspace/common/ThirdParty/SEGGER/SEGGER" -O0 -ffunction-sections -fdata-sections -Wall -fstack-usage -MMD -MP -MF"common/ThirdParty/FreeRTOS/portable/MemMang/heap_4.d" -MT"common/ThirdParty/FreeRTOS/portable/MemMang/heap_4.o" --specs=nano.specs -mfpu=fpv4-sp-d16 -mfloat-abi=hard -mthumb -o "common/ThirdParty/FreeRTOS/portable/MemMang/heap_4.o"
arm-none-eabi-gcc "C:/Users/ridel/Documents/CareerDevelopment/Embedded/06FreeRTOS/MyWorkspace/common/ThirdParty/FreeRTOS/portable/GCC/ARM_CM4F/port.c" -mcpu=cortex-m4 -std=gnu11 -g3 -DDEBUG -DUSE_HAL_DRIVER -DSTM32F407xx -c -I../USB_HOST/App -I../USB_HOST/Target -I../Core/Inc -I../Drivers/STM32F4xx_HAL_Driver/Inc -I../Drivers/STM32F4xx_HAL_Driver/Inc/Legacy -I../Middlewares/ST/STM32_USB_Host_Library/Core/Inc -I../Middlewares/ST/STM32_USB_Host_Library/Class/CDC/Inc -I../Drivers/CMSIS/Device/ST/STM32F4xx/Include -I../Drivers/CMSIS/Include -I"C:/Users/ridel/Documents/CareerDevelopment/Embedded/06FreeRTOS/MyWorkspace/common/ThirdParty/FreeRTOS/include" -I"C:/Users/ridel/Documents/CareerDevelopment/Embedded/06FreeRTOS/MyWorkspace/common/ThirdParty/FreeRTOS/portable/GCC/ARM_CM4F" -I"C:/Users/ridel/Documents/CareerDevelopment/Embedded/06FreeRTOS/MyWorkspace/common/ThirdParty/SEGGER/Config" -I"C:/Users/ridel/Documents/CareerDevelopment/Embedded/06FreeRTOS/MyWorkspace/common/ThirdParty/SEGGER/OS" -I"C:/Users/ridel/Documents/CareerDevelopment/Embedded/06FreeRTOS/MyWorkspace/common/ThirdParty/SEGGER/SEGGER" -O0 -ffunction-sections -fdata-sections -Wall -fstack-usage -MMD -MP -MF"common/ThirdParty/FreeRTOS/portable/GCC/ARM_CM4F/port.d" -MT"common/ThirdParty/FreeRTOS/portable/GCC/ARM_CM4F/port.o" --specs=nano.specs -mfpu=fpv4-sp-d16 -mfloat-abi=hard -mthumb -o "common/ThirdParty/FreeRTOS/portable/GCC/ARM_CM4F/port.o"
arm-none-eabi-gcc "C:/Users/ridel/Documents/CareerDevelopment/Embedded/06FreeRTOS/MyWorkspace/common/ThirdParty/FreeRTOS/croutine.c" -mcpu=cortex-m4 -std=gnu11 -g3 -DDEBUG -DUSE_HAL_DRIVER -DSTM32F407xx -c -I../USB_HOST/App -I../USB_HOST/Target -I../Core/Inc -I../Drivers/STM32F4xx_HAL_Driver/Inc -I../Drivers/STM32F4xx_HAL_Driver/Inc/Legacy -I../Middlewares/ST/STM32_USB_Host_Library/Core/Inc -I../Middlewares/ST/STM32_USB_Host_Library/Class/CDC/Inc -I../Drivers/CMSIS/Device/ST/STM32F4xx/Include -I../Drivers/CMSIS/Include -I"C:/Users/ridel/Documents/CareerDevelopment/Embedded/06FreeRTOS/MyWorkspace/common/ThirdParty/FreeRTOS/include" -I"C:/Users/ridel/Documents/CareerDevelopment/Embedded/06FreeRTOS/MyWorkspace/common/ThirdParty/FreeRTOS/portable/GCC/ARM_CM4F" -I"C:/Users/ridel/Documents/CareerDevelopment/Embedded/06FreeRTOS/MyWorkspace/common/ThirdParty/SEGGER/Config" -I"C:/Users/ridel/Documents/CareerDevelopment/Embedded/06FreeRTOS/MyWorkspace/common/ThirdParty/SEGGER/OS" -I"C:/Users/ridel/Documents/CareerDevelopment/Embedded/06FreeRTOS/MyWorkspace/common/ThirdParty/SEGGER/SEGGER" -O0 -ffunction-sections -fdata-sections -Wall -fstack-usage -MMD -MP -MF"common/ThirdParty/FreeRTOS/croutine.d" -MT"common/ThirdParty/FreeRTOS/croutine.o" --specs=nano.specs -mfpu=fpv4-sp-d16 -mfloat-abi=hard -mthumb -o "common/ThirdParty/FreeRTOS/croutine.o"
arm-none-eabi-gcc "C:/Users/ridel/Documents/CareerDevelopment/Embedded/06FreeRTOS/MyWorkspace/common/ThirdParty/FreeRTOS/event_groups.c" -mcpu=cortex-m4 -std=gnu11 -g3 -DDEBUG -DUSE_HAL_DRIVER -DSTM32F407xx -c -I../USB_HOST/App -I../USB_HOST/Target -I../Core/Inc -I../Drivers/STM32F4xx_HAL_Driver/Inc -I../Drivers/STM32F4xx_HAL_Driver/Inc/Legacy -I../Middlewares/ST/STM32_USB_Host_Library/Core/Inc -I../Middlewares/ST/STM32_USB_Host_Library/Class/CDC/Inc -I../Drivers/CMSIS/Device/ST/STM32F4xx/Include -I../Drivers/CMSIS/Include -I"C:/Users/ridel/Documents/CareerDevelopment/Embedded/06FreeRTOS/MyWorkspace/common/ThirdParty/FreeRTOS/include" -I"C:/Users/ridel/Documents/CareerDevelopment/Embedded/06FreeRTOS/MyWorkspace/common/ThirdParty/FreeRTOS/portable/GCC/ARM_CM4F" -I"C:/Users/ridel/Documents/CareerDevelopment/Embedded/06FreeRTOS/MyWorkspace/common/ThirdParty/SEGGER/Config" -I"C:/Users/ridel/Documents/CareerDevelopment/Embedded/06FreeRTOS/MyWorkspace/common/ThirdParty/SEGGER/OS" -I"C:/Users/ridel/Documents/CareerDevelopment/Embedded/06FreeRTOS/MyWorkspace/common/ThirdParty/SEGGER/SEGGER" -O0 -ffunction-sections -fdata-sections -Wall -fstack-usage -MMD -MP -MF"common/ThirdParty/FreeRTOS/event_groups.d" -MT"common/ThirdParty/FreeRTOS/event_groups.o" --specs=nano.specs -mfpu=fpv4-sp-d16 -mfloat-abi=hard -mthumb -o "common/ThirdParty/FreeRTOS/event_groups.o"
arm-none-eabi-gcc "C:/Users/ridel/Documents/CareerDevelopment/Embedded/06FreeRTOS/MyWorkspace/common/ThirdParty/FreeRTOS/list.c" -mcpu=cortex-m4 -std=gnu11 -g3 -DDEBUG -DUSE_HAL_DRIVER -DSTM32F407xx -c -I../USB_HOST/App -I../USB_HOST/Target -I../Core/Inc -I../Drivers/STM32F4xx_HAL_Driver/Inc -I../Drivers/STM32F4xx_HAL_Driver/Inc/Legacy -I../Middlewares/ST/STM32_USB_Host_Library/Core/Inc -I../Middlewares/ST/STM32_USB_Host_Library/Class/CDC/Inc -I../Drivers/CMSIS/Device/ST/STM32F4xx/Include -I../Drivers/CMSIS/Include -I"C:/Users/ridel/Documents/CareerDevelopment/Embedded/06FreeRTOS/MyWorkspace/common/ThirdParty/FreeRTOS/include" -I"C:/Users/ridel/Documents/CareerDevelopment/Embedded/06FreeRTOS/MyWorkspace/common/ThirdParty/FreeRTOS/portable/GCC/ARM_CM4F" -I"C:/Users/ridel/Documents/CareerDevelopment/Embedded/06FreeRTOS/MyWorkspace/common/ThirdParty/SEGGER/Config" -I"C:/Users/ridel/Documents/CareerDevelopment/Embedded/06FreeRTOS/MyWorkspace/common/ThirdParty/SEGGER/OS" -I"C:/Users/ridel/Documents/CareerDevelopment/Embedded/06FreeRTOS/MyWorkspace/common/ThirdParty/SEGGER/SEGGER" -O0 -ffunction-sections -fdata-sections -Wall -fstack-usage -MMD -MP -MF"common/ThirdParty/FreeRTOS/list.d" -MT"common/ThirdParty/FreeRTOS/list.o" --specs=nano.specs -mfpu=fpv4-sp-d16 -mfloat-abi=hard -mthumb -o "common/ThirdParty/FreeRTOS/list.o"
arm-none-eabi-gcc "C:/Users/ridel/Documents/CareerDevelopment/Embedded/06FreeRTOS/MyWorkspace/common/ThirdParty/FreeRTOS/queue.c" -mcpu=cortex-m4 -std=gnu11 -g3 -DDEBUG -DUSE_HAL_DRIVER -DSTM32F407xx -c -I../USB_HOST/App -I../USB_HOST/Target -I../Core/Inc -I../Drivers/STM32F4xx_HAL_Driver/Inc -I../Drivers/STM32F4xx_HAL_Driver/Inc/Legacy -I../Middlewares/ST/STM32_USB_Host_Library/Core/Inc -I../Middlewares/ST/STM32_USB_Host_Library/Class/CDC/Inc -I../Drivers/CMSIS/Device/ST/STM32F4xx/Include -I../Drivers/CMSIS/Include -I"C:/Users/ridel/Documents/CareerDevelopment/Embedded/06FreeRTOS/MyWorkspace/common/ThirdParty/FreeRTOS/include" -I"C:/Users/ridel/Documents/CareerDevelopment/Embedded/06FreeRTOS/MyWorkspace/common/ThirdParty/FreeRTOS/portable/GCC/ARM_CM4F" -I"C:/Users/ridel/Documents/CareerDevelopment/Embedded/06FreeRTOS/MyWorkspace/common/ThirdParty/SEGGER/Config" -I"C:/Users/ridel/Documents/CareerDevelopment/Embedded/06FreeRTOS/MyWorkspace/common/ThirdParty/SEGGER/OS" -I"C:/Users/ridel/Documents/CareerDevelopment/Embedded/06FreeRTOS/MyWorkspace/common/ThirdParty/SEGGER/SEGGER" -O0 -ffunction-sections -fdata-sections -Wall -fstack-usage -MMD -MP -MF"common/ThirdParty/FreeRTOS/queue.d" -MT"common/ThirdParty/FreeRTOS/queue.o" --specs=nano.specs -mfpu=fpv4-sp-d16 -mfloat-abi=hard -mthumb -o "common/ThirdParty/FreeRTOS/queue.o"
arm-none-eabi-gcc "C:/Users/ridel/Documents/CareerDevelopment/Embedded/06FreeRTOS/MyWorkspace/common/ThirdParty/FreeRTOS/stream_buffer.c" -mcpu=cortex-m4 -std=gnu11 -g3 -DDEBUG -DUSE_HAL_DRIVER -DSTM32F407xx -c -I../USB_HOST/App -I../USB_HOST/Target -I../Core/Inc -I../Drivers/STM32F4xx_HAL_Driver/Inc -I../Drivers/STM32F4xx_HAL_Driver/Inc/Legacy -I../Middlewares/ST/STM32_USB_Host_Library/Core/Inc -I../Middlewares/ST/STM32_USB_Host_Library/Class/CDC/Inc -I../Drivers/CMSIS/Device/ST/STM32F4xx/Include -I../Drivers/CMSIS/Include -I"C:/Users/ridel/Documents/CareerDevelopment/Embedded/06FreeRTOS/MyWorkspace/common/ThirdParty/FreeRTOS/include" -I"C:/Users/ridel/Documents/CareerDevelopment/Embedded/06FreeRTOS/MyWorkspace/common/ThirdParty/FreeRTOS/portable/GCC/ARM_CM4F" -I"C:/Users/ridel/Documents/CareerDevelopment/Embedded/06FreeRTOS/MyWorkspace/common/ThirdParty/SEGGER/Config" -I"C:/Users/ridel/Documents/CareerDevelopment/Embedded/06FreeRTOS/MyWorkspace/common/ThirdParty/SEGGER/OS" -I"C:/Users/ridel/Documents/CareerDevelopment/Embedded/06FreeRTOS/MyWorkspace/common/ThirdParty/SEGGER/SEGGER" -O0 -ffunction-sections -fdata-sections -Wall -fstack-usage -MMD -MP -MF"common/ThirdParty/FreeRTOS/stream_buffer.d" -MT"common/ThirdParty/FreeRTOS/stream_buffer.o" --specs=nano.specs -mfpu=fpv4-sp-d16 -mfloat-abi=hard -mthumb -o "common/ThirdParty/FreeRTOS/stream_buffer.o"
arm-none-eabi-gcc "C:/Users/ridel/Documents/CareerDevelopment/Embedded/06FreeRTOS/MyWorkspace/common/ThirdParty/FreeRTOS/tasks.c" -mcpu=cortex-m4 -std=gnu11 -g3 -DDEBUG -DUSE_HAL_DRIVER -DSTM32F407xx -c -I../USB_HOST/App -I../USB_HOST/Target -I../Core/Inc -I../Drivers/STM32F4xx_HAL_Driver/Inc -I../Drivers/STM32F4xx_HAL_Driver/Inc/Legacy -I../Middlewares/ST/STM32_USB_Host_Library/Core/Inc -I../Middlewares/ST/STM32_USB_Host_Library/Class/CDC/Inc -I../Drivers/CMSIS/Device/ST/STM32F4xx/Include -I../Drivers/CMSIS/Include -I"C:/Users/ridel/Documents/CareerDevelopment/Embedded/06FreeRTOS/MyWorkspace/common/ThirdParty/FreeRTOS/include" -I"C:/Users/ridel/Documents/CareerDevelopment/Embedded/06FreeRTOS/MyWorkspace/common/ThirdParty/FreeRTOS/portable/GCC/ARM_CM4F" -I"C:/Users/ridel/Documents/CareerDevelopment/Embedded/06FreeRTOS/MyWorkspace/common/ThirdParty/SEGGER/Config" -I"C:/Users/ridel/Documents/CareerDevelopment/Embedded/06FreeRTOS/MyWorkspace/common/ThirdParty/SEGGER/OS" -I"C:/Users/ridel/Documents/CareerDevelopment/Embedded/06FreeRTOS/MyWorkspace/common/ThirdParty/SEGGER/SEGGER" -O0 -ffunction-sections -fdata-sections -Wall -fstack-usage -MMD -MP -MF"common/ThirdParty/FreeRTOS/tasks.d" -MT"common/ThirdParty/FreeRTOS/tasks.o" --specs=nano.specs -mfpu=fpv4-sp-d16 -mfloat-abi=hard -mthumb -o "common/ThirdParty/FreeRTOS/tasks.o"
arm-none-eabi-gcc "C:/Users/ridel/Documents/CareerDevelopment/Embedded/06FreeRTOS/MyWorkspace/common/ThirdParty/FreeRTOS/timers.c" -mcpu=cortex-m4 -std=gnu11 -g3 -DDEBUG -DUSE_HAL_DRIVER -DSTM32F407xx -c -I../USB_HOST/App -I../USB_HOST/Target -I../Core/Inc -I../Drivers/STM32F4xx_HAL_Driver/Inc -I../Drivers/STM32F4xx_HAL_Driver/Inc/Legacy -I../Middlewares/ST/STM32_USB_Host_Library/Core/Inc -I../Middlewares/ST/STM32_USB_Host_Library/Class/CDC/Inc -I../Drivers/CMSIS/Device/ST/STM32F4xx/Include -I../Drivers/CMSIS/Include -I"C:/Users/ridel/Documents/CareerDevelopment/Embedded/06FreeRTOS/MyWorkspace/common/ThirdParty/FreeRTOS/include" -I"C:/Users/ridel/Documents/CareerDevelopment/Embedded/06FreeRTOS/MyWorkspace/common/ThirdParty/FreeRTOS/portable/GCC/ARM_CM4F" -I"C:/Users/ridel/Documents/CareerDevelopment/Embedded/06FreeRTOS/MyWorkspace/common/ThirdParty/SEGGER/Config" -I"C:/Users/ridel/Documents/CareerDevelopment/Embedded/06FreeRTOS/MyWorkspace/common/ThirdParty/SEGGER/OS" -I"C:/Users/ridel/Documents/CareerDevelopment/Embedded/06FreeRTOS/MyWorkspace/common/ThirdParty/SEGGER/SEGGER" -O0 -ffunction-sections -fdata-sections -Wall -fstack-usage -MMD -MP -MF"common/ThirdParty/FreeRTOS/timers.d" -MT"common/ThirdParty/FreeRTOS/timers.o" --specs=nano.specs -mfpu=fpv4-sp-d16 -mfloat-abi=hard -mthumb -o "common/ThirdParty/FreeRTOS/timers.o"
arm-none-eabi-gcc "../Core/Src/main.c" -mcpu=cortex-m4 -std=gnu11 -g3 -DDEBUG -DUSE_HAL_DRIVER -DSTM32F407xx -c -I../USB_HOST/App -I../USB_HOST/Target -I../Core/Inc -I../Drivers/STM32F4xx_HAL_Driver/Inc -I../Drivers/STM32F4xx_HAL_Driver/Inc/Legacy -I../Middlewares/ST/STM32_USB_Host_Library/Core/Inc -I../Middlewares/ST/STM32_USB_Host_Library/Class/CDC/Inc -I../Drivers/CMSIS/Device/ST/STM32F4xx/Include -I../Drivers/CMSIS/Include -I"C:/Users/ridel/Documents/CareerDevelopment/Embedded/06FreeRTOS/MyWorkspace/common/ThirdParty/FreeRTOS/include" -I"C:/Users/ridel/Documents/CareerDevelopment/Embedded/06FreeRTOS/MyWorkspace/common/ThirdParty/FreeRTOS/portable/GCC/ARM_CM4F" -I"C:/Users/ridel/Documents/CareerDevelopment/Embedded/06FreeRTOS/MyWorkspace/common/ThirdParty/SEGGER/Config" -I"C:/Users/ridel/Documents/CareerDevelopment/Embedded/06FreeRTOS/MyWorkspace/common/ThirdParty/SEGGER/OS" -I"C:/Users/ridel/Documents/CareerDevelopment/Embedded/06FreeRTOS/MyWorkspace/common/ThirdParty/SEGGER/SEGGER" -O0 -ffunction-sections -fdata-sections -Wall -fstack-usage -MMD -MP -MF"Core/Src/main.d" -MT"Core/Src/main.o" --specs=nano.specs -mfpu=fpv4-sp-d16 -mfloat-abi=hard -mthumb -o "Core/Src/main.o"
C:/Users/ridel/Documents/CareerDevelopment/Embedded/06FreeRTOS/MyWorkspace/common/ThirdParty/FreeRTOS/tasks.c: In function 'vTaskPrioritySet':
C:/Users/ridel/Documents/CareerDevelopment/Embedded/06FreeRTOS/MyWorkspace/common/ThirdParty/FreeRTOS/tasks.c:1687:6: warning: implicit declaration of function 'prvReaddTaskToReadyList'; did you mean 'prvAddTaskToReadyList'? [-Wimplicit-function-declaration]
 1687 |      prvReaddTaskToReadyList( pxTCB );
      |      ^~~~~~~~~~~~~~~~~~~~~~~
      |      prvAddTaskToReadyList
arm-none-eabi-gcc -o "006LED_btn_isr.elf" @"objects.list"   -mcpu=cortex-m4 -T"C:\Users\ridel\Documents\CareerDevelopment\Embedded\06FreeRTOS\MyWorkspace\006LED_btn_isr\STM32F407VGTX_FLASH.ld" --specs=nosys.specs -Wl,-Map="006LED_btn_isr.map" -Wl,--gc-sections -static --specs=nano.specs -mfpu=fpv4-sp-d16 -mfloat-abi=hard -mthumb -Wl,--start-group -lc -lm -Wl,--end-group
Finished building target: 006LED_btn_isr.elf
 
arm-none-eabi-size   006LED_btn_isr.elf 
arm-none-eabi-objdump -h -S  006LED_btn_isr.elf  > "006LED_btn_isr.list"
   text	   data	    bss	    dec	    hex	filename
  27268	     36	 110116	 137420	  218cc	006LED_btn_isr.elf
Finished building: default.size.stdout
 
Finished building: 006LED_btn_isr.list
 

20:03:38 Build Finished. 0 errors, 1 warnings. (took 1s.923ms)

