20:39:23 **** Incremental Build of configuration Debug for project 001Tasks ****
make -j8 all 
arm-none-eabi-gcc "../Core/Src/main.c" -mcpu=cortex-m4 -std=gnu11 -g3 -DDEBUG -DUSE_HAL_DRIVER -DSTM32F407xx -c -I../Core/Inc -I"C:/Users/ridel/Documents/CareerDevelopment/Embedded/06FreeRTOS/MyWorkspace/001Tasks/ThirdParty/SEGGER/Config" -I"C:/Users/ridel/Documents/CareerDevelopment/Embedded/06FreeRTOS/MyWorkspace/001Tasks/ThirdParty/SEGGER/OS" -I"C:/Users/ridel/Documents/CareerDevelopment/Embedded/06FreeRTOS/MyWorkspace/001Tasks/ThirdParty/SEGGER/SEGGER" -I"C:/Users/ridel/Documents/CareerDevelopment/Embedded/06FreeRTOS/MyWorkspace/001Tasks/ThirdParty/FreeRTOS" -I"C:/Users/ridel/Documents/CareerDevelopment/Embedded/06FreeRTOS/MyWorkspace/001Tasks/ThirdParty/FreeRTOS/include" -I"C:/Users/ridel/Documents/CareerDevelopment/Embedded/06FreeRTOS/MyWorkspace/001Tasks/ThirdParty/FreeRTOS/portable/GCC/ARM_CM4F" -I../Drivers/STM32F4xx_HAL_Driver/Inc -I../Drivers/STM32F4xx_HAL_Driver/Inc/Legacy -I../Drivers/CMSIS/Device/ST/STM32F4xx/Include -I../Drivers/CMSIS/Include -O0 -ffunction-sections -fdata-sections -Wall -fstack-usage -MMD -MP -MF"Core/Src/main.d" -MT"Core/Src/main.o" --specs=nano.specs -mfpu=fpv4-sp-d16 -mfloat-abi=hard -mthumb -o "Core/Src/main.o"
arm-none-eabi-gcc -o "001Tasks.elf" @"objects.list"   -mcpu=cortex-m4 -T"C:\Users\ridel\Documents\CareerDevelopment\Embedded\06FreeRTOS\MyWorkspace\001Tasks\STM32F407VGTX_FLASH.ld" --specs=nosys.specs -Wl,-Map="001Tasks.map" -Wl,--gc-sections -static --specs=nano.specs -mfpu=fpv4-sp-d16 -mfloat-abi=hard -mthumb -Wl,--start-group -lc -lm -Wl,--end-group
Finished building target: 001Tasks.elf
 
arm-none-eabi-size   001Tasks.elf 
arm-none-eabi-objdump -h -S  001Tasks.elf  > "001Tasks.list"
   text	   data	    bss	    dec	    hex	filename
  29300	    128	 110216	 139644	  2217c	001Tasks.elf
Finished building: default.size.stdout
 
Finished building: 001Tasks.list
 
20:39:29 **** Incremental Build of configuration Debug for project 001Tasks ****
make -j8 all 
arm-none-eabi-size   001Tasks.elf 
   text	   data	    bss	    dec	    hex	filename
  29300	    128	 110216	 139644	  2217c	001Tasks.elf
Finished building: default.size.stdout
 
20:39:32 **** Incremental Build of configuration Debug for project 001Tasks ****
make -j8 all 
arm-none-eabi-size   001Tasks.elf 
   text	   data	    bss	    dec	    hex	filename
  29300	    128	 110216	 139644	  2217c	001Tasks.elf
Finished building: default.size.stdout
 
