Archive member included to satisfy reference by file (symbol)

c:/st/stm32cubeide_1.9.0/stm32cubeide/plugins/com.st.stm32cube.ide.mcu.externaltools.gnu-tools-for-stm32.10.3-2021.10.win32_1.0.0.202111181127/tools/bin/../lib/gcc/arm-none-eabi/10.3.1/../../../../arm-none-eabi/lib/thumb/v7e-m+fp/hard\libc_nano.a(lib_a-errno.o)
                              ./Core/Src/syscalls.o (__errno)
c:/st/stm32cubeide_1.9.0/stm32cubeide/plugins/com.st.stm32cube.ide.mcu.externaltools.gnu-tools-for-stm32.10.3-2021.10.win32_1.0.0.202111181127/tools/bin/../lib/gcc/arm-none-eabi/10.3.1/../../../../arm-none-eabi/lib/thumb/v7e-m+fp/hard\libc_nano.a(lib_a-exit.o)
                              c:/st/stm32cubeide_1.9.0/stm32cubeide/plugins/com.st.stm32cube.ide.mcu.externaltools.gnu-tools-for-stm32.10.3-2021.10.win32_1.0.0.202111181127/tools/bin/../lib/gcc/arm-none-eabi/10.3.1/../../../../arm-none-eabi/lib/thumb/v7e-m+fp/hard/crt0.o (exit)
c:/st/stm32cubeide_1.9.0/stm32cubeide/plugins/com.st.stm32cube.ide.mcu.externaltools.gnu-tools-for-stm32.10.3-2021.10.win32_1.0.0.202111181127/tools/bin/../lib/gcc/arm-none-eabi/10.3.1/../../../../arm-none-eabi/lib/thumb/v7e-m+fp/hard\libc_nano.a(lib_a-impure.o)
                              c:/st/stm32cubeide_1.9.0/stm32cubeide/plugins/com.st.stm32cube.ide.mcu.externaltools.gnu-tools-for-stm32.10.3-2021.10.win32_1.0.0.202111181127/tools/bin/../lib/gcc/arm-none-eabi/10.3.1/../../../../arm-none-eabi/lib/thumb/v7e-m+fp/hard\libc_nano.a(lib_a-exit.o) (_global_impure_ptr)
c:/st/stm32cubeide_1.9.0/stm32cubeide/plugins/com.st.stm32cube.ide.mcu.externaltools.gnu-tools-for-stm32.10.3-2021.10.win32_1.0.0.202111181127/tools/bin/../lib/gcc/arm-none-eabi/10.3.1/../../../../arm-none-eabi/lib/thumb/v7e-m+fp/hard\libc_nano.a(lib_a-init.o)
                              c:/st/stm32cubeide_1.9.0/stm32cubeide/plugins/com.st.stm32cube.ide.mcu.externaltools.gnu-tools-for-stm32.10.3-2021.10.win32_1.0.0.202111181127/tools/bin/../lib/gcc/arm-none-eabi/10.3.1/../../../../arm-none-eabi/lib/thumb/v7e-m+fp/hard/crt0.o (__libc_init_array)
c:/st/stm32cubeide_1.9.0/stm32cubeide/plugins/com.st.stm32cube.ide.mcu.externaltools.gnu-tools-for-stm32.10.3-2021.10.win32_1.0.0.202111181127/tools/bin/../lib/gcc/arm-none-eabi/10.3.1/../../../../arm-none-eabi/lib/thumb/v7e-m+fp/hard\libc_nano.a(lib_a-memcmp.o)
                              ./common/ThirdParty/SEGGER/OS/SEGGER_SYSVIEW_FreeRTOS.o (memcmp)
c:/st/stm32cubeide_1.9.0/stm32cubeide/plugins/com.st.stm32cube.ide.mcu.externaltools.gnu-tools-for-stm32.10.3-2021.10.win32_1.0.0.202111181127/tools/bin/../lib/gcc/arm-none-eabi/10.3.1/../../../../arm-none-eabi/lib/thumb/v7e-m+fp/hard\libc_nano.a(lib_a-memcpy-stub.o)
                              ./common/ThirdParty/FreeRTOS/queue.o (memcpy)
c:/st/stm32cubeide_1.9.0/stm32cubeide/plugins/com.st.stm32cube.ide.mcu.externaltools.gnu-tools-for-stm32.10.3-2021.10.win32_1.0.0.202111181127/tools/bin/../lib/gcc/arm-none-eabi/10.3.1/../../../../arm-none-eabi/lib/thumb/v7e-m+fp/hard\libc_nano.a(lib_a-memset.o)
                              c:/st/stm32cubeide_1.9.0/stm32cubeide/plugins/com.st.stm32cube.ide.mcu.externaltools.gnu-tools-for-stm32.10.3-2021.10.win32_1.0.0.202111181127/tools/bin/../lib/gcc/arm-none-eabi/10.3.1/../../../../arm-none-eabi/lib/thumb/v7e-m+fp/hard/crt0.o (memset)
c:/st/stm32cubeide_1.9.0/stm32cubeide/plugins/com.st.stm32cube.ide.mcu.externaltools.gnu-tools-for-stm32.10.3-2021.10.win32_1.0.0.202111181127/tools/bin/../lib/gcc/arm-none-eabi/10.3.1/../../../../arm-none-eabi/lib/thumb/v7e-m+fp/hard\libc_nano.a(lib_a-strlen.o)
                              ./common/ThirdParty/FreeRTOS/tasks.o (strlen)
c:/st/stm32cubeide_1.9.0/stm32cubeide/plugins/com.st.stm32cube.ide.mcu.externaltools.gnu-tools-for-stm32.10.3-2021.10.win32_1.0.0.202111181127/tools/bin/../lib/gcc/arm-none-eabi/10.3.1/thumb/v7e-m+fp/hard\libgcc.a(_aeabi_uldivmod.o)
                              ./Drivers/STM32F4xx_HAL_Driver/Src/stm32f4xx_hal_rcc.o (__aeabi_uldivmod)
c:/st/stm32cubeide_1.9.0/stm32cubeide/plugins/com.st.stm32cube.ide.mcu.externaltools.gnu-tools-for-stm32.10.3-2021.10.win32_1.0.0.202111181127/tools/bin/../lib/gcc/arm-none-eabi/10.3.1/thumb/v7e-m+fp/hard\libgcc.a(_udivmoddi4.o)
                              c:/st/stm32cubeide_1.9.0/stm32cubeide/plugins/com.st.stm32cube.ide.mcu.externaltools.gnu-tools-for-stm32.10.3-2021.10.win32_1.0.0.202111181127/tools/bin/../lib/gcc/arm-none-eabi/10.3.1/thumb/v7e-m+fp/hard\libgcc.a(_aeabi_uldivmod.o) (__udivmoddi4)
c:/st/stm32cubeide_1.9.0/stm32cubeide/plugins/com.st.stm32cube.ide.mcu.externaltools.gnu-tools-for-stm32.10.3-2021.10.win32_1.0.0.202111181127/tools/bin/../lib/gcc/arm-none-eabi/10.3.1/thumb/v7e-m+fp/hard\libgcc.a(_dvmd_tls.o)
                              c:/st/stm32cubeide_1.9.0/stm32cubeide/plugins/com.st.stm32cube.ide.mcu.externaltools.gnu-tools-for-stm32.10.3-2021.10.win32_1.0.0.202111181127/tools/bin/../lib/gcc/arm-none-eabi/10.3.1/thumb/v7e-m+fp/hard\libgcc.a(_aeabi_uldivmod.o) (__aeabi_ldiv0)

[...]
Memory Configuration

Name             Origin             Length             Attributes
CCMRAM           0x0000000010000000 0x0000000000010000 xrw
RAM              0x0000000020000000 0x0000000000020000 xrw
FLASH            0x0000000008000000 0x0000000000100000 xr
*default*        0x0000000000000000 0xffffffffffffffff

Linker script and memory map

LOAD c:/st/stm32cubeide_1.9.0/stm32cubeide/plugins/com.st.stm32cube.ide.mcu.externaltools.gnu-tools-for-stm32.10.3-2021.10.win32_1.0.0.202111181127/tools/bin/../lib/gcc/arm-none-eabi/10.3.1/thumb/v7e-m+fp/hard/crti.o
LOAD c:/st/stm32cubeide_1.9.0/stm32cubeide/plugins/com.st.stm32cube.ide.mcu.externaltools.gnu-tools-for-stm32.10.3-2021.10.win32_1.0.0.202111181127/tools/bin/../lib/gcc/arm-none-eabi/10.3.1/thumb/v7e-m+fp/hard/crtbegin.o
LOAD c:/st/stm32cubeide_1.9.0/stm32cubeide/plugins/com.st.stm32cube.ide.mcu.externaltools.gnu-tools-for-stm32.10.3-2021.10.win32_1.0.0.202111181127/tools/bin/../lib/gcc/arm-none-eabi/10.3.1/../../../../arm-none-eabi/lib/thumb/v7e-m+fp/hard/crt0.o
LOAD ./Core/Src/main.o
LOAD ./Core/Src/stm32f4xx_hal_msp.o
LOAD ./Core/Src/stm32f4xx_hal_timebase_tim.o
LOAD ./Core/Src/stm32f4xx_it.o
LOAD ./Core/Src/syscalls.o
LOAD ./Core/Src/sysmem.o
LOAD ./Core/Src/system_stm32f4xx.o
LOAD ./Core/Startup/startup_stm32f407vgtx.o
LOAD ./Drivers/STM32F4xx_HAL_Driver/Src/stm32f4xx_hal.o
LOAD ./Drivers/STM32F4xx_HAL_Driver/Src/stm32f4xx_hal_cortex.o
LOAD ./Drivers/STM32F4xx_HAL_Driver/Src/stm32f4xx_hal_dma.o
LOAD ./Drivers/STM32F4xx_HAL_Driver/Src/stm32f4xx_hal_dma_ex.o
LOAD ./Drivers/STM32F4xx_HAL_Driver/Src/stm32f4xx_hal_exti.o
LOAD ./Drivers/STM32F4xx_HAL_Driver/Src/stm32f4xx_hal_flash.o
LOAD ./Drivers/STM32F4xx_HAL_Driver/Src/stm32f4xx_hal_flash_ex.o
LOAD ./Drivers/STM32F4xx_HAL_Driver/Src/stm32f4xx_hal_flash_ramfunc.o
LOAD ./Drivers/STM32F4xx_HAL_Driver/Src/stm32f4xx_hal_gpio.o
LOAD ./Drivers/STM32F4xx_HAL_Driver/Src/stm32f4xx_hal_pwr.o
LOAD ./Drivers/STM32F4xx_HAL_Driver/Src/stm32f4xx_hal_pwr_ex.o
LOAD ./Drivers/STM32F4xx_HAL_Driver/Src/stm32f4xx_hal_rcc.o
LOAD ./Drivers/STM32F4xx_HAL_Driver/Src/stm32f4xx_hal_rcc_ex.o
LOAD ./Drivers/STM32F4xx_HAL_Driver/Src/stm32f4xx_hal_tim.o
LOAD ./Drivers/STM32F4xx_HAL_Driver/Src/stm32f4xx_hal_tim_ex.o
LOAD ./common/ThirdParty/FreeRTOS/croutine.o
LOAD ./common/ThirdParty/FreeRTOS/event_groups.o
LOAD ./common/ThirdParty/FreeRTOS/list.o
LOAD ./common/ThirdParty/FreeRTOS/queue.o
LOAD ./common/ThirdParty/FreeRTOS/stream_buffer.o
LOAD ./common/ThirdParty/FreeRTOS/tasks.o
LOAD ./common/ThirdParty/FreeRTOS/timers.o
LOAD ./common/ThirdParty/FreeRTOS/portable/GCC/ARM_CM4F/port.o
LOAD ./common/ThirdParty/FreeRTOS/portable/MemMang/heap_4.o
LOAD ./common/ThirdParty/SEGGER/Config/SEGGER_SYSVIEW_Config_FreeRTOS.o
LOAD ./common/ThirdParty/SEGGER/OS/SEGGER_SYSVIEW_FreeRTOS.o
LOAD ./common/ThirdParty/SEGGER/Rec/segger_uart.o
LOAD ./common/ThirdParty/SEGGER/SEGGER/SEGGER_RTT.o
LOAD ./common/ThirdParty/SEGGER/SEGGER/SEGGER_RTT_ASM_ARMv7M.o
LOAD ./common/ThirdParty/SEGGER/SEGGER/SEGGER_RTT_printf.o
LOAD ./common/ThirdParty/SEGGER/SEGGER/SEGGER_SYSVIEW.o
LOAD ./common/ThirdParty/SEGGER/SEGGER/Syscalls/SEGGER_RTT_Syscalls_GCC.o
START GROUP
LOAD c:/st/stm32cubeide_1.9.0/stm32cubeide/plugins/com.st.stm32cube.ide.mcu.externaltools.gnu-tools-for-stm32.10.3-2021.10.win32_1.0.0.202111181127/tools/bin/../lib/gcc/arm-none-eabi/10.3.1/../../../../arm-none-eabi/lib/thumb/v7e-m+fp/hard\libc_nano.a
LOAD c:/st/stm32cubeide_1.9.0/stm32cubeide/plugins/com.st.stm32cube.ide.mcu.externaltools.gnu-tools-for-stm32.10.3-2021.10.win32_1.0.0.202111181127/tools/bin/../lib/gcc/arm-none-eabi/10.3.1/../../../../arm-none-eabi/lib/thumb/v7e-m+fp/hard\libm.a
END GROUP
START GROUP
LOAD c:/st/stm32cubeide_1.9.0/stm32cubeide/plugins/com.st.stm32cube.ide.mcu.externaltools.gnu-tools-for-stm32.10.3-2021.10.win32_1.0.0.202111181127/tools/bin/../lib/gcc/arm-none-eabi/10.3.1/thumb/v7e-m+fp/hard\libgcc.a
LOAD c:/st/stm32cubeide_1.9.0/stm32cubeide/plugins/com.st.stm32cube.ide.mcu.externaltools.gnu-tools-for-stm32.10.3-2021.10.win32_1.0.0.202111181127/tools/bin/../lib/gcc/arm-none-eabi/10.3.1/../../../../arm-none-eabi/lib/thumb/v7e-m+fp/hard\libc_nano.a
END GROUP
START GROUP
LOAD c:/st/stm32cubeide_1.9.0/stm32cubeide/plugins/com.st.stm32cube.ide.mcu.externaltools.gnu-tools-for-stm32.10.3-2021.10.win32_1.0.0.202111181127/tools/bin/../lib/gcc/arm-none-eabi/10.3.1/thumb/v7e-m+fp/hard\libgcc.a
LOAD c:/st/stm32cubeide_1.9.0/stm32cubeide/plugins/com.st.stm32cube.ide.mcu.externaltools.gnu-tools-for-stm32.10.3-2021.10.win32_1.0.0.202111181127/tools/bin/../lib/gcc/arm-none-eabi/10.3.1/../../../../arm-none-eabi/lib/thumb/v7e-m+fp/hard\libc_nano.a
LOAD c:/st/stm32cubeide_1.9.0/stm32cubeide/plugins/com.st.stm32cube.ide.mcu.externaltools.gnu-tools-for-stm32.10.3-2021.10.win32_1.0.0.202111181127/tools/bin/../lib/gcc/arm-none-eabi/10.3.1/../../../../arm-none-eabi/lib/thumb/v7e-m+fp/hard\libnosys.a
END GROUP
START GROUP
LOAD c:/st/stm32cubeide_1.9.0/stm32cubeide/plugins/com.st.stm32cube.ide.mcu.externaltools.gnu-tools-for-stm32.10.3-2021.10.win32_1.0.0.202111181127/tools/bin/../lib/gcc/arm-none-eabi/10.3.1/thumb/v7e-m+fp/hard\libgcc.a
LOAD c:/st/stm32cubeide_1.9.0/stm32cubeide/plugins/com.st.stm32cube.ide.mcu.externaltools.gnu-tools-for-stm32.10.3-2021.10.win32_1.0.0.202111181127/tools/bin/../lib/gcc/arm-none-eabi/10.3.1/../../../../arm-none-eabi/lib/thumb/v7e-m+fp/hard\libc_nano.a
LOAD c:/st/stm32cubeide_1.9.0/stm32cubeide/plugins/com.st.stm32cube.ide.mcu.externaltools.gnu-tools-for-stm32.10.3-2021.10.win32_1.0.0.202111181127/tools/bin/../lib/gcc/arm-none-eabi/10.3.1/../../../../arm-none-eabi/lib/thumb/v7e-m+fp/hard\libnosys.a
END GROUP
LOAD c:/st/stm32cubeide_1.9.0/stm32cubeide/plugins/com.st.stm32cube.ide.mcu.externaltools.gnu-tools-for-stm32.10.3-2021.10.win32_1.0.0.202111181127/tools/bin/../lib/gcc/arm-none-eabi/10.3.1/thumb/v7e-m+fp/hard/crtend.o
LOAD c:/st/stm32cubeide_1.9.0/stm32cubeide/plugins/com.st.stm32cube.ide.mcu.externaltools.gnu-tools-for-stm32.10.3-2021.10.win32_1.0.0.202111181127/tools/bin/../lib/gcc/arm-none-eabi/10.3.1/thumb/v7e-m+fp/hard/crtn.o
                0x0000000020020000                _estack = (ORIGIN (RAM) + LENGTH (RAM))
                0x0000000000000200                _Min_Heap_Size = 0x200
                0x0000000000000400                _Min_Stack_Size = 0x400

.isr_vector     0x0000000008000000      0x188
                0x0000000008000000                . = ALIGN (0x4)
 *(.isr_vector)
 .isr_vector    0x0000000008000000      0x188 ./Core/Startup/startup_stm32f407vgtx.o
                0x0000000008000000                g_pfnVectors
                0x0000000008000188                . = ALIGN (0x4)

.text           0x0000000008000190     0x578c
                0x0000000008000190                . = ALIGN (0x4)
 *(.text)
 .text          0x0000000008000190       0x40 c:/st/stm32cubeide_1.9.0/stm32cubeide/plugins/com.st.stm32cube.ide.mcu.externaltools.gnu-tools-for-stm32.10.3-2021.10.win32_1.0.0.202111181127/tools/bin/../lib/gcc/arm-none-eabi/10.3.1/thumb/v7e-m+fp/hard/crtbegin.o
 .text          0x00000000080001d0       0x94 ./common/ThirdParty/SEGGER/SEGGER/SEGGER_RTT_ASM_ARMv7M.o
                0x00000000080001d0                SEGGER_RTT_ASM_WriteSkipNoLock
 .text          0x0000000008000264       0x10 c:/st/stm32cubeide_1.9.0/stm32cubeide/plugins/com.st.stm32cube.ide.mcu.externaltools.gnu-tools-for-stm32.10.3-2021.10.win32_1.0.0.202111181127/tools/bin/../lib/gcc/arm-none-eabi/10.3.1/../../../../arm-none-eabi/lib/thumb/v7e-m+fp/hard\libc_nano.a(lib_a-strlen.o)
                0x0000000008000264                strlen
 .text          0x0000000008000274       0x30 c:/st/stm32cubeide_1.9.0/stm32cubeide/plugins/com.st.stm32cube.ide.mcu.externaltools.gnu-tools-for-stm32.10.3-2021.10.win32_1.0.0.202111181127/tools/bin/../lib/gcc/arm-none-eabi/10.3.1/thumb/v7e-m+fp/hard\libgcc.a(_aeabi_uldivmod.o)
                0x0000000008000274                __aeabi_uldivmod
 .text          0x00000000080002a4      0x2d0 c:/st/stm32cubeide_1.9.0/stm32cubeide/plugins/com.st.stm32cube.ide.mcu.externaltools.gnu-tools-for-stm32.10.3-2021.10.win32_1.0.0.202111181127/tools/bin/../lib/gcc/arm-none-eabi/10.3.1/thumb/v7e-m+fp/hard\libgcc.a(_udivmoddi4.o)
                0x00000000080002a4                __udivmoddi4
 .text          0x0000000008000574        0x4 c:/st/stm32cubeide_1.9.0/stm32cubeide/plugins/com.st.stm32cube.ide.mcu.externaltools.gnu-tools-for-stm32.10.3-2021.10.win32_1.0.0.202111181127/tools/bin/../lib/gcc/arm-none-eabi/10.3.1/thumb/v7e-m+fp/hard\libgcc.a(_dvmd_tls.o)
                0x0000000008000574                __aeabi_idiv0
                0x0000000008000574                __aeabi_ldiv0
 *(.text*)
 .text.main     0x0000000008000578       0xb0 ./Core/Src/main.o
                0x0000000008000578                main
 .text.SystemClock_Config
                0x0000000008000628       0xd4 ./Core/Src/main.o
                0x0000000008000628                SystemClock_Config
 .text.MX_GPIO_Init
                0x00000000080006fc      0x2cc ./Core/Src/main.o
 .text.switch_priority
                0x00000000080009c8       0x90 ./Core/Src/main.o
                0x00000000080009c8                switch_priority
 .text.task1_handler
                0x0000000008000a58       0x24 ./Core/Src/main.o
 .text.task2_handler
                0x0000000008000a7c       0x24 ./Core/Src/main.o
 .text.button_interrupt_handler
                0x0000000008000aa0       0x1c ./Core/Src/main.o
                0x0000000008000aa0                button_interrupt_handler
 .text.HAL_TIM_PeriodElapsedCallback
                0x0000000008000abc       0x24 ./Core/Src/main.o
                0x0000000008000abc                HAL_TIM_PeriodElapsedCallback
 .text.Error_Handler
                0x0000000008000ae0        0xe ./Core/Src/main.o
                0x0000000008000ae0                Error_Handler
 *fill*         0x0000000008000aee        0x2 
 .text.HAL_MspInit
                0x0000000008000af0       0x50 ./Core/Src/stm32f4xx_hal_msp.o
                0x0000000008000af0                HAL_MspInit
 .text.HAL_InitTick
                0x0000000008000b40       0xb4 ./Core/Src/stm32f4xx_hal_timebase_tim.o
                0x0000000008000b40                HAL_InitTick
 .text.NMI_Handler
                0x0000000008000bf4        0xe ./Core/Src/stm32f4xx_it.o
                0x0000000008000bf4                NMI_Handler
 .text.HardFault_Handler
                0x0000000008000c02        0x6 ./Core/Src/stm32f4xx_it.o
                0x0000000008000c02                HardFault_Handler
 .text.MemManage_Handler
                0x0000000008000c08        0x6 ./Core/Src/stm32f4xx_it.o
                0x0000000008000c08                MemManage_Handler
 .text.BusFault_Handler
                0x0000000008000c0e        0x6 ./Core/Src/stm32f4xx_it.o
                0x0000000008000c0e                BusFault_Handler
 .text.UsageFault_Handler
                0x0000000008000c14        0x6 ./Core/Src/stm32f4xx_it.o
                0x0000000008000c14                UsageFault_Handler
 .text.EXTI0_IRQHandler
                0x0000000008000c1a       0x12 ./Core/Src/stm32f4xx_it.o
                0x0000000008000c1a                EXTI0_IRQHandler
 .text.TIM6_DAC_IRQHandler
                0x0000000008000c2c       0x14 ./Core/Src/stm32f4xx_it.o
                0x0000000008000c2c                TIM6_DAC_IRQHandler
 .text.SystemInit
                0x0000000008000c40       0x24 ./Core/Src/system_stm32f4xx.o
                0x0000000008000c40                SystemInit
 .text.Reset_Handler
                0x0000000008000c64       0x50 ./Core/Startup/startup_stm32f407vgtx.o
                0x0000000008000c64                Reset_Handler
 .text.Default_Handler
                0x0000000008000cb4        0x2 ./Core/Startup/startup_stm32f407vgtx.o
                0x0000000008000cb4                RTC_Alarm_IRQHandler
                0x0000000008000cb4                HASH_RNG_IRQHandler
                0x0000000008000cb4                EXTI2_IRQHandler
                0x0000000008000cb4                TIM8_CC_IRQHandler
                0x0000000008000cb4                DebugMon_Handler
                0x0000000008000cb4                TIM1_CC_IRQHandler
                0x0000000008000cb4                DMA2_Stream5_IRQHandler
                0x0000000008000cb4                DMA1_Stream5_IRQHandler
                0x0000000008000cb4                PVD_IRQHandler
                0x0000000008000cb4                SDIO_IRQHandler
                0x0000000008000cb4                TAMP_STAMP_IRQHandler
                0x0000000008000cb4                CAN2_RX1_IRQHandler
                0x0000000008000cb4                EXTI3_IRQHandler
                0x0000000008000cb4                TIM8_TRG_COM_TIM14_IRQHandler
                0x0000000008000cb4                TIM1_UP_TIM10_IRQHandler
                0x0000000008000cb4                TIM8_UP_TIM13_IRQHandler
                0x0000000008000cb4                I2C3_ER_IRQHandler
                0x0000000008000cb4                I2C2_EV_IRQHandler
                0x0000000008000cb4                DMA1_Stream2_IRQHandler
                0x0000000008000cb4                CAN1_RX0_IRQHandler
                0x0000000008000cb4                FPU_IRQHandler
                0x0000000008000cb4                OTG_HS_WKUP_IRQHandler
                0x0000000008000cb4                CAN2_SCE_IRQHandler
                0x0000000008000cb4                DMA2_Stream2_IRQHandler
                0x0000000008000cb4                SPI1_IRQHandler
                0x0000000008000cb4                TIM1_BRK_TIM9_IRQHandler
                0x0000000008000cb4                DCMI_IRQHandler
                0x0000000008000cb4                CAN2_RX0_IRQHandler
                0x0000000008000cb4                DMA2_Stream3_IRQHandler
                0x0000000008000cb4                USART6_IRQHandler
                0x0000000008000cb4                USART3_IRQHandler
                0x0000000008000cb4                CAN1_RX1_IRQHandler
                0x0000000008000cb4                UART5_IRQHandler
                0x0000000008000cb4                DMA2_Stream0_IRQHandler
                0x0000000008000cb4                TIM4_IRQHandler
                0x0000000008000cb4                I2C1_EV_IRQHandler
                0x0000000008000cb4                DMA1_Stream6_IRQHandler
                0x0000000008000cb4                DMA1_Stream1_IRQHandler
                0x0000000008000cb4                UART4_IRQHandler
                0x0000000008000cb4                TIM3_IRQHandler
                0x0000000008000cb4                RCC_IRQHandler
                0x0000000008000cb4                TIM8_BRK_TIM12_IRQHandler
                0x0000000008000cb4                Default_Handler
                0x0000000008000cb4                EXTI15_10_IRQHandler
                0x0000000008000cb4                ADC_IRQHandler
                0x0000000008000cb4                DMA1_Stream7_IRQHandler
                0x0000000008000cb4                TIM7_IRQHandler
                0x0000000008000cb4                CAN2_TX_IRQHandler
                0x0000000008000cb4                TIM5_IRQHandler
                0x0000000008000cb4                DMA2_Stream7_IRQHandler
                0x0000000008000cb4                I2C3_EV_IRQHandler
                0x0000000008000cb4                EXTI9_5_IRQHandler
                0x0000000008000cb4                RTC_WKUP_IRQHandler
                0x0000000008000cb4                ETH_WKUP_IRQHandler
                0x0000000008000cb4                SPI2_IRQHandler
                0x0000000008000cb4                OTG_HS_EP1_IN_IRQHandler
                0x0000000008000cb4                DMA1_Stream0_IRQHandler
                0x0000000008000cb4                CAN1_TX_IRQHandler
                0x0000000008000cb4                EXTI4_IRQHandler
                0x0000000008000cb4                FSMC_IRQHandler
                0x0000000008000cb4                ETH_IRQHandler
                0x0000000008000cb4                OTG_HS_EP1_OUT_IRQHandler
                0x0000000008000cb4                WWDG_IRQHandler
                0x0000000008000cb4                TIM2_IRQHandler
                0x0000000008000cb4                OTG_FS_WKUP_IRQHandler
                0x0000000008000cb4                TIM1_TRG_COM_TIM11_IRQHandler
                0x0000000008000cb4                OTG_HS_IRQHandler
                0x0000000008000cb4                EXTI1_IRQHandler
                0x0000000008000cb4                I2C2_ER_IRQHandler
                0x0000000008000cb4                DMA2_Stream1_IRQHandler
                0x0000000008000cb4                CAN1_SCE_IRQHandler
                0x0000000008000cb4                FLASH_IRQHandler
                0x0000000008000cb4                DMA2_Stream4_IRQHandler
                0x0000000008000cb4                USART1_IRQHandler
                0x0000000008000cb4                OTG_FS_IRQHandler
                0x0000000008000cb4                SPI3_IRQHandler
                0x0000000008000cb4                DMA1_Stream4_IRQHandler
                0x0000000008000cb4                I2C1_ER_IRQHandler
                0x0000000008000cb4                DMA2_Stream6_IRQHandler
                0x0000000008000cb4                DMA1_Stream3_IRQHandler
 *fill*         0x0000000008000cb6        0x2 
 .text.HAL_Init
                0x0000000008000cb8       0x44 ./Drivers/STM32F4xx_HAL_Driver/Src/stm32f4xx_hal.o
                0x0000000008000cb8                HAL_Init
 .text.HAL_IncTick
                0x0000000008000cfc       0x28 ./Drivers/STM32F4xx_HAL_Driver/Src/stm32f4xx_hal.o
                0x0000000008000cfc                HAL_IncTick
 .text.HAL_GetTick
                0x0000000008000d24       0x18 ./Drivers/STM32F4xx_HAL_Driver/Src/stm32f4xx_hal.o
                0x0000000008000d24                HAL_GetTick
 .text.HAL_Delay
                0x0000000008000d3c       0x48 ./Drivers/STM32F4xx_HAL_Driver/Src/stm32f4xx_hal.o
                0x0000000008000d3c                HAL_Delay
 .text.__NVIC_SetPriorityGrouping
                0x0000000008000d84       0x48 ./Drivers/STM32F4xx_HAL_Driver/Src/stm32f4xx_hal_cortex.o
 .text.__NVIC_GetPriorityGrouping
                0x0000000008000dcc       0x1c ./Drivers/STM32F4xx_HAL_Driver/Src/stm32f4xx_hal_cortex.o
 .text.__NVIC_EnableIRQ
                0x0000000008000de8       0x3c ./Drivers/STM32F4xx_HAL_Driver/Src/stm32f4xx_hal_cortex.o
 .text.__NVIC_SetPriority
                0x0000000008000e24       0x54 ./Drivers/STM32F4xx_HAL_Driver/Src/stm32f4xx_hal_cortex.o
 .text.NVIC_EncodePriority
                0x0000000008000e78       0x66 ./Drivers/STM32F4xx_HAL_Driver/Src/stm32f4xx_hal_cortex.o
 .text.HAL_NVIC_SetPriorityGrouping
                0x0000000008000ede       0x16 ./Drivers/STM32F4xx_HAL_Driver/Src/stm32f4xx_hal_cortex.o
                0x0000000008000ede                HAL_NVIC_SetPriorityGrouping
 .text.HAL_NVIC_SetPriority
                0x0000000008000ef4       0x38 ./Drivers/STM32F4xx_HAL_Driver/Src/stm32f4xx_hal_cortex.o
                0x0000000008000ef4                HAL_NVIC_SetPriority
 .text.HAL_NVIC_EnableIRQ
                0x0000000008000f2c       0x1c ./Drivers/STM32F4xx_HAL_Driver/Src/stm32f4xx_hal_cortex.o
                0x0000000008000f2c                HAL_NVIC_EnableIRQ
 .text.HAL_GPIO_Init
                0x0000000008000f48      0x338 ./Drivers/STM32F4xx_HAL_Driver/Src/stm32f4xx_hal_gpio.o
                0x0000000008000f48                HAL_GPIO_Init
 .text.HAL_GPIO_WritePin
                0x0000000008001280       0x32 ./Drivers/STM32F4xx_HAL_Driver/Src/stm32f4xx_hal_gpio.o
                0x0000000008001280                HAL_GPIO_WritePin
 .text.HAL_GPIO_TogglePin
                0x00000000080012b2       0x34 ./Drivers/STM32F4xx_HAL_Driver/Src/stm32f4xx_hal_gpio.o
                0x00000000080012b2                HAL_GPIO_TogglePin
 *fill*         0x00000000080012e6        0x2 
 .text.HAL_GPIO_EXTI_IRQHandler
                0x00000000080012e8       0x30 ./Drivers/STM32F4xx_HAL_Driver/Src/stm32f4xx_hal_gpio.o
                0x00000000080012e8                HAL_GPIO_EXTI_IRQHandler
 .text.HAL_GPIO_EXTI_Callback
                0x0000000008001318       0x16 ./Drivers/STM32F4xx_HAL_Driver/Src/stm32f4xx_hal_gpio.o
                0x0000000008001318                HAL_GPIO_EXTI_Callback
 *fill*         0x000000000800132e        0x2 
 .text.HAL_RCC_OscConfig
                0x0000000008001330      0x4f0 ./Drivers/STM32F4xx_HAL_Driver/Src/stm32f4xx_hal_rcc.o
                0x0000000008001330                HAL_RCC_OscConfig
 .text.HAL_RCC_ClockConfig
                0x0000000008001820      0x1cc ./Drivers/STM32F4xx_HAL_Driver/Src/stm32f4xx_hal_rcc.o
                0x0000000008001820                HAL_RCC_ClockConfig
 .text.HAL_RCC_GetSysClockFreq
                0x00000000080019ec      0x20c ./Drivers/STM32F4xx_HAL_Driver/Src/stm32f4xx_hal_rcc.o
                0x00000000080019ec                HAL_RCC_GetSysClockFreq
 .text.HAL_RCC_GetHCLKFreq
                0x0000000008001bf8       0x18 ./Drivers/STM32F4xx_HAL_Driver/Src/stm32f4xx_hal_rcc.o
                0x0000000008001bf8                HAL_RCC_GetHCLKFreq
 .text.HAL_RCC_GetPCLK1Freq
                0x0000000008001c10       0x28 ./Drivers/STM32F4xx_HAL_Driver/Src/stm32f4xx_hal_rcc.o
                0x0000000008001c10                HAL_RCC_GetPCLK1Freq
 .text.HAL_RCC_GetClockConfig
                0x0000000008001c38       0x64 ./Drivers/STM32F4xx_HAL_Driver/Src/stm32f4xx_hal_rcc.o
                0x0000000008001c38                HAL_RCC_GetClockConfig
 .text.HAL_TIM_Base_Init
                0x0000000008001c9c       0x9e ./Drivers/STM32F4xx_HAL_Driver/Src/stm32f4xx_hal_tim.o
                0x0000000008001c9c                HAL_TIM_Base_Init
 .text.HAL_TIM_Base_MspInit
                0x0000000008001d3a       0x14 ./Drivers/STM32F4xx_HAL_Driver/Src/stm32f4xx_hal_tim.o
                0x0000000008001d3a                HAL_TIM_Base_MspInit
 *fill*         0x0000000008001d4e        0x2 
 .text.HAL_TIM_Base_Start_IT
                0x0000000008001d50       0xe0 ./Drivers/STM32F4xx_HAL_Driver/Src/stm32f4xx_hal_tim.o
                0x0000000008001d50                HAL_TIM_Base_Start_IT
 .text.HAL_TIM_IRQHandler
                0x0000000008001e30      0x210 ./Drivers/STM32F4xx_HAL_Driver/Src/stm32f4xx_hal_tim.o
                0x0000000008001e30                HAL_TIM_IRQHandler
 .text.HAL_TIM_OC_DelayElapsedCallback
                0x0000000008002040       0x14 ./Drivers/STM32F4xx_HAL_Driver/Src/stm32f4xx_hal_tim.o
                0x0000000008002040                HAL_TIM_OC_DelayElapsedCallback
 .text.HAL_TIM_IC_CaptureCallback
                0x0000000008002054       0x14 ./Drivers/STM32F4xx_HAL_Driver/Src/stm32f4xx_hal_tim.o
                0x0000000008002054                HAL_TIM_IC_CaptureCallback
 .text.HAL_TIM_PWM_PulseFinishedCallback
                0x0000000008002068       0x14 ./Drivers/STM32F4xx_HAL_Driver/Src/stm32f4xx_hal_tim.o
                0x0000000008002068                HAL_TIM_PWM_PulseFinishedCallback
 .text.HAL_TIM_TriggerCallback
                0x000000000800207c       0x14 ./Drivers/STM32F4xx_HAL_Driver/Src/stm32f4xx_hal_tim.o
                0x000000000800207c                HAL_TIM_TriggerCallback
 .text.TIM_Base_SetConfig
                0x0000000008002090      0x140 ./Drivers/STM32F4xx_HAL_Driver/Src/stm32f4xx_hal_tim.o
                0x0000000008002090                TIM_Base_SetConfig
 .text.HAL_TIMEx_CommutCallback
                0x00000000080021d0       0x14 ./Drivers/STM32F4xx_HAL_Driver/Src/stm32f4xx_hal_tim_ex.o
                0x00000000080021d0                HAL_TIMEx_CommutCallback
 .text.HAL_TIMEx_BreakCallback
                0x00000000080021e4       0x14 ./Drivers/STM32F4xx_HAL_Driver/Src/stm32f4xx_hal_tim_ex.o
                0x00000000080021e4                HAL_TIMEx_BreakCallback
 .text.vListInitialise
                0x00000000080021f8       0x40 ./common/ThirdParty/FreeRTOS/list.o
                0x00000000080021f8                vListInitialise
 .text.vListInitialiseItem
                0x0000000008002238       0x1a ./common/ThirdParty/FreeRTOS/list.o
                0x0000000008002238                vListInitialiseItem
 .text.uxListRemove
                0x0000000008002252       0x54 ./common/ThirdParty/FreeRTOS/list.o
                0x0000000008002252                uxListRemove
 .text.xTaskCreate
                0x00000000080022a6       0x82 ./common/ThirdParty/FreeRTOS/tasks.o
                0x00000000080022a6                xTaskCreate
 .text.prvInitialiseNewTask
                0x0000000008002328      0x148 ./common/ThirdParty/FreeRTOS/tasks.o
 .text.prvAddNewTaskToReadyList
                0x0000000008002470      0x168 ./common/ThirdParty/FreeRTOS/tasks.o
 .text.uxTaskPriorityGet
                0x00000000080025d8       0x34 ./common/ThirdParty/FreeRTOS/tasks.o
                0x00000000080025d8                uxTaskPriorityGet
 .text.vTaskPrioritySet
                0x000000000800260c      0x158 ./common/ThirdParty/FreeRTOS/tasks.o
                0x000000000800260c                vTaskPrioritySet
 .text.vTaskStartScheduler
                0x0000000008002764       0xb8 ./common/ThirdParty/FreeRTOS/tasks.o
                0x0000000008002764                vTaskStartScheduler
 .text.vTaskSuspendAll
                0x000000000800281c       0x1c ./common/ThirdParty/FreeRTOS/tasks.o
                0x000000000800281c                vTaskSuspendAll
 .text.xTaskResumeAll
                0x0000000008002838      0x200 ./common/ThirdParty/FreeRTOS/tasks.o
                0x0000000008002838                xTaskResumeAll
 .text.xTaskGetTickCountFromISR
                0x0000000008002a38       0x24 ./common/ThirdParty/FreeRTOS/tasks.o
                0x0000000008002a38                xTaskGetTickCountFromISR
 .text.prvSearchForNameWithinSingleList
                0x0000000008002a5c       0xdc ./common/ThirdParty/FreeRTOS/tasks.o
 .text.xTaskGetHandle
                0x0000000008002b38       0xcc ./common/ThirdParty/FreeRTOS/tasks.o
                0x0000000008002b38                xTaskGetHandle
 .text.xTaskIncrementTick
                0x0000000008002c04      0x234 ./common/ThirdParty/FreeRTOS/tasks.o
                0x0000000008002c04                xTaskIncrementTick
 .text.vTaskSwitchContext
                0x0000000008002e38       0xd4 ./common/ThirdParty/FreeRTOS/tasks.o
                0x0000000008002e38                vTaskSwitchContext
 .text.prvIdleTask
                0x0000000008002f0c       0x30 ./common/ThirdParty/FreeRTOS/tasks.o
 .text.prvInitialiseTaskLists
                0x0000000008002f3c       0x80 ./common/ThirdParty/FreeRTOS/tasks.o
 .text.prvCheckTasksWaitingTermination
                0x0000000008002fbc       0x5c ./common/ThirdParty/FreeRTOS/tasks.o
 .text.prvDeleteTCB
                0x0000000008003018       0x20 ./common/ThirdParty/FreeRTOS/tasks.o
 .text.prvResetNextTaskUnblockTime
                0x0000000008003038       0x38 ./common/ThirdParty/FreeRTOS/tasks.o
 .text.xTaskGetCurrentTaskHandle
                0x0000000008003070       0x20 ./common/ThirdParty/FreeRTOS/tasks.o
                0x0000000008003070                xTaskGetCurrentTaskHandle
 .text.pxPortInitialiseStack
                0x0000000008003090       0x68 ./common/ThirdParty/FreeRTOS/portable/GCC/ARM_CM4F/port.o
                0x0000000008003090                pxPortInitialiseStack
 .text.prvTaskExitError
                0x00000000080030f8       0x58 ./common/ThirdParty/FreeRTOS/portable/GCC/ARM_CM4F/port.o
 .text.SVC_Handler
                0x0000000008003150       0x28 ./common/ThirdParty/FreeRTOS/portable/GCC/ARM_CM4F/port.o
                0x0000000008003150                SVC_Handler
 .text.prvPortStartFirstTask
                0x0000000008003178       0x2c ./common/ThirdParty/FreeRTOS/portable/GCC/ARM_CM4F/port.o
 .text.xPortStartScheduler
                0x00000000080031a4      0x144 ./common/ThirdParty/FreeRTOS/portable/GCC/ARM_CM4F/port.o
                0x00000000080031a4                xPortStartScheduler
 .text.vPortEnterCritical
                0x00000000080032e8       0x60 ./common/ThirdParty/FreeRTOS/portable/GCC/ARM_CM4F/port.o
                0x00000000080032e8                vPortEnterCritical
 .text.vPortExitCritical
                0x0000000008003348       0x54 ./common/ThirdParty/FreeRTOS/portable/GCC/ARM_CM4F/port.o
                0x0000000008003348                vPortExitCritical
 *fill*         0x000000000800339c        0x4 
 .text.PendSV_Handler
                0x00000000080033a0       0x68 ./common/ThirdParty/FreeRTOS/portable/GCC/ARM_CM4F/port.o
                0x00000000080033a0                PendSV_Handler
 .text.SysTick_Handler
                0x0000000008003408       0x54 ./common/ThirdParty/FreeRTOS/portable/GCC/ARM_CM4F/port.o
                0x0000000008003408                SysTick_Handler
 .text.vPortSetupTimerInterrupt
                0x000000000800345c       0x48 ./common/ThirdParty/FreeRTOS/portable/GCC/ARM_CM4F/port.o
                0x000000000800345c                vPortSetupTimerInterrupt
 .text.vPortEnableVFP
                0x00000000080034a4       0x18 ./common/ThirdParty/FreeRTOS/portable/GCC/ARM_CM4F/port.o
 .text.vPortValidateInterruptPriority
                0x00000000080034bc       0x80 ./common/ThirdParty/FreeRTOS/portable/GCC/ARM_CM4F/port.o
                0x00000000080034bc                vPortValidateInterruptPriority
 .text.pvPortMalloc
                0x000000000800353c      0x1c0 ./common/ThirdParty/FreeRTOS/portable/MemMang/heap_4.o
                0x000000000800353c                pvPortMalloc
 .text.vPortFree
                0x00000000080036fc       0xc4 ./common/ThirdParty/FreeRTOS/portable/MemMang/heap_4.o
                0x00000000080036fc                vPortFree
 .text.prvHeapInit
                0x00000000080037c0       0xc4 ./common/ThirdParty/FreeRTOS/portable/MemMang/heap_4.o
 .text.prvInsertBlockIntoFreeList
                0x0000000008003884       0xb4 ./common/ThirdParty/FreeRTOS/portable/MemMang/heap_4.o
 .text._cbSendSystemDesc
                0x0000000008003938       0x1c ./common/ThirdParty/SEGGER/Config/SEGGER_SYSVIEW_Config_FreeRTOS.o
 .text.SEGGER_SYSVIEW_Conf
                0x0000000008003954       0x2c ./common/ThirdParty/SEGGER/Config/SEGGER_SYSVIEW_Config_FreeRTOS.o
                0x0000000008003954                SEGGER_SYSVIEW_Conf
 .text._cbSendTaskList
                0x0000000008003980       0x90 ./common/ThirdParty/SEGGER/OS/SEGGER_SYSVIEW_FreeRTOS.o
 .text._cbGetTime
                0x0000000008003a10       0x86 ./common/ThirdParty/SEGGER/OS/SEGGER_SYSVIEW_FreeRTOS.o
 *fill*         0x0000000008003a96        0x2 
 .text.SYSVIEW_AddTask
                0x0000000008003a98       0xd0 ./common/ThirdParty/SEGGER/OS/SEGGER_SYSVIEW_FreeRTOS.o
                0x0000000008003a98                SYSVIEW_AddTask
 .text.SYSVIEW_UpdateTask
                0x0000000008003b68       0xe0 ./common/ThirdParty/SEGGER/OS/SEGGER_SYSVIEW_FreeRTOS.o
                0x0000000008003b68                SYSVIEW_UpdateTask
 .text.SYSVIEW_SendTaskInfo
                0x0000000008003c48       0x42 ./common/ThirdParty/SEGGER/OS/SEGGER_SYSVIEW_FreeRTOS.o
                0x0000000008003c48                SYSVIEW_SendTaskInfo
 *fill*         0x0000000008003c8a        0x2 
 .text.__NVIC_EnableIRQ
                0x0000000008003c8c       0x3c ./common/ThirdParty/SEGGER/Rec/segger_uart.o
 .text.__NVIC_SetPriority
                0x0000000008003cc8       0x54 ./common/ThirdParty/SEGGER/Rec/segger_uart.o
 .text._StartSysView
                0x0000000008003d1c       0x1e ./common/ThirdParty/SEGGER/Rec/segger_uart.o
 *fill*         0x0000000008003d3a        0x2 
 .text._cbOnUARTRx
                0x0000000008003d3c       0x40 ./common/ThirdParty/SEGGER/Rec/segger_uart.o
 .text._cbOnUARTTx
                0x0000000008003d7c       0x64 ./common/ThirdParty/SEGGER/Rec/segger_uart.o
 .text.SEGGER_UART_init
                0x0000000008003de0       0x24 ./common/ThirdParty/SEGGER/Rec/segger_uart.o
                0x0000000008003de0                SEGGER_UART_init
 .text.USART2_IRQHandler
                0x0000000008003e04       0x94 ./common/ThirdParty/SEGGER/Rec/segger_uart.o
                0x0000000008003e04                USART2_IRQHandler
 .text.HIF_UART_EnableTXEInterrupt
                0x0000000008003e98       0x20 ./common/ThirdParty/SEGGER/Rec/segger_uart.o
                0x0000000008003e98                HIF_UART_EnableTXEInterrupt
 .text.HIF_UART_Init
                0x0000000008003eb8       0xf4 ./common/ThirdParty/SEGGER/Rec/segger_uart.o
                0x0000000008003eb8                HIF_UART_Init
 .text._DoInit  0x0000000008003fac       0xb0 ./common/ThirdParty/SEGGER/SEGGER/SEGGER_RTT.o
 .text._WriteBlocking
                0x000000000800405c       0xba ./common/ThirdParty/SEGGER/SEGGER/SEGGER_RTT.o
 .text._WriteNoCheck
                0x0000000008004116       0x90 ./common/ThirdParty/SEGGER/SEGGER/SEGGER_RTT.o
 .text._GetAvailWriteSpace
                0x00000000080041a6       0x46 ./common/ThirdParty/SEGGER/SEGGER/SEGGER_RTT.o
 .text.SEGGER_RTT_ReadUpBufferNoLock
                0x00000000080041ec      0x10c ./common/ThirdParty/SEGGER/SEGGER/SEGGER_RTT.o
                0x00000000080041ec                SEGGER_RTT_ReadUpBufferNoLock
 .text.SEGGER_RTT_ReadNoLock
                0x00000000080042f8      0x10c ./common/ThirdParty/SEGGER/SEGGER/SEGGER_RTT.o
                0x00000000080042f8                SEGGER_RTT_ReadNoLock
 .text.SEGGER_RTT_WriteDownBufferNoLock
                0x0000000008004404       0xa0 ./common/ThirdParty/SEGGER/SEGGER/SEGGER_RTT.o
                0x0000000008004404                SEGGER_RTT_WriteDownBufferNoLock
 .text.SEGGER_RTT_WriteDownBuffer
                0x00000000080044a4       0x4c ./common/ThirdParty/SEGGER/SEGGER/SEGGER_RTT.o
                0x00000000080044a4                SEGGER_RTT_WriteDownBuffer
 .text.SEGGER_RTT_AllocUpBuffer
                0x00000000080044f0      0x108 ./common/ThirdParty/SEGGER/SEGGER/SEGGER_RTT.o
                0x00000000080044f0                SEGGER_RTT_AllocUpBuffer
 .text.SEGGER_RTT_ConfigDownBuffer
                0x00000000080045f8       0xe0 ./common/ThirdParty/SEGGER/SEGGER/SEGGER_RTT.o
                0x00000000080045f8                SEGGER_RTT_ConfigDownBuffer
 .text._EncodeStr
                0x00000000080046d8       0x9a ./common/ThirdParty/SEGGER/SEGGER/SEGGER_SYSVIEW.o
 .text._PreparePacket
                0x0000000008004772       0x18 ./common/ThirdParty/SEGGER/SEGGER/SEGGER_SYSVIEW.o
 *fill*         0x000000000800478a        0x2 
 .text._HandleIncomingPacket
                0x000000000800478c       0xe4 ./common/ThirdParty/SEGGER/SEGGER/SEGGER_SYSVIEW.o
 .text._TrySendOverflowPacket
                0x0000000008004870       0xe8 ./common/ThirdParty/SEGGER/SEGGER/SEGGER_SYSVIEW.o
 .text._SendPacket
                0x0000000008004958      0x1d0 ./common/ThirdParty/SEGGER/SEGGER/SEGGER_SYSVIEW.o
 .text.SEGGER_SYSVIEW_Init
                0x0000000008004b28       0x88 ./common/ThirdParty/SEGGER/SEGGER/SEGGER_SYSVIEW.o
                0x0000000008004b28                SEGGER_SYSVIEW_Init
 .text.SEGGER_SYSVIEW_SetRAMBase
                0x0000000008004bb0       0x20 ./common/ThirdParty/SEGGER/SEGGER/SEGGER_SYSVIEW.o
                0x0000000008004bb0                SEGGER_SYSVIEW_SetRAMBase
 .text.SEGGER_SYSVIEW_RecordVoid
                0x0000000008004bd0       0x3c ./common/ThirdParty/SEGGER/SEGGER/SEGGER_SYSVIEW.o
                0x0000000008004bd0                SEGGER_SYSVIEW_RecordVoid
 .text.SEGGER_SYSVIEW_RecordU32
                0x0000000008004c0c       0x78 ./common/ThirdParty/SEGGER/SEGGER/SEGGER_SYSVIEW.o
                0x0000000008004c0c                SEGGER_SYSVIEW_RecordU32
 .text.SEGGER_SYSVIEW_RecordU32x2
                0x0000000008004c84       0xb4 ./common/ThirdParty/SEGGER/SEGGER/SEGGER_SYSVIEW.o
                0x0000000008004c84                SEGGER_SYSVIEW_RecordU32x2
 .text.SEGGER_SYSVIEW_Start
                0x0000000008004d38      0x178 ./common/ThirdParty/SEGGER/SEGGER/SEGGER_SYSVIEW.o
                0x0000000008004d38                SEGGER_SYSVIEW_Start
 .text.SEGGER_SYSVIEW_Stop
                0x0000000008004eb0       0x4c ./common/ThirdParty/SEGGER/SEGGER/SEGGER_SYSVIEW.o
                0x0000000008004eb0                SEGGER_SYSVIEW_Stop
 .text.SEGGER_SYSVIEW_GetSysDesc
                0x0000000008004efc      0x134 ./common/ThirdParty/SEGGER/SEGGER/SEGGER_SYSVIEW.o
                0x0000000008004efc                SEGGER_SYSVIEW_GetSysDesc
 .text.SEGGER_SYSVIEW_SendTaskInfo
                0x0000000008005030      0x1c8 ./common/ThirdParty/SEGGER/SEGGER/SEGGER_SYSVIEW.o
                0x0000000008005030                SEGGER_SYSVIEW_SendTaskInfo
 .text.SEGGER_SYSVIEW_SendTaskList
                0x00000000080051f8       0x28 ./common/ThirdParty/SEGGER/SEGGER/SEGGER_SYSVIEW.o
                0x00000000080051f8                SEGGER_SYSVIEW_SendTaskList
 .text.SEGGER_SYSVIEW_SendSysDesc
                0x0000000008005220       0x48 ./common/ThirdParty/SEGGER/SEGGER/SEGGER_SYSVIEW.o
                0x0000000008005220                SEGGER_SYSVIEW_SendSysDesc
 .text.SEGGER_SYSVIEW_RecordSystime
                0x0000000008005268       0x64 ./common/ThirdParty/SEGGER/SEGGER/SEGGER_SYSVIEW.o
                0x0000000008005268                SEGGER_SYSVIEW_RecordSystime
 .text.SEGGER_SYSVIEW_RecordEnterISR
                0x00000000080052cc       0x84 ./common/ThirdParty/SEGGER/SEGGER/SEGGER_SYSVIEW.o
                0x00000000080052cc                SEGGER_SYSVIEW_RecordEnterISR
 .text.SEGGER_SYSVIEW_RecordExitISR
                0x0000000008005350       0x38 ./common/ThirdParty/SEGGER/SEGGER/SEGGER_SYSVIEW.o
                0x0000000008005350                SEGGER_SYSVIEW_RecordExitISR
 .text.SEGGER_SYSVIEW_RecordExitISRToScheduler
                0x0000000008005388       0x38 ./common/ThirdParty/SEGGER/SEGGER/SEGGER_SYSVIEW.o
                0x0000000008005388                SEGGER_SYSVIEW_RecordExitISRToScheduler
 .text.SEGGER_SYSVIEW_OnIdle
                0x00000000080053c0       0x38 ./common/ThirdParty/SEGGER/SEGGER/SEGGER_SYSVIEW.o
                0x00000000080053c0                SEGGER_SYSVIEW_OnIdle
 .text.SEGGER_SYSVIEW_OnTaskCreate
                0x00000000080053f8       0x84 ./common/ThirdParty/SEGGER/SEGGER/SEGGER_SYSVIEW.o
                0x00000000080053f8                SEGGER_SYSVIEW_OnTaskCreate
 .text.SEGGER_SYSVIEW_OnTaskStartExec
                0x000000000800547c       0x84 ./common/ThirdParty/SEGGER/SEGGER/SEGGER_SYSVIEW.o
                0x000000000800547c                SEGGER_SYSVIEW_OnTaskStartExec
 .text.SEGGER_SYSVIEW_OnTaskStartReady
                0x0000000008005500       0x84 ./common/ThirdParty/SEGGER/SEGGER/SEGGER_SYSVIEW.o
                0x0000000008005500                SEGGER_SYSVIEW_OnTaskStartReady
 .text.SEGGER_SYSVIEW_ShrinkId
                0x0000000008005584       0x20 ./common/ThirdParty/SEGGER/SEGGER/SEGGER_SYSVIEW.o
                0x0000000008005584                SEGGER_SYSVIEW_ShrinkId
 .text.SEGGER_SYSVIEW_SendModule
                0x00000000080055a4      0x100 ./common/ThirdParty/SEGGER/SEGGER/SEGGER_SYSVIEW.o
                0x00000000080055a4                SEGGER_SYSVIEW_SendModule
 .text.SEGGER_SYSVIEW_SendModuleDescription
                0x00000000080056a4       0x3c ./common/ThirdParty/SEGGER/SEGGER/SEGGER_SYSVIEW.o
                0x00000000080056a4                SEGGER_SYSVIEW_SendModuleDescription
 .text.SEGGER_SYSVIEW_SendNumModules
                0x00000000080056e0       0x7c ./common/ThirdParty/SEGGER/SEGGER/SEGGER_SYSVIEW.o
                0x00000000080056e0                SEGGER_SYSVIEW_SendNumModules
 .text.SEGGER_SYSVIEW_Warn
                0x000000000800575c       0xb8 ./common/ThirdParty/SEGGER/SEGGER/SEGGER_SYSVIEW.o
                0x000000000800575c                SEGGER_SYSVIEW_Warn
 .text.SEGGER_SYSVIEW_IsStarted
                0x0000000008005814       0x5c ./common/ThirdParty/SEGGER/SEGGER/SEGGER_SYSVIEW.o
                0x0000000008005814                SEGGER_SYSVIEW_IsStarted
 .text.__libc_init_array
                0x0000000008005870       0x48 c:/st/stm32cubeide_1.9.0/stm32cubeide/plugins/com.st.stm32cube.ide.mcu.externaltools.gnu-tools-for-stm32.10.3-2021.10.win32_1.0.0.202111181127/tools/bin/../lib/gcc/arm-none-eabi/10.3.1/../../../../arm-none-eabi/lib/thumb/v7e-m+fp/hard\libc_nano.a(lib_a-init.o)
                0x0000000008005870                __libc_init_array
 .text.memcmp   0x00000000080058b8       0x20 c:/st/stm32cubeide_1.9.0/stm32cubeide/plugins/com.st.stm32cube.ide.mcu.externaltools.gnu-tools-for-stm32.10.3-2021.10.win32_1.0.0.202111181127/tools/bin/../lib/gcc/arm-none-eabi/10.3.1/../../../../arm-none-eabi/lib/thumb/v7e-m+fp/hard\libc_nano.a(lib_a-memcmp.o)
                0x00000000080058b8                memcmp
 .text.memcpy   0x00000000080058d8       0x1c c:/st/stm32cubeide_1.9.0/stm32cubeide/plugins/com.st.stm32cube.ide.mcu.externaltools.gnu-tools-for-stm32.10.3-2021.10.win32_1.0.0.202111181127/tools/bin/../lib/gcc/arm-none-eabi/10.3.1/../../../../arm-none-eabi/lib/thumb/v7e-m+fp/hard\libc_nano.a(lib_a-memcpy-stub.o)
                0x00000000080058d8                memcpy
 .text.memset   0x00000000080058f4       0x10 c:/st/stm32cubeide_1.9.0/stm32cubeide/plugins/com.st.stm32cube.ide.mcu.externaltools.gnu-tools-for-stm32.10.3-2021.10.win32_1.0.0.202111181127/tools/bin/../lib/gcc/arm-none-eabi/10.3.1/../../../../arm-none-eabi/lib/thumb/v7e-m+fp/hard\libc_nano.a(lib_a-memset.o)
                0x00000000080058f4                memset
 *(.glue_7)
 .glue_7        0x0000000008005904        0x0 linker stubs
 *(.glue_7t)
 .glue_7t       0x0000000008005904        0x0 linker stubs
 *(.eh_frame)
 .eh_frame      0x0000000008005904        0x0 c:/st/stm32cubeide_1.9.0/stm32cubeide/plugins/com.st.stm32cube.ide.mcu.externaltools.gnu-tools-for-stm32.10.3-2021.10.win32_1.0.0.202111181127/tools/bin/../lib/gcc/arm-none-eabi/10.3.1/thumb/v7e-m+fp/hard/crtbegin.o
 *(.init)
 .init          0x0000000008005904        0x4 c:/st/stm32cubeide_1.9.0/stm32cubeide/plugins/com.st.stm32cube.ide.mcu.externaltools.gnu-tools-for-stm32.10.3-2021.10.win32_1.0.0.202111181127/tools/bin/../lib/gcc/arm-none-eabi/10.3.1/thumb/v7e-m+fp/hard/crti.o
                0x0000000008005904                _init
 .init          0x0000000008005908        0x8 c:/st/stm32cubeide_1.9.0/stm32cubeide/plugins/com.st.stm32cube.ide.mcu.externaltools.gnu-tools-for-stm32.10.3-2021.10.win32_1.0.0.202111181127/tools/bin/../lib/gcc/arm-none-eabi/10.3.1/thumb/v7e-m+fp/hard/crtn.o
 *(.fini)
 .fini          0x0000000008005910        0x4 c:/st/stm32cubeide_1.9.0/stm32cubeide/plugins/com.st.stm32cube.ide.mcu.externaltools.gnu-tools-for-stm32.10.3-2021.10.win32_1.0.0.202111181127/tools/bin/../lib/gcc/arm-none-eabi/10.3.1/thumb/v7e-m+fp/hard/crti.o
                0x0000000008005910                _fini
 .fini          0x0000000008005914        0x8 c:/st/stm32cubeide_1.9.0/stm32cubeide/plugins/com.st.stm32cube.ide.mcu.externaltools.gnu-tools-for-stm32.10.3-2021.10.win32_1.0.0.202111181127/tools/bin/../lib/gcc/arm-none-eabi/10.3.1/thumb/v7e-m+fp/hard/crtn.o
                0x000000000800591c                . = ALIGN (0x4)
                0x000000000800591c                _etext = .

.vfp11_veneer   0x000000000800591c        0x0
 .vfp11_veneer  0x000000000800591c        0x0 linker stubs

.v4_bx          0x000000000800591c        0x0
 .v4_bx         0x000000000800591c        0x0 linker stubs

.iplt           0x000000000800591c        0x0
 .iplt          0x000000000800591c        0x0 c:/st/stm32cubeide_1.9.0/stm32cubeide/plugins/com.st.stm32cube.ide.mcu.externaltools.gnu-tools-for-stm32.10.3-2021.10.win32_1.0.0.202111181127/tools/bin/../lib/gcc/arm-none-eabi/10.3.1/thumb/v7e-m+fp/hard/crtbegin.o

.rodata         0x000000000800591c      0x114
                0x000000000800591c                . = ALIGN (0x4)
 *(.rodata)
 .rodata        0x000000000800591c        0xf ./Core/Src/main.o
 *fill*         0x000000000800592b        0x1 
 .rodata        0x000000000800592c        0x5 ./common/ThirdParty/FreeRTOS/tasks.o
 *fill*         0x0000000008005931        0x3 
 .rodata        0x0000000008005934       0x51 ./common/ThirdParty/SEGGER/Config/SEGGER_SYSVIEW_Config_FreeRTOS.o
 *fill*         0x0000000008005985        0x3 
 .rodata        0x0000000008005988       0x58 ./common/ThirdParty/SEGGER/OS/SEGGER_SYSVIEW_FreeRTOS.o
 .rodata        0x00000000080059e0       0x17 ./common/ThirdParty/SEGGER/SEGGER/SEGGER_RTT.o
 *fill*         0x00000000080059f7        0x1 
 .rodata        0x00000000080059f8        0x8 ./common/ThirdParty/SEGGER/SEGGER/SEGGER_SYSVIEW.o
 *(.rodata*)
 .rodata.AHBPrescTable
                0x0000000008005a00       0x10 ./Core/Src/system_stm32f4xx.o
                0x0000000008005a00                AHBPrescTable
 .rodata.APBPrescTable
                0x0000000008005a10        0x8 ./Core/Src/system_stm32f4xx.o
                0x0000000008005a10                APBPrescTable
 .rodata.SYSVIEW_X_OS_TraceAPI
                0x0000000008005a18        0x8 ./common/ThirdParty/SEGGER/OS/SEGGER_SYSVIEW_FreeRTOS.o
                0x0000000008005a18                SYSVIEW_X_OS_TraceAPI
 .rodata._abHelloMsg
                0x0000000008005a20        0x4 ./common/ThirdParty/SEGGER/Rec/segger_uart.o
 .rodata._abSync
                0x0000000008005a24        0xa ./common/ThirdParty/SEGGER/SEGGER/SEGGER_SYSVIEW.o
                0x0000000008005a30                . = ALIGN (0x4)
 *fill*         0x0000000008005a2e        0x2 

.ARM.extab      0x0000000008005a30        0x0
                0x0000000008005a30                . = ALIGN (0x4)
 *(.ARM.extab* .gnu.linkonce.armextab.*)
                0x0000000008005a30                . = ALIGN (0x4)

.ARM            0x0000000008005a30        0x8
                0x0000000008005a30                . = ALIGN (0x4)
                0x0000000008005a30                __exidx_start = .
 *(.ARM.exidx*)
 .ARM.exidx     0x0000000008005a30        0x8 c:/st/stm32cubeide_1.9.0/stm32cubeide/plugins/com.st.stm32cube.ide.mcu.externaltools.gnu-tools-for-stm32.10.3-2021.10.win32_1.0.0.202111181127/tools/bin/../lib/gcc/arm-none-eabi/10.3.1/thumb/v7e-m+fp/hard\libgcc.a(_udivmoddi4.o)
                0x0000000008005a38                __exidx_end = .
                0x0000000008005a38                . = ALIGN (0x4)

.rel.dyn        0x0000000008005a38        0x0
 .rel.iplt      0x0000000008005a38        0x0 c:/st/stm32cubeide_1.9.0/stm32cubeide/plugins/com.st.stm32cube.ide.mcu.externaltools.gnu-tools-for-stm32.10.3-2021.10.win32_1.0.0.202111181127/tools/bin/../lib/gcc/arm-none-eabi/10.3.1/thumb/v7e-m+fp/hard/crtbegin.o

.preinit_array  0x0000000008005a38        0x0
                0x0000000008005a38                . = ALIGN (0x4)
                0x0000000008005a38                PROVIDE (__preinit_array_start = .)
 *(.preinit_array*)
                0x0000000008005a38                PROVIDE (__preinit_array_end = .)
                0x0000000008005a38                . = ALIGN (0x4)

.init_array     0x0000000008005a38        0x4
                0x0000000008005a38                . = ALIGN (0x4)
                0x0000000008005a38                PROVIDE (__init_array_start = .)
 *(SORT_BY_NAME(.init_array.*))
 *(.init_array*)
 .init_array    0x0000000008005a38        0x4 c:/st/stm32cubeide_1.9.0/stm32cubeide/plugins/com.st.stm32cube.ide.mcu.externaltools.gnu-tools-for-stm32.10.3-2021.10.win32_1.0.0.202111181127/tools/bin/../lib/gcc/arm-none-eabi/10.3.1/thumb/v7e-m+fp/hard/crtbegin.o
                0x0000000008005a3c                PROVIDE (__init_array_end = .)
                0x0000000008005a3c                . = ALIGN (0x4)

.fini_array     0x0000000008005a3c        0x4
                0x0000000008005a3c                . = ALIGN (0x4)
                [!provide]                        PROVIDE (__fini_array_start = .)
 *(SORT_BY_NAME(.fini_array.*))
 *(.fini_array*)
 .fini_array    0x0000000008005a3c        0x4 c:/st/stm32cubeide_1.9.0/stm32cubeide/plugins/com.st.stm32cube.ide.mcu.externaltools.gnu-tools-for-stm32.10.3-2021.10.win32_1.0.0.202111181127/tools/bin/../lib/gcc/arm-none-eabi/10.3.1/thumb/v7e-m+fp/hard/crtbegin.o
                [!provide]                        PROVIDE (__fini_array_end = .)
                0x0000000008005a40                . = ALIGN (0x4)
                0x0000000008005a40                _sidata = LOADADDR (.data)

.data           0x0000000020000000       0x1c load address 0x0000000008005a40
                0x0000000020000000                . = ALIGN (0x4)
                0x0000000020000000                _sdata = .
 *(.data)
 *(.data*)
 .data.SystemCoreClock
                0x0000000020000000        0x4 ./Core/Src/system_stm32f4xx.o
                0x0000000020000000                SystemCoreClock
 .data.uwTickPrio
                0x0000000020000004        0x4 ./Drivers/STM32F4xx_HAL_Driver/Src/stm32f4xx_hal.o
                0x0000000020000004                uwTickPrio
 .data.uwTickFreq
                0x0000000020000008        0x1 ./Drivers/STM32F4xx_HAL_Driver/Src/stm32f4xx_hal.o
                0x0000000020000008                uwTickFreq
 *fill*         0x0000000020000009        0x3 
 .data.uxTopUsedPriority
                0x000000002000000c        0x4 ./common/ThirdParty/FreeRTOS/tasks.o
                0x000000002000000c                uxTopUsedPriority
 .data.uxCriticalNesting
                0x0000000020000010        0x4 ./common/ThirdParty/FreeRTOS/portable/GCC/ARM_CM4F/port.o
 .data._SVInfo  0x0000000020000014        0x8 ./common/ThirdParty/SEGGER/Rec/segger_uart.o
 *(.RamFunc)
 *(.RamFunc*)
                0x000000002000001c                . = ALIGN (0x4)
                0x000000002000001c                _edata = .
                0x0000000008005a5c                _siccmram = LOADADDR (.ccmram)

.igot.plt       0x000000002000001c        0x0 load address 0x0000000008005a5c
 .igot.plt      0x000000002000001c        0x0 c:/st/stm32cubeide_1.9.0/stm32cubeide/plugins/com.st.stm32cube.ide.mcu.externaltools.gnu-tools-for-stm32.10.3-2021.10.win32_1.0.0.202111181127/tools/bin/../lib/gcc/arm-none-eabi/10.3.1/thumb/v7e-m+fp/hard/crtbegin.o

.ccmram         0x0000000010000000        0x0 load address 0x0000000008005a5c
                0x0000000010000000                . = ALIGN (0x4)
                0x0000000010000000                _sccmram = .
 *(.ccmram)
 *(.ccmram*)
                0x0000000010000000                . = ALIGN (0x4)
                0x0000000010000000                _eccmram = .
                0x0000000010000000                . = ALIGN (0x4)

.bss            0x000000002000001c    0x1a818
                0x000000002000001c                _sbss = .
                0x000000002000001c                __bss_start__ = _sbss
 *(.bss)
 .bss           0x000000002000001c       0x1c c:/st/stm32cubeide_1.9.0/stm32cubeide/plugins/com.st.stm32cube.ide.mcu.externaltools.gnu-tools-for-stm32.10.3-2021.10.win32_1.0.0.202111181127/tools/bin/../lib/gcc/arm-none-eabi/10.3.1/thumb/v7e-m+fp/hard/crtbegin.o
 *(.bss*)
 .bss.status_button
                0x0000000020000038        0x4 ./Core/Src/main.o
                0x0000000020000038                status_button
 .bss.htim6     0x000000002000003c       0x48 ./Core/Src/stm32f4xx_hal_timebase_tim.o
                0x000000002000003c                htim6
 .bss.uwTick    0x0000000020000084        0x4 ./Drivers/STM32F4xx_HAL_Driver/Src/stm32f4xx_hal.o
                0x0000000020000084                uwTick
 .bss.pxCurrentTCB
                0x0000000020000088        0x4 ./common/ThirdParty/FreeRTOS/tasks.o
                0x0000000020000088                pxCurrentTCB
 .bss.pxReadyTasksLists
                0x000000002000008c       0x64 ./common/ThirdParty/FreeRTOS/tasks.o
 .bss.xDelayedTaskList1
                0x00000000200000f0       0x14 ./common/ThirdParty/FreeRTOS/tasks.o
 .bss.xDelayedTaskList2
                0x0000000020000104       0x14 ./common/ThirdParty/FreeRTOS/tasks.o
 .bss.pxDelayedTaskList
                0x0000000020000118        0x4 ./common/ThirdParty/FreeRTOS/tasks.o
 .bss.pxOverflowDelayedTaskList
                0x000000002000011c        0x4 ./common/ThirdParty/FreeRTOS/tasks.o
 .bss.xPendingReadyList
                0x0000000020000120       0x14 ./common/ThirdParty/FreeRTOS/tasks.o
 .bss.xTasksWaitingTermination
                0x0000000020000134       0x14 ./common/ThirdParty/FreeRTOS/tasks.o
 .bss.uxDeletedTasksWaitingCleanUp
                0x0000000020000148        0x4 ./common/ThirdParty/FreeRTOS/tasks.o
 .bss.xSuspendedTaskList
                0x000000002000014c       0x14 ./common/ThirdParty/FreeRTOS/tasks.o
 .bss.uxCurrentNumberOfTasks
                0x0000000020000160        0x4 ./common/ThirdParty/FreeRTOS/tasks.o
 .bss.xTickCount
                0x0000000020000164        0x4 ./common/ThirdParty/FreeRTOS/tasks.o
 .bss.uxTopReadyPriority
                0x0000000020000168        0x4 ./common/ThirdParty/FreeRTOS/tasks.o
 .bss.xSchedulerRunning
                0x000000002000016c        0x4 ./common/ThirdParty/FreeRTOS/tasks.o
 .bss.xPendedTicks
                0x0000000020000170        0x4 ./common/ThirdParty/FreeRTOS/tasks.o
 .bss.xYieldPending
                0x0000000020000174        0x4 ./common/ThirdParty/FreeRTOS/tasks.o
 .bss.xNumOfOverflows
                0x0000000020000178        0x4 ./common/ThirdParty/FreeRTOS/tasks.o
 .bss.uxTaskNumber
                0x000000002000017c        0x4 ./common/ThirdParty/FreeRTOS/tasks.o
 .bss.xNextTaskUnblockTime
                0x0000000020000180        0x4 ./common/ThirdParty/FreeRTOS/tasks.o
 .bss.xIdleTaskHandle
                0x0000000020000184        0x4 ./common/ThirdParty/FreeRTOS/tasks.o
 .bss.uxSchedulerSuspended
                0x0000000020000188        0x4 ./common/ThirdParty/FreeRTOS/tasks.o
 .bss.ucMaxSysCallPriority
                0x000000002000018c        0x1 ./common/ThirdParty/FreeRTOS/portable/GCC/ARM_CM4F/port.o
 *fill*         0x000000002000018d        0x3 
 .bss.ulMaxPRIGROUPValue
                0x0000000020000190        0x4 ./common/ThirdParty/FreeRTOS/portable/GCC/ARM_CM4F/port.o
 .bss.ucHeap    0x0000000020000194    0x19000 ./common/ThirdParty/FreeRTOS/portable/MemMang/heap_4.o
 .bss.xStart    0x0000000020019194        0x8 ./common/ThirdParty/FreeRTOS/portable/MemMang/heap_4.o
 .bss.pxEnd     0x000000002001919c        0x4 ./common/ThirdParty/FreeRTOS/portable/MemMang/heap_4.o
 .bss.xFreeBytesRemaining
                0x00000000200191a0        0x4 ./common/ThirdParty/FreeRTOS/portable/MemMang/heap_4.o
 .bss.xMinimumEverFreeBytesRemaining
                0x00000000200191a4        0x4 ./common/ThirdParty/FreeRTOS/portable/MemMang/heap_4.o
 .bss.xNumberOfSuccessfulAllocations
                0x00000000200191a8        0x4 ./common/ThirdParty/FreeRTOS/portable/MemMang/heap_4.o
 .bss.xNumberOfSuccessfulFrees
                0x00000000200191ac        0x4 ./common/ThirdParty/FreeRTOS/portable/MemMang/heap_4.o
 .bss.xBlockAllocatedBit
                0x00000000200191b0        0x4 ./common/ThirdParty/FreeRTOS/portable/MemMang/heap_4.o
 .bss._aTasks   0x00000000200191b4       0xa0 ./common/ThirdParty/SEGGER/OS/SEGGER_SYSVIEW_FreeRTOS.o
 .bss._NumTasks
                0x0000000020019254        0x4 ./common/ThirdParty/SEGGER/OS/SEGGER_SYSVIEW_FreeRTOS.o
 .bss._cbOnRx   0x0000000020019258        0x4 ./common/ThirdParty/SEGGER/Rec/segger_uart.o
 .bss._cbOnTx   0x000000002001925c        0x4 ./common/ThirdParty/SEGGER/Rec/segger_uart.o
 .bss._SEGGER_RTT
                0x0000000020019260       0xa8 ./common/ThirdParty/SEGGER/SEGGER/SEGGER_RTT.o
                0x0000000020019260                _SEGGER_RTT
 .bss._acUpBuffer
                0x0000000020019308      0x400 ./common/ThirdParty/SEGGER/SEGGER/SEGGER_RTT.o
 .bss._acDownBuffer
                0x0000000020019708       0x10 ./common/ThirdParty/SEGGER/SEGGER/SEGGER_RTT.o
 .bss._UpBuffer
                0x0000000020019718     0x1000 ./common/ThirdParty/SEGGER/SEGGER/SEGGER_SYSVIEW.o
 .bss._DownBuffer
                0x000000002001a718        0x8 ./common/ThirdParty/SEGGER/SEGGER/SEGGER_SYSVIEW.o
 .bss._SYSVIEW_Globals
                0x000000002001a720       0x28 ./common/ThirdParty/SEGGER/SEGGER/SEGGER_SYSVIEW.o
 .bss._pFirstModule
                0x000000002001a748        0x4 ./common/ThirdParty/SEGGER/SEGGER/SEGGER_SYSVIEW.o
 .bss._NumModules
                0x000000002001a74c        0x1 ./common/ThirdParty/SEGGER/SEGGER/SEGGER_SYSVIEW.o
 *fill*         0x000000002001a74d        0x3 
 .bss._aPacket  0x000000002001a750       0xe3 ./common/ThirdParty/SEGGER/SEGGER/SEGGER_SYSVIEW.o
 *(COMMON)
                0x000000002001a834                . = ALIGN (0x4)
 *fill*         0x000000002001a833        0x1 
                0x000000002001a834                _ebss = .
                0x000000002001a834                __bss_end__ = _ebss

._user_heap_stack
                0x000000002001a834      0x604
                0x000000002001a838                . = ALIGN (0x8)
 *fill*         0x000000002001a834        0x4 
                [!provide]                        PROVIDE (end = .)
                0x000000002001a838                PROVIDE (_end = .)
                0x000000002001aa38                . = (. + _Min_Heap_Size)
 *fill*         0x000000002001a838      0x200 
                0x000000002001ae38                . = (. + _Min_Stack_Size)
 *fill*         0x000000002001aa38      0x400 
                0x000000002001ae38                . = ALIGN (0x8)

/DISCARD/
 libc.a(*)
 libm.a(*)
 libgcc.a(*)

.ARM.attributes
                0x0000000000000000       0x30
 *(.ARM.attributes)
 .ARM.attributes
                0x0000000000000000       0x1e c:/st/stm32cubeide_1.9.0/stm32cubeide/plugins/com.st.stm32cube.ide.mcu.externaltools.gnu-tools-for-stm32.10.3-2021.10.win32_1.0.0.202111181127/tools/bin/../lib/gcc/arm-none-eabi/10.3.1/thumb/v7e-m+fp/hard/crti.o
 .ARM.attributes
                0x000000000000001e       0x34 c:/st/stm32cubeide_1.9.0/stm32cubeide/plugins/com.st.stm32cube.ide.mcu.externaltools.gnu-tools-for-stm32.10.3-2021.10.win32_1.0.0.202111181127/tools/bin/../lib/gcc/arm-none-eabi/10.3.1/thumb/v7e-m+fp/hard/crtbegin.o
 .ARM.attributes
                0x0000000000000052       0x34 ./Core/Src/main.o
 .ARM.attributes
                0x0000000000000086       0x34 ./Core/Src/stm32f4xx_hal_msp.o
 .ARM.attributes
                0x00000000000000ba       0x34 ./Core/Src/stm32f4xx_hal_timebase_tim.o
 .ARM.attributes
                0x00000000000000ee       0x34 ./Core/Src/stm32f4xx_it.o
 .ARM.attributes
                0x0000000000000122       0x34 ./Core/Src/system_stm32f4xx.o
 .ARM.attributes
                0x0000000000000156       0x21 ./Core/Startup/startup_stm32f407vgtx.o
 .ARM.attributes
                0x0000000000000177       0x34 ./Drivers/STM32F4xx_HAL_Driver/Src/stm32f4xx_hal.o
 .ARM.attributes
                0x00000000000001ab       0x34 ./Drivers/STM32F4xx_HAL_Driver/Src/stm32f4xx_hal_cortex.o
 .ARM.attributes
                0x00000000000001df       0x34 ./Drivers/STM32F4xx_HAL_Driver/Src/stm32f4xx_hal_gpio.o
 .ARM.attributes
                0x0000000000000213       0x34 ./Drivers/STM32F4xx_HAL_Driver/Src/stm32f4xx_hal_rcc.o
 .ARM.attributes
                0x0000000000000247       0x34 ./Drivers/STM32F4xx_HAL_Driver/Src/stm32f4xx_hal_tim.o
 .ARM.attributes
                0x000000000000027b       0x34 ./Drivers/STM32F4xx_HAL_Driver/Src/stm32f4xx_hal_tim_ex.o
 .ARM.attributes
                0x00000000000002af       0x34 ./common/ThirdParty/FreeRTOS/list.o
 .ARM.attributes
                0x00000000000002e3       0x34 ./common/ThirdParty/FreeRTOS/tasks.o
 .ARM.attributes
                0x0000000000000317       0x34 ./common/ThirdParty/FreeRTOS/portable/GCC/ARM_CM4F/port.o
 .ARM.attributes
                0x000000000000034b       0x34 ./common/ThirdParty/FreeRTOS/portable/MemMang/heap_4.o
 .ARM.attributes
                0x000000000000037f       0x34 ./common/ThirdParty/SEGGER/Config/SEGGER_SYSVIEW_Config_FreeRTOS.o
 .ARM.attributes
                0x00000000000003b3       0x34 ./common/ThirdParty/SEGGER/OS/SEGGER_SYSVIEW_FreeRTOS.o
 .ARM.attributes
                0x00000000000003e7       0x34 ./common/ThirdParty/SEGGER/Rec/segger_uart.o
 .ARM.attributes
                0x000000000000041b       0x34 ./common/ThirdParty/SEGGER/SEGGER/SEGGER_RTT.o
 .ARM.attributes
                0x000000000000044f       0x20 ./common/ThirdParty/SEGGER/SEGGER/SEGGER_RTT_ASM_ARMv7M.o
 .ARM.attributes
                0x000000000000046f       0x34 ./common/ThirdParty/SEGGER/SEGGER/SEGGER_SYSVIEW.o
 .ARM.attributes
                0x00000000000004a3       0x34 c:/st/stm32cubeide_1.9.0/stm32cubeide/plugins/com.st.stm32cube.ide.mcu.externaltools.gnu-tools-for-stm32.10.3-2021.10.win32_1.0.0.202111181127/tools/bin/../lib/gcc/arm-none-eabi/10.3.1/../../../../arm-none-eabi/lib/thumb/v7e-m+fp/hard\libc_nano.a(lib_a-init.o)
 .ARM.attributes
                0x00000000000004d7       0x34 c:/st/stm32cubeide_1.9.0/stm32cubeide/plugins/com.st.stm32cube.ide.mcu.externaltools.gnu-tools-for-stm32.10.3-2021.10.win32_1.0.0.202111181127/tools/bin/../lib/gcc/arm-none-eabi/10.3.1/../../../../arm-none-eabi/lib/thumb/v7e-m+fp/hard\libc_nano.a(lib_a-memcmp.o)
 .ARM.attributes
                0x000000000000050b       0x34 c:/st/stm32cubeide_1.9.0/stm32cubeide/plugins/com.st.stm32cube.ide.mcu.externaltools.gnu-tools-for-stm32.10.3-2021.10.win32_1.0.0.202111181127/tools/bin/../lib/gcc/arm-none-eabi/10.3.1/../../../../arm-none-eabi/lib/thumb/v7e-m+fp/hard\libc_nano.a(lib_a-memcpy-stub.o)
 .ARM.attributes
                0x000000000000053f       0x34 c:/st/stm32cubeide_1.9.0/stm32cubeide/plugins/com.st.stm32cube.ide.mcu.externaltools.gnu-tools-for-stm32.10.3-2021.10.win32_1.0.0.202111181127/tools/bin/../lib/gcc/arm-none-eabi/10.3.1/../../../../arm-none-eabi/lib/thumb/v7e-m+fp/hard\libc_nano.a(lib_a-memset.o)
 .ARM.attributes
                0x0000000000000573       0x17 c:/st/stm32cubeide_1.9.0/stm32cubeide/plugins/com.st.stm32cube.ide.mcu.externaltools.gnu-tools-for-stm32.10.3-2021.10.win32_1.0.0.202111181127/tools/bin/../lib/gcc/arm-none-eabi/10.3.1/../../../../arm-none-eabi/lib/thumb/v7e-m+fp/hard\libc_nano.a(lib_a-strlen.o)
 .ARM.attributes
                0x000000000000058a       0x1e c:/st/stm32cubeide_1.9.0/stm32cubeide/plugins/com.st.stm32cube.ide.mcu.externaltools.gnu-tools-for-stm32.10.3-2021.10.win32_1.0.0.202111181127/tools/bin/../lib/gcc/arm-none-eabi/10.3.1/thumb/v7e-m+fp/hard\libgcc.a(_aeabi_uldivmod.o)
 .ARM.attributes
                0x00000000000005a8       0x34 c:/st/stm32cubeide_1.9.0/stm32cubeide/plugins/com.st.stm32cube.ide.mcu.externaltools.gnu-tools-for-stm32.10.3-2021.10.win32_1.0.0.202111181127/tools/bin/../lib/gcc/arm-none-eabi/10.3.1/thumb/v7e-m+fp/hard\libgcc.a(_udivmoddi4.o)
 .ARM.attributes
                0x00000000000005dc       0x1e c:/st/stm32cubeide_1.9.0/stm32cubeide/plugins/com.st.stm32cube.ide.mcu.externaltools.gnu-tools-for-stm32.10.3-2021.10.win32_1.0.0.202111181127/tools/bin/../lib/gcc/arm-none-eabi/10.3.1/thumb/v7e-m+fp/hard\libgcc.a(_dvmd_tls.o)
 .ARM.attributes
                0x00000000000005fa       0x1e c:/st/stm32cubeide_1.9.0/stm32cubeide/plugins/com.st.stm32cube.ide.mcu.externaltools.gnu-tools-for-stm32.10.3-2021.10.win32_1.0.0.202111181127/tools/bin/../lib/gcc/arm-none-eabi/10.3.1/thumb/v7e-m+fp/hard/crtn.o
OUTPUT(007task_priority.elf elf32-littlearm)
LOAD linker stubs
LOAD c:/st/stm32cubeide_1.9.0/stm32cubeide/plugins/com.st.stm32cube.ide.mcu.externaltools.gnu-tools-for-stm32.10.3-2021.10.win32_1.0.0.202111181127/tools/bin/../lib/gcc/arm-none-eabi/10.3.1/../../../../arm-none-eabi/lib/thumb/v7e-m+fp/hard\libc.a
LOAD c:/st/stm32cubeide_1.9.0/stm32cubeide/plugins/com.st.stm32cube.ide.mcu.externaltools.gnu-tools-for-stm32.10.3-2021.10.win32_1.0.0.202111181127/tools/bin/../lib/gcc/arm-none-eabi/10.3.1/../../../../arm-none-eabi/lib/thumb/v7e-m+fp/hard\libm.a
LOAD c:/st/stm32cubeide_1.9.0/stm32cubeide/plugins/com.st.stm32cube.ide.mcu.externaltools.gnu-tools-for-stm32.10.3-2021.10.win32_1.0.0.202111181127/tools/bin/../lib/gcc/arm-none-eabi/10.3.1/thumb/v7e-m+fp/hard\libgcc.a

.debug_info     0x0000000000000000    0x129ae
 .debug_info    0x0000000000000000     0x1276 ./Core/Src/main.o
 .debug_info    0x0000000000001276      0x2a8 ./Core/Src/stm32f4xx_hal_msp.o
 .debug_info    0x000000000000151e      0xc21 ./Core/Src/stm32f4xx_hal_timebase_tim.o
 .debug_info    0x000000000000213f      0x72a ./Core/Src/stm32f4xx_it.o
 .debug_info    0x0000000000002869      0x523 ./Core/Src/system_stm32f4xx.o
 .debug_info    0x0000000000002d8c       0x22 ./Core/Startup/startup_stm32f407vgtx.o
 .debug_info    0x0000000000002dae      0x97c ./Drivers/STM32F4xx_HAL_Driver/Src/stm32f4xx_hal.o
 .debug_info    0x000000000000372a      0xe1b ./Drivers/STM32F4xx_HAL_Driver/Src/stm32f4xx_hal_cortex.o
 .debug_info    0x0000000000004545      0x76a ./Drivers/STM32F4xx_HAL_Driver/Src/stm32f4xx_hal_gpio.o
 .debug_info    0x0000000000004caf      0x966 ./Drivers/STM32F4xx_HAL_Driver/Src/stm32f4xx_hal_rcc.o
 .debug_info    0x0000000000005615     0x2bbe ./Drivers/STM32F4xx_HAL_Driver/Src/stm32f4xx_hal_tim.o
 .debug_info    0x00000000000081d3     0x15e0 ./Drivers/STM32F4xx_HAL_Driver/Src/stm32f4xx_hal_tim_ex.o
 .debug_info    0x00000000000097b3      0x2d1 ./common/ThirdParty/FreeRTOS/list.o
 .debug_info    0x0000000000009a84     0x2842 ./common/ThirdParty/FreeRTOS/tasks.o
 .debug_info    0x000000000000c2c6      0x5ca ./common/ThirdParty/FreeRTOS/portable/GCC/ARM_CM4F/port.o
 .debug_info    0x000000000000c890      0x50d ./common/ThirdParty/FreeRTOS/portable/MemMang/heap_4.o
 .debug_info    0x000000000000cd9d      0x181 ./common/ThirdParty/SEGGER/Config/SEGGER_SYSVIEW_Config_FreeRTOS.o
 .debug_info    0x000000000000cf1e      0x43d ./common/ThirdParty/SEGGER/OS/SEGGER_SYSVIEW_FreeRTOS.o
 .debug_info    0x000000000000d35b      0x91c ./common/ThirdParty/SEGGER/Rec/segger_uart.o
 .debug_info    0x000000000000dc77     0x14ff ./common/ThirdParty/SEGGER/SEGGER/SEGGER_RTT.o
 .debug_info    0x000000000000f176       0x26 ./common/ThirdParty/SEGGER/SEGGER/SEGGER_RTT_ASM_ARMv7M.o
 .debug_info    0x000000000000f19c     0x3812 ./common/ThirdParty/SEGGER/SEGGER/SEGGER_SYSVIEW.o

.debug_abbrev   0x0000000000000000     0x2a95
 .debug_abbrev  0x0000000000000000      0x346 ./Core/Src/main.o
 .debug_abbrev  0x0000000000000346       0xd4 ./Core/Src/stm32f4xx_hal_msp.o
 .debug_abbrev  0x000000000000041a      0x1d3 ./Core/Src/stm32f4xx_hal_timebase_tim.o
 .debug_abbrev  0x00000000000005ed      0x199 ./Core/Src/stm32f4xx_it.o
 .debug_abbrev  0x0000000000000786      0x116 ./Core/Src/system_stm32f4xx.o
 .debug_abbrev  0x000000000000089c       0x12 ./Core/Startup/startup_stm32f407vgtx.o
 .debug_abbrev  0x00000000000008ae      0x20d ./Drivers/STM32F4xx_HAL_Driver/Src/stm32f4xx_hal.o
 .debug_abbrev  0x0000000000000abb      0x316 ./Drivers/STM32F4xx_HAL_Driver/Src/stm32f4xx_hal_cortex.o
 .debug_abbrev  0x0000000000000dd1      0x1c4 ./Drivers/STM32F4xx_HAL_Driver/Src/stm32f4xx_hal_gpio.o
 .debug_abbrev  0x0000000000000f95      0x2aa ./Drivers/STM32F4xx_HAL_Driver/Src/stm32f4xx_hal_rcc.o
 .debug_abbrev  0x000000000000123f      0x25d ./Drivers/STM32F4xx_HAL_Driver/Src/stm32f4xx_hal_tim.o
 .debug_abbrev  0x000000000000149c      0x265 ./Drivers/STM32F4xx_HAL_Driver/Src/stm32f4xx_hal_tim_ex.o
 .debug_abbrev  0x0000000000001701       0xf2 ./common/ThirdParty/FreeRTOS/list.o
 .debug_abbrev  0x00000000000017f3      0x3a6 ./common/ThirdParty/FreeRTOS/tasks.o
 .debug_abbrev  0x0000000000001b99      0x259 ./common/ThirdParty/FreeRTOS/portable/GCC/ARM_CM4F/port.o
 .debug_abbrev  0x0000000000001df2      0x212 ./common/ThirdParty/FreeRTOS/portable/MemMang/heap_4.o
 .debug_abbrev  0x0000000000002004       0xdd ./common/ThirdParty/SEGGER/Config/SEGGER_SYSVIEW_Config_FreeRTOS.o
 .debug_abbrev  0x00000000000020e1      0x19e ./common/ThirdParty/SEGGER/OS/SEGGER_SYSVIEW_FreeRTOS.o
 .debug_abbrev  0x000000000000227f      0x27b ./common/ThirdParty/SEGGER/Rec/segger_uart.o
 .debug_abbrev  0x00000000000024fa      0x24e ./common/ThirdParty/SEGGER/SEGGER/SEGGER_RTT.o
 .debug_abbrev  0x0000000000002748       0x14 ./common/ThirdParty/SEGGER/SEGGER/SEGGER_RTT_ASM_ARMv7M.o
 .debug_abbrev  0x000000000000275c      0x339 ./common/ThirdParty/SEGGER/SEGGER/SEGGER_SYSVIEW.o

.debug_aranges  0x0000000000000000     0x1148
 .debug_aranges
                0x0000000000000000       0x60 ./Core/Src/main.o
 .debug_aranges
                0x0000000000000060       0x20 ./Core/Src/stm32f4xx_hal_msp.o
 .debug_aranges
                0x0000000000000080       0x30 ./Core/Src/stm32f4xx_hal_timebase_tim.o
 .debug_aranges
                0x00000000000000b0       0x50 ./Core/Src/stm32f4xx_it.o
 .debug_aranges
                0x0000000000000100       0x28 ./Core/Src/system_stm32f4xx.o
 .debug_aranges
                0x0000000000000128       0x28 ./Core/Startup/startup_stm32f407vgtx.o
 .debug_aranges
                0x0000000000000150       0xf0 ./Drivers/STM32F4xx_HAL_Driver/Src/stm32f4xx_hal.o
 .debug_aranges
                0x0000000000000240      0x118 ./Drivers/STM32F4xx_HAL_Driver/Src/stm32f4xx_hal_cortex.o
 .debug_aranges
                0x0000000000000358       0x58 ./Drivers/STM32F4xx_HAL_Driver/Src/stm32f4xx_hal_gpio.o
 .debug_aranges
                0x00000000000003b0       0x88 ./Drivers/STM32F4xx_HAL_Driver/Src/stm32f4xx_hal_rcc.o
 .debug_aranges
                0x0000000000000438      0x3d0 ./Drivers/STM32F4xx_HAL_Driver/Src/stm32f4xx_hal_tim.o
 .debug_aranges
                0x0000000000000808      0x168 ./Drivers/STM32F4xx_HAL_Driver/Src/stm32f4xx_hal_tim_ex.o
 .debug_aranges
                0x0000000000000970       0x40 ./common/ThirdParty/FreeRTOS/list.o
 .debug_aranges
                0x00000000000009b0      0x208 ./common/ThirdParty/FreeRTOS/tasks.o
 .debug_aranges
                0x0000000000000bb8       0x88 ./common/ThirdParty/FreeRTOS/portable/GCC/ARM_CM4F/port.o
 .debug_aranges
                0x0000000000000c40       0x58 ./common/ThirdParty/FreeRTOS/portable/MemMang/heap_4.o
 .debug_aranges
                0x0000000000000c98       0x28 ./common/ThirdParty/SEGGER/Config/SEGGER_SYSVIEW_Config_FreeRTOS.o
 .debug_aranges
                0x0000000000000cc0       0x48 ./common/ThirdParty/SEGGER/OS/SEGGER_SYSVIEW_FreeRTOS.o
 .debug_aranges
                0x0000000000000d08       0x68 ./common/ThirdParty/SEGGER/Rec/segger_uart.o
 .debug_aranges
                0x0000000000000d70      0x138 ./common/ThirdParty/SEGGER/SEGGER/SEGGER_RTT.o
 .debug_aranges
                0x0000000000000ea8       0x20 ./common/ThirdParty/SEGGER/SEGGER/SEGGER_RTT_ASM_ARMv7M.o
 .debug_aranges
                0x0000000000000ec8      0x280 ./common/ThirdParty/SEGGER/SEGGER/SEGGER_SYSVIEW.o

.debug_ranges   0x0000000000000000      0xfe0
 .debug_ranges  0x0000000000000000       0x50 ./Core/Src/main.o
 .debug_ranges  0x0000000000000050       0x10 ./Core/Src/stm32f4xx_hal_msp.o
 .debug_ranges  0x0000000000000060       0x20 ./Core/Src/stm32f4xx_hal_timebase_tim.o
 .debug_ranges  0x0000000000000080       0x40 ./Core/Src/stm32f4xx_it.o
 .debug_ranges  0x00000000000000c0       0x18 ./Core/Src/system_stm32f4xx.o
 .debug_ranges  0x00000000000000d8       0x20 ./Core/Startup/startup_stm32f407vgtx.o
 .debug_ranges  0x00000000000000f8       0xe0 ./Drivers/STM32F4xx_HAL_Driver/Src/stm32f4xx_hal.o
 .debug_ranges  0x00000000000001d8      0x108 ./Drivers/STM32F4xx_HAL_Driver/Src/stm32f4xx_hal_cortex.o
 .debug_ranges  0x00000000000002e0       0x48 ./Drivers/STM32F4xx_HAL_Driver/Src/stm32f4xx_hal_gpio.o
 .debug_ranges  0x0000000000000328       0x78 ./Drivers/STM32F4xx_HAL_Driver/Src/stm32f4xx_hal_rcc.o
 .debug_ranges  0x00000000000003a0      0x3c0 ./Drivers/STM32F4xx_HAL_Driver/Src/stm32f4xx_hal_tim.o
 .debug_ranges  0x0000000000000760      0x158 ./Drivers/STM32F4xx_HAL_Driver/Src/stm32f4xx_hal_tim_ex.o
 .debug_ranges  0x00000000000008b8       0x30 ./common/ThirdParty/FreeRTOS/list.o
 .debug_ranges  0x00000000000008e8      0x1f8 ./common/ThirdParty/FreeRTOS/tasks.o
 .debug_ranges  0x0000000000000ae0       0x78 ./common/ThirdParty/FreeRTOS/portable/GCC/ARM_CM4F/port.o
 .debug_ranges  0x0000000000000b58       0x48 ./common/ThirdParty/FreeRTOS/portable/MemMang/heap_4.o
 .debug_ranges  0x0000000000000ba0       0x18 ./common/ThirdParty/SEGGER/Config/SEGGER_SYSVIEW_Config_FreeRTOS.o
 .debug_ranges  0x0000000000000bb8       0x38 ./common/ThirdParty/SEGGER/OS/SEGGER_SYSVIEW_FreeRTOS.o
 .debug_ranges  0x0000000000000bf0       0x58 ./common/ThirdParty/SEGGER/Rec/segger_uart.o
 .debug_ranges  0x0000000000000c48      0x128 ./common/ThirdParty/SEGGER/SEGGER/SEGGER_RTT.o
 .debug_ranges  0x0000000000000d70      0x270 ./common/ThirdParty/SEGGER/SEGGER/SEGGER_SYSVIEW.o

.debug_macro    0x0000000000000000    0x22955
 .debug_macro   0x0000000000000000      0x2a7 ./Core/Src/main.o
 .debug_macro   0x00000000000002a7      0xa78 ./Core/Src/main.o
 .debug_macro   0x0000000000000d1f      0x184 ./Core/Src/main.o
 .debug_macro   0x0000000000000ea3       0x2e ./Core/Src/main.o
 .debug_macro   0x0000000000000ed1       0x2f ./Core/Src/main.o
 .debug_macro   0x0000000000000f00       0x22 ./Core/Src/main.o
 .debug_macro   0x0000000000000f22       0x8e ./Core/Src/main.o
 .debug_macro   0x0000000000000fb0       0x51 ./Core/Src/main.o
 .debug_macro   0x0000000000001001      0x103 ./Core/Src/main.o
 .debug_macro   0x0000000000001104       0x6a ./Core/Src/main.o
 .debug_macro   0x000000000000116e      0x1df ./Core/Src/main.o
 .debug_macro   0x000000000000134d       0x1c ./Core/Src/main.o
 .debug_macro   0x0000000000001369       0x22 ./Core/Src/main.o
 .debug_macro   0x000000000000138b       0xd9 ./Core/Src/main.o
 .debug_macro   0x0000000000001464     0x102d ./Core/Src/main.o
 .debug_macro   0x0000000000002491      0x11f ./Core/Src/main.o
 .debug_macro   0x00000000000025b0    0x15e82 ./Core/Src/main.o
 .debug_macro   0x0000000000018432       0x6d ./Core/Src/main.o
 .debug_macro   0x000000000001849f     0x367e ./Core/Src/main.o
 .debug_macro   0x000000000001bb1d      0x174 ./Core/Src/main.o
 .debug_macro   0x000000000001bc91       0x5c ./Core/Src/main.o
 .debug_macro   0x000000000001bced      0x96b ./Core/Src/main.o
 .debug_macro   0x000000000001c658      0x9fe ./Core/Src/main.o
 .debug_macro   0x000000000001d056      0x174 ./Core/Src/main.o
 .debug_macro   0x000000000001d1ca      0x115 ./Core/Src/main.o
 .debug_macro   0x000000000001d2df      0x13e ./Core/Src/main.o
 .debug_macro   0x000000000001d41d       0xa5 ./Core/Src/main.o
 .debug_macro   0x000000000001d4c2      0x287 ./Core/Src/main.o
 .debug_macro   0x000000000001d749       0x5f ./Core/Src/main.o
 .debug_macro   0x000000000001d7a8      0x236 ./Core/Src/main.o
 .debug_macro   0x000000000001d9de      0x12c ./Core/Src/main.o
 .debug_macro   0x000000000001db0a      0x21e ./Core/Src/main.o
 .debug_macro   0x000000000001dd28       0x2e ./Core/Src/main.o
 .debug_macro   0x000000000001dd56      0x11a ./Core/Src/main.o
 .debug_macro   0x000000000001de70       0x7e ./Core/Src/main.o
 .debug_macro   0x000000000001deee       0x89 ./Core/Src/main.o
 .debug_macro   0x000000000001df77      0x8e6 ./Core/Src/main.o
 .debug_macro   0x000000000001e85d       0x47 ./Core/Src/main.o
 .debug_macro   0x000000000001e8a4      0x12d ./Core/Src/main.o
 .debug_macro   0x000000000001e9d1      0x1ab ./Core/Src/main.o
 .debug_macro   0x000000000001eb7c      0x11a ./Core/Src/main.o
 .debug_macro   0x000000000001ec96       0x58 ./Core/Src/main.o
 .debug_macro   0x000000000001ecee       0x46 ./Core/Src/main.o
 .debug_macro   0x000000000001ed34       0x64 ./Core/Src/main.o
 .debug_macro   0x000000000001ed98       0x16 ./Core/Src/main.o
 .debug_macro   0x000000000001edae       0x49 ./Core/Src/main.o
 .debug_macro   0x000000000001edf7       0xbc ./Core/Src/main.o
 .debug_macro   0x000000000001eeb3      0x204 ./Core/Src/main.o
 .debug_macro   0x000000000001f0b7      0x450 ./Core/Src/main.o
 .debug_macro   0x000000000001f507      0x15a ./Core/Src/main.o
 .debug_macro   0x000000000001f661       0xea ./Core/Src/main.o
 .debug_macro   0x000000000001f74b       0x28 ./Core/Src/main.o
 .debug_macro   0x000000000001f773       0x1f ./Core/Src/main.o
 .debug_macro   0x000000000001f792       0x12 ./Core/Src/main.o
 .debug_macro   0x000000000001f7a4      0x3d7 ./Core/Src/main.o
 .debug_macro   0x000000000001fb7b       0xc3 ./Core/Src/main.o
 .debug_macro   0x000000000001fc3e      0x120 ./Core/Src/main.o
 .debug_macro   0x000000000001fd5e      0x1d3 ./Core/Src/stm32f4xx_hal_msp.o
 .debug_macro   0x000000000001ff31      0x1c4 ./Core/Src/stm32f4xx_hal_timebase_tim.o
 .debug_macro   0x00000000000200f5      0x1dd ./Core/Src/stm32f4xx_it.o
 .debug_macro   0x00000000000202d2      0x1c4 ./Core/Src/system_stm32f4xx.o
 .debug_macro   0x0000000000020496      0x224 ./Drivers/STM32F4xx_HAL_Driver/Src/stm32f4xx_hal.o
 .debug_macro   0x00000000000206ba      0x1c4 ./Drivers/STM32F4xx_HAL_Driver/Src/stm32f4xx_hal_cortex.o
 .debug_macro   0x000000000002087e      0x1ca ./Drivers/STM32F4xx_HAL_Driver/Src/stm32f4xx_hal_gpio.o
 .debug_macro   0x0000000000020a48      0x1e8 ./Drivers/STM32F4xx_HAL_Driver/Src/stm32f4xx_hal_rcc.o
 .debug_macro   0x0000000000020c30      0x1c5 ./Drivers/STM32F4xx_HAL_Driver/Src/stm32f4xx_hal_tim.o
 .debug_macro   0x0000000000020df5      0x1c4 ./Drivers/STM32F4xx_HAL_Driver/Src/stm32f4xx_hal_tim_ex.o
 .debug_macro   0x0000000000020fb9      0x1f9 ./common/ThirdParty/FreeRTOS/list.o
 .debug_macro   0x00000000000211b2      0x2df ./common/ThirdParty/FreeRTOS/tasks.o
 .debug_macro   0x0000000000021491       0x17 ./common/ThirdParty/FreeRTOS/tasks.o
 .debug_macro   0x00000000000214a8      0x1fc ./common/ThirdParty/FreeRTOS/portable/GCC/ARM_CM4F/port.o
 .debug_macro   0x00000000000216a4      0x214 ./common/ThirdParty/FreeRTOS/portable/MemMang/heap_4.o
 .debug_macro   0x00000000000218b8      0x13c ./common/ThirdParty/SEGGER/Config/SEGGER_SYSVIEW_Config_FreeRTOS.o
 .debug_macro   0x00000000000219f4      0x208 ./common/ThirdParty/SEGGER/OS/SEGGER_SYSVIEW_FreeRTOS.o
 .debug_macro   0x0000000000021bfc      0x41c ./common/ThirdParty/SEGGER/Rec/segger_uart.o
 .debug_macro   0x0000000000022018       0x3a ./common/ThirdParty/SEGGER/Rec/segger_uart.o
 .debug_macro   0x0000000000022052      0x138 ./common/ThirdParty/SEGGER/Rec/segger_uart.o
 .debug_macro   0x000000000002218a       0x56 ./common/ThirdParty/SEGGER/Rec/segger_uart.o
 .debug_macro   0x00000000000221e0      0x1bd ./common/ThirdParty/SEGGER/SEGGER/SEGGER_RTT.o
 .debug_macro   0x000000000002239d       0x34 ./common/ThirdParty/SEGGER/SEGGER/SEGGER_RTT.o
 .debug_macro   0x00000000000223d1      0x212 ./common/ThirdParty/SEGGER/SEGGER/SEGGER_SYSVIEW.o
 .debug_macro   0x00000000000225e3      0x204 ./common/ThirdParty/SEGGER/SEGGER/SEGGER_SYSVIEW.o
 .debug_macro   0x00000000000227e7      0x16e ./common/ThirdParty/SEGGER/SEGGER/SEGGER_SYSVIEW.o

.debug_line     0x0000000000000000    0x13442
 .debug_line    0x0000000000000000      0xc58 ./Core/Src/main.o
 .debug_line    0x0000000000000c58      0x6a0 ./Core/Src/stm32f4xx_hal_msp.o
 .debug_line    0x00000000000012f8      0x6ff ./Core/Src/stm32f4xx_hal_timebase_tim.o
 .debug_line    0x00000000000019f7      0x73c ./Core/Src/stm32f4xx_it.o
 .debug_line    0x0000000000002133      0x721 ./Core/Src/system_stm32f4xx.o
 .debug_line    0x0000000000002854       0x88 ./Core/Startup/startup_stm32f407vgtx.o
 .debug_line    0x00000000000028dc      0x987 ./Drivers/STM32F4xx_HAL_Driver/Src/stm32f4xx_hal.o
 .debug_line    0x0000000000003263      0xc36 ./Drivers/STM32F4xx_HAL_Driver/Src/stm32f4xx_hal_cortex.o
 .debug_line    0x0000000000003e99      0xafb ./Drivers/STM32F4xx_HAL_Driver/Src/stm32f4xx_hal_gpio.o
 .debug_line    0x0000000000004994      0xd03 ./Drivers/STM32F4xx_HAL_Driver/Src/stm32f4xx_hal_rcc.o
 .debug_line    0x0000000000005697     0x367b ./Drivers/STM32F4xx_HAL_Driver/Src/stm32f4xx_hal_tim.o
 .debug_line    0x0000000000008d12     0x1984 ./Drivers/STM32F4xx_HAL_Driver/Src/stm32f4xx_hal_tim_ex.o
 .debug_line    0x000000000000a696      0x98e ./common/ThirdParty/FreeRTOS/list.o
 .debug_line    0x000000000000b024     0x211c ./common/ThirdParty/FreeRTOS/tasks.o
 .debug_line    0x000000000000d140      0xa94 ./common/ThirdParty/FreeRTOS/portable/GCC/ARM_CM4F/port.o
 .debug_line    0x000000000000dbd4      0xbd9 ./common/ThirdParty/FreeRTOS/portable/MemMang/heap_4.o
 .debug_line    0x000000000000e7ad      0x701 ./common/ThirdParty/SEGGER/Config/SEGGER_SYSVIEW_Config_FreeRTOS.o
 .debug_line    0x000000000000eeae      0x9f4 ./common/ThirdParty/SEGGER/OS/SEGGER_SYSVIEW_FreeRTOS.o
 .debug_line    0x000000000000f8a2      0xbd8 ./common/ThirdParty/SEGGER/Rec/segger_uart.o
 .debug_line    0x000000000001047a      0xef9 ./common/ThirdParty/SEGGER/SEGGER/SEGGER_RTT.o
 .debug_line    0x0000000000011373       0xef ./common/ThirdParty/SEGGER/SEGGER/SEGGER_RTT_ASM_ARMv7M.o
 .debug_line    0x0000000000011462     0x1fe0 ./common/ThirdParty/SEGGER/SEGGER/SEGGER_SYSVIEW.o

.debug_str      0x0000000000000000    0xd5de1
 .debug_str     0x0000000000000000    0xcb621 ./Core/Src/main.o
                                      0xcb9e7 (size before relaxing)
 .debug_str     0x00000000000cb621       0x2c ./Core/Src/stm32f4xx_hal_msp.o
                                      0xc1c1f (size before relaxing)
 .debug_str     0x00000000000cb64d      0x14c ./Core/Src/stm32f4xx_hal_timebase_tim.o
                                      0xc20e4 (size before relaxing)
 .debug_str     0x00000000000cb799       0xd2 ./Core/Src/stm32f4xx_it.o
                                      0xc2116 (size before relaxing)
 .debug_str     0x00000000000cb86b       0xdb ./Core/Src/system_stm32f4xx.o
                                      0xc160f (size before relaxing)
 .debug_str     0x00000000000cb946       0x9a ./Core/Startup/startup_stm32f407vgtx.o
 .debug_str     0x00000000000cb9e0      0x5d4 ./Drivers/STM32F4xx_HAL_Driver/Src/stm32f4xx_hal.o
                                      0xc2193 (size before relaxing)
 .debug_str     0x00000000000cbfb4      0x331 ./Drivers/STM32F4xx_HAL_Driver/Src/stm32f4xx_hal_cortex.o
                                      0xc1ec6 (size before relaxing)
 .debug_str     0x00000000000cc2e5      0x105 ./Drivers/STM32F4xx_HAL_Driver/Src/stm32f4xx_hal_gpio.o
                                      0xc178a (size before relaxing)
 .debug_str     0x00000000000cc3ea      0x1fd ./Drivers/STM32F4xx_HAL_Driver/Src/stm32f4xx_hal_rcc.o
                                      0xc1a43 (size before relaxing)
 .debug_str     0x00000000000cc5e7      0xe69 ./Drivers/STM32F4xx_HAL_Driver/Src/stm32f4xx_hal_tim.o
                                      0xc2989 (size before relaxing)
 .debug_str     0x00000000000cd450      0x503 ./Drivers/STM32F4xx_HAL_Driver/Src/stm32f4xx_hal_tim_ex.o
                                      0xc21a5 (size before relaxing)
 .debug_str     0x00000000000cd953     0x3057 ./common/ThirdParty/FreeRTOS/list.o
                                       0xec2f (size before relaxing)
 .debug_str     0x00000000000d09aa     0x1f2e ./common/ThirdParty/FreeRTOS/tasks.o
                                      0x11ed1 (size before relaxing)
 .debug_str     0x00000000000d28d8      0x7f2 ./common/ThirdParty/FreeRTOS/portable/GCC/ARM_CM4F/port.o
                                       0xd792 (size before relaxing)
 .debug_str     0x00000000000d30ca      0x368 ./common/ThirdParty/FreeRTOS/portable/MemMang/heap_4.o
                                      0x100f8 (size before relaxing)
 .debug_str     0x00000000000d3432      0x217 ./common/ThirdParty/SEGGER/Config/SEGGER_SYSVIEW_Config_FreeRTOS.o
                                       0xb2d5 (size before relaxing)
 .debug_str     0x00000000000d3649      0x145 ./common/ThirdParty/SEGGER/OS/SEGGER_SYSVIEW_FreeRTOS.o
                                       0xfe70 (size before relaxing)
 .debug_str     0x00000000000d378e     0x105b ./common/ThirdParty/SEGGER/Rec/segger_uart.o
                                      0xc7363 (size before relaxing)
 .debug_str     0x00000000000d47e9      0x7e4 ./common/ThirdParty/SEGGER/SEGGER/SEGGER_RTT.o
                                       0x7802 (size before relaxing)
 .debug_str     0x00000000000d4fcd       0x83 ./common/ThirdParty/SEGGER/SEGGER/SEGGER_RTT_ASM_ARMv7M.o
                                         0xf8 (size before relaxing)
 .debug_str     0x00000000000d5050      0xd91 ./common/ThirdParty/SEGGER/SEGGER/SEGGER_SYSVIEW.o
                                       0x9854 (size before relaxing)

.comment        0x0000000000000000       0x50
 .comment       0x0000000000000000       0x50 ./Core/Src/main.o
                                         0x51 (size before relaxing)
 .comment       0x0000000000000050       0x51 ./Core/Src/stm32f4xx_hal_msp.o
 .comment       0x0000000000000050       0x51 ./Core/Src/stm32f4xx_hal_timebase_tim.o
 .comment       0x0000000000000050       0x51 ./Core/Src/stm32f4xx_it.o
 .comment       0x0000000000000050       0x51 ./Core/Src/system_stm32f4xx.o
 .comment       0x0000000000000050       0x51 ./Drivers/STM32F4xx_HAL_Driver/Src/stm32f4xx_hal.o
 .comment       0x0000000000000050       0x51 ./Drivers/STM32F4xx_HAL_Driver/Src/stm32f4xx_hal_cortex.o
 .comment       0x0000000000000050       0x51 ./Drivers/STM32F4xx_HAL_Driver/Src/stm32f4xx_hal_gpio.o
 .comment       0x0000000000000050       0x51 ./Drivers/STM32F4xx_HAL_Driver/Src/stm32f4xx_hal_rcc.o
 .comment       0x0000000000000050       0x51 ./Drivers/STM32F4xx_HAL_Driver/Src/stm32f4xx_hal_tim.o
 .comment       0x0000000000000050       0x51 ./Drivers/STM32F4xx_HAL_Driver/Src/stm32f4xx_hal_tim_ex.o
 .comment       0x0000000000000050       0x51 ./common/ThirdParty/FreeRTOS/list.o
 .comment       0x0000000000000050       0x51 ./common/ThirdParty/FreeRTOS/tasks.o
 .comment       0x0000000000000050       0x51 ./common/ThirdParty/FreeRTOS/portable/GCC/ARM_CM4F/port.o
 .comment       0x0000000000000050       0x51 ./common/ThirdParty/FreeRTOS/portable/MemMang/heap_4.o
 .comment       0x0000000000000050       0x51 ./common/ThirdParty/SEGGER/Config/SEGGER_SYSVIEW_Config_FreeRTOS.o
 .comment       0x0000000000000050       0x51 ./common/ThirdParty/SEGGER/OS/SEGGER_SYSVIEW_FreeRTOS.o
 .comment       0x0000000000000050       0x51 ./common/ThirdParty/SEGGER/Rec/segger_uart.o
 .comment       0x0000000000000050       0x51 ./common/ThirdParty/SEGGER/SEGGER/SEGGER_RTT.o
 .comment       0x0000000000000050       0x51 ./common/ThirdParty/SEGGER/SEGGER/SEGGER_SYSVIEW.o

.debug_frame    0x0000000000000000     0x47dc
 .debug_frame   0x0000000000000000      0x140 ./Core/Src/main.o
 .debug_frame   0x0000000000000140       0x38 ./Core/Src/stm32f4xx_hal_msp.o
 .debug_frame   0x0000000000000178       0x74 ./Core/Src/stm32f4xx_hal_timebase_tim.o
 .debug_frame   0x00000000000001ec       0xc8 ./Core/Src/stm32f4xx_it.o
 .debug_frame   0x00000000000002b4       0x58 ./Core/Src/system_stm32f4xx.o
 .debug_frame   0x000000000000030c      0x374 ./Drivers/STM32F4xx_HAL_Driver/Src/stm32f4xx_hal.o
 .debug_frame   0x0000000000000680      0x498 ./Drivers/STM32F4xx_HAL_Driver/Src/stm32f4xx_hal_cortex.o
 .debug_frame   0x0000000000000b18      0x14c ./Drivers/STM32F4xx_HAL_Driver/Src/stm32f4xx_hal_gpio.o
 .debug_frame   0x0000000000000c64      0x1f4 ./Drivers/STM32F4xx_HAL_Driver/Src/stm32f4xx_hal_rcc.o
 .debug_frame   0x0000000000000e58     0x11c4 ./Drivers/STM32F4xx_HAL_Driver/Src/stm32f4xx_hal_tim.o
 .debug_frame   0x000000000000201c      0x638 ./Drivers/STM32F4xx_HAL_Driver/Src/stm32f4xx_hal_tim_ex.o
 .debug_frame   0x0000000000002654       0xd8 ./common/ThirdParty/FreeRTOS/list.o
 .debug_frame   0x000000000000272c      0x900 ./common/ThirdParty/FreeRTOS/tasks.o
 .debug_frame   0x000000000000302c      0x1d0 ./common/ThirdParty/FreeRTOS/portable/GCC/ARM_CM4F/port.o
 .debug_frame   0x00000000000031fc      0x12c ./common/ThirdParty/FreeRTOS/portable/MemMang/heap_4.o
 .debug_frame   0x0000000000003328       0x48 ./common/ThirdParty/SEGGER/Config/SEGGER_SYSVIEW_Config_FreeRTOS.o
 .debug_frame   0x0000000000003370      0x104 ./common/ThirdParty/SEGGER/OS/SEGGER_SYSVIEW_FreeRTOS.o
 .debug_frame   0x0000000000003474      0x178 ./common/ThirdParty/SEGGER/Rec/segger_uart.o
 .debug_frame   0x00000000000035ec      0x530 ./common/ThirdParty/SEGGER/SEGGER/SEGGER_RTT.o
 .debug_frame   0x0000000000003b1c      0xbc4 ./common/ThirdParty/SEGGER/SEGGER/SEGGER_SYSVIEW.o
 .debug_frame   0x00000000000046e0       0x2c c:/st/stm32cubeide_1.9.0/stm32cubeide/plugins/com.st.stm32cube.ide.mcu.externaltools.gnu-tools-for-stm32.10.3-2021.10.win32_1.0.0.202111181127/tools/bin/../lib/gcc/arm-none-eabi/10.3.1/../../../../arm-none-eabi/lib/thumb/v7e-m+fp/hard\libc_nano.a(lib_a-init.o)
 .debug_frame   0x000000000000470c       0x28 c:/st/stm32cubeide_1.9.0/stm32cubeide/plugins/com.st.stm32cube.ide.mcu.externaltools.gnu-tools-for-stm32.10.3-2021.10.win32_1.0.0.202111181127/tools/bin/../lib/gcc/arm-none-eabi/10.3.1/../../../../arm-none-eabi/lib/thumb/v7e-m+fp/hard\libc_nano.a(lib_a-memcmp.o)
 .debug_frame   0x0000000000004734       0x28 c:/st/stm32cubeide_1.9.0/stm32cubeide/plugins/com.st.stm32cube.ide.mcu.externaltools.gnu-tools-for-stm32.10.3-2021.10.win32_1.0.0.202111181127/tools/bin/../lib/gcc/arm-none-eabi/10.3.1/../../../../arm-none-eabi/lib/thumb/v7e-m+fp/hard\libc_nano.a(lib_a-memcpy-stub.o)
 .debug_frame   0x000000000000475c       0x20 c:/st/stm32cubeide_1.9.0/stm32cubeide/plugins/com.st.stm32cube.ide.mcu.externaltools.gnu-tools-for-stm32.10.3-2021.10.win32_1.0.0.202111181127/tools/bin/../lib/gcc/arm-none-eabi/10.3.1/../../../../arm-none-eabi/lib/thumb/v7e-m+fp/hard\libc_nano.a(lib_a-memset.o)
 .debug_frame   0x000000000000477c       0x2c c:/st/stm32cubeide_1.9.0/stm32cubeide/plugins/com.st.stm32cube.ide.mcu.externaltools.gnu-tools-for-stm32.10.3-2021.10.win32_1.0.0.202111181127/tools/bin/../lib/gcc/arm-none-eabi/10.3.1/thumb/v7e-m+fp/hard\libgcc.a(_aeabi_uldivmod.o)
 .debug_frame   0x00000000000047a8       0x34 c:/st/stm32cubeide_1.9.0/stm32cubeide/plugins/com.st.stm32cube.ide.mcu.externaltools.gnu-tools-for-stm32.10.3-2021.10.win32_1.0.0.202111181127/tools/bin/../lib/gcc/arm-none-eabi/10.3.1/thumb/v7e-m+fp/hard\libgcc.a(_udivmoddi4.o)
