Archive member included to satisfy reference by file (symbol)

c:/st/stm32cubeide_1.9.0/stm32cubeide/plugins/com.st.stm32cube.ide.mcu.externaltools.gnu-tools-for-stm32.10.3-2021.10.win32_1.0.0.202111181127/tools/bin/../lib/gcc/arm-none-eabi/10.3.1/../../../../arm-none-eabi/lib/thumb/v7e-m+fp/hard\libc_nano.a(lib_a-errno.o)
                              ./Core/Src/syscalls.o (__errno)
c:/st/stm32cubeide_1.9.0/stm32cubeide/plugins/com.st.stm32cube.ide.mcu.externaltools.gnu-tools-for-stm32.10.3-2021.10.win32_1.0.0.202111181127/tools/bin/../lib/gcc/arm-none-eabi/10.3.1/../../../../arm-none-eabi/lib/thumb/v7e-m+fp/hard\libc_nano.a(lib_a-exit.o)
                              c:/st/stm32cubeide_1.9.0/stm32cubeide/plugins/com.st.stm32cube.ide.mcu.externaltools.gnu-tools-for-stm32.10.3-2021.10.win32_1.0.0.202111181127/tools/bin/../lib/gcc/arm-none-eabi/10.3.1/../../../../arm-none-eabi/lib/thumb/v7e-m+fp/hard/crt0.o (exit)
c:/st/stm32cubeide_1.9.0/stm32cubeide/plugins/com.st.stm32cube.ide.mcu.externaltools.gnu-tools-for-stm32.10.3-2021.10.win32_1.0.0.202111181127/tools/bin/../lib/gcc/arm-none-eabi/10.3.1/../../../../arm-none-eabi/lib/thumb/v7e-m+fp/hard\libc_nano.a(lib_a-impure.o)
                              c:/st/stm32cubeide_1.9.0/stm32cubeide/plugins/com.st.stm32cube.ide.mcu.externaltools.gnu-tools-for-stm32.10.3-2021.10.win32_1.0.0.202111181127/tools/bin/../lib/gcc/arm-none-eabi/10.3.1/../../../../arm-none-eabi/lib/thumb/v7e-m+fp/hard\libc_nano.a(lib_a-exit.o) (_global_impure_ptr)
c:/st/stm32cubeide_1.9.0/stm32cubeide/plugins/com.st.stm32cube.ide.mcu.externaltools.gnu-tools-for-stm32.10.3-2021.10.win32_1.0.0.202111181127/tools/bin/../lib/gcc/arm-none-eabi/10.3.1/../../../../arm-none-eabi/lib/thumb/v7e-m+fp/hard\libc_nano.a(lib_a-init.o)
                              c:/st/stm32cubeide_1.9.0/stm32cubeide/plugins/com.st.stm32cube.ide.mcu.externaltools.gnu-tools-for-stm32.10.3-2021.10.win32_1.0.0.202111181127/tools/bin/../lib/gcc/arm-none-eabi/10.3.1/../../../../arm-none-eabi/lib/thumb/v7e-m+fp/hard/crt0.o (__libc_init_array)
c:/st/stm32cubeide_1.9.0/stm32cubeide/plugins/com.st.stm32cube.ide.mcu.externaltools.gnu-tools-for-stm32.10.3-2021.10.win32_1.0.0.202111181127/tools/bin/../lib/gcc/arm-none-eabi/10.3.1/../../../../arm-none-eabi/lib/thumb/v7e-m+fp/hard\libc_nano.a(lib_a-memcmp.o)
                              ./common/ThirdParty/SEGGER/OS/SEGGER_SYSVIEW_FreeRTOS.o (memcmp)
c:/st/stm32cubeide_1.9.0/stm32cubeide/plugins/com.st.stm32cube.ide.mcu.externaltools.gnu-tools-for-stm32.10.3-2021.10.win32_1.0.0.202111181127/tools/bin/../lib/gcc/arm-none-eabi/10.3.1/../../../../arm-none-eabi/lib/thumb/v7e-m+fp/hard\libc_nano.a(lib_a-memcpy-stub.o)
                              ./common/ThirdParty/FreeRTOS/queue.o (memcpy)
c:/st/stm32cubeide_1.9.0/stm32cubeide/plugins/com.st.stm32cube.ide.mcu.externaltools.gnu-tools-for-stm32.10.3-2021.10.win32_1.0.0.202111181127/tools/bin/../lib/gcc/arm-none-eabi/10.3.1/../../../../arm-none-eabi/lib/thumb/v7e-m+fp/hard\libc_nano.a(lib_a-memset.o)
                              c:/st/stm32cubeide_1.9.0/stm32cubeide/plugins/com.st.stm32cube.ide.mcu.externaltools.gnu-tools-for-stm32.10.3-2021.10.win32_1.0.0.202111181127/tools/bin/../lib/gcc/arm-none-eabi/10.3.1/../../../../arm-none-eabi/lib/thumb/v7e-m+fp/hard/crt0.o (memset)
c:/st/stm32cubeide_1.9.0/stm32cubeide/plugins/com.st.stm32cube.ide.mcu.externaltools.gnu-tools-for-stm32.10.3-2021.10.win32_1.0.0.202111181127/tools/bin/../lib/gcc/arm-none-eabi/10.3.1/../../../../arm-none-eabi/lib/thumb/v7e-m+fp/hard\libc_nano.a(lib_a-strlen.o)
                              ./common/ThirdParty/SEGGER/SEGGER/SEGGER_RTT.o (strlen)
c:/st/stm32cubeide_1.9.0/stm32cubeide/plugins/com.st.stm32cube.ide.mcu.externaltools.gnu-tools-for-stm32.10.3-2021.10.win32_1.0.0.202111181127/tools/bin/../lib/gcc/arm-none-eabi/10.3.1/thumb/v7e-m+fp/hard\libgcc.a(_aeabi_uldivmod.o)
                              ./Drivers/STM32F4xx_HAL_Driver/Src/stm32f4xx_hal_rcc.o (__aeabi_uldivmod)
c:/st/stm32cubeide_1.9.0/stm32cubeide/plugins/com.st.stm32cube.ide.mcu.externaltools.gnu-tools-for-stm32.10.3-2021.10.win32_1.0.0.202111181127/tools/bin/../lib/gcc/arm-none-eabi/10.3.1/thumb/v7e-m+fp/hard\libgcc.a(_udivmoddi4.o)
                              c:/st/stm32cubeide_1.9.0/stm32cubeide/plugins/com.st.stm32cube.ide.mcu.externaltools.gnu-tools-for-stm32.10.3-2021.10.win32_1.0.0.202111181127/tools/bin/../lib/gcc/arm-none-eabi/10.3.1/thumb/v7e-m+fp/hard\libgcc.a(_aeabi_uldivmod.o) (__udivmoddi4)
c:/st/stm32cubeide_1.9.0/stm32cubeide/plugins/com.st.stm32cube.ide.mcu.externaltools.gnu-tools-for-stm32.10.3-2021.10.win32_1.0.0.202111181127/tools/bin/../lib/gcc/arm-none-eabi/10.3.1/thumb/v7e-m+fp/hard\libgcc.a(_dvmd_tls.o)
                              c:/st/stm32cubeide_1.9.0/stm32cubeide/plugins/com.st.stm32cube.ide.mcu.externaltools.gnu-tools-for-stm32.10.3-2021.10.win32_1.0.0.202111181127/tools/bin/../lib/gcc/arm-none-eabi/10.3.1/thumb/v7e-m+fp/hard\libgcc.a(_aeabi_uldivmod.o) (__aeabi_ldiv0)
[...]
Memory Configuration

Name             Origin             Length             Attributes
CCMRAM           0x0000000010000000 0x0000000000010000 xrw
RAM              0x0000000020000000 0x0000000000020000 xrw
FLASH            0x0000000008000000 0x0000000000100000 xr
*default*        0x0000000000000000 0xffffffffffffffff

Linker script and memory map

LOAD c:/st/stm32cubeide_1.9.0/stm32cubeide/plugins/com.st.stm32cube.ide.mcu.externaltools.gnu-tools-for-stm32.10.3-2021.10.win32_1.0.0.202111181127/tools/bin/../lib/gcc/arm-none-eabi/10.3.1/thumb/v7e-m+fp/hard/crti.o
LOAD c:/st/stm32cubeide_1.9.0/stm32cubeide/plugins/com.st.stm32cube.ide.mcu.externaltools.gnu-tools-for-stm32.10.3-2021.10.win32_1.0.0.202111181127/tools/bin/../lib/gcc/arm-none-eabi/10.3.1/thumb/v7e-m+fp/hard/crtbegin.o
LOAD c:/st/stm32cubeide_1.9.0/stm32cubeide/plugins/com.st.stm32cube.ide.mcu.externaltools.gnu-tools-for-stm32.10.3-2021.10.win32_1.0.0.202111181127/tools/bin/../lib/gcc/arm-none-eabi/10.3.1/../../../../arm-none-eabi/lib/thumb/v7e-m+fp/hard/crt0.o
LOAD ./Core/Src/main.o
LOAD ./Core/Src/stm32f4xx_hal_msp.o
LOAD ./Core/Src/stm32f4xx_hal_timebase_tim.o
LOAD ./Core/Src/stm32f4xx_it.o
LOAD ./Core/Src/syscalls.o
LOAD ./Core/Src/sysmem.o
LOAD ./Core/Src/system_stm32f4xx.o
LOAD ./Core/Startup/startup_stm32f407vgtx.o
LOAD ./Drivers/STM32F4xx_HAL_Driver/Src/stm32f4xx_hal.o
LOAD ./Drivers/STM32F4xx_HAL_Driver/Src/stm32f4xx_hal_cortex.o
LOAD ./Drivers/STM32F4xx_HAL_Driver/Src/stm32f4xx_hal_dma.o
LOAD ./Drivers/STM32F4xx_HAL_Driver/Src/stm32f4xx_hal_dma_ex.o
LOAD ./Drivers/STM32F4xx_HAL_Driver/Src/stm32f4xx_hal_exti.o
LOAD ./Drivers/STM32F4xx_HAL_Driver/Src/stm32f4xx_hal_flash.o
LOAD ./Drivers/STM32F4xx_HAL_Driver/Src/stm32f4xx_hal_flash_ex.o
LOAD ./Drivers/STM32F4xx_HAL_Driver/Src/stm32f4xx_hal_flash_ramfunc.o
LOAD ./Drivers/STM32F4xx_HAL_Driver/Src/stm32f4xx_hal_gpio.o
LOAD ./Drivers/STM32F4xx_HAL_Driver/Src/stm32f4xx_hal_pwr.o
LOAD ./Drivers/STM32F4xx_HAL_Driver/Src/stm32f4xx_hal_pwr_ex.o
LOAD ./Drivers/STM32F4xx_HAL_Driver/Src/stm32f4xx_hal_rcc.o
LOAD ./Drivers/STM32F4xx_HAL_Driver/Src/stm32f4xx_hal_rcc_ex.o
LOAD ./Drivers/STM32F4xx_HAL_Driver/Src/stm32f4xx_hal_tim.o
LOAD ./Drivers/STM32F4xx_HAL_Driver/Src/stm32f4xx_hal_tim_ex.o
LOAD ./common/ThirdParty/FreeRTOS/croutine.o
LOAD ./common/ThirdParty/FreeRTOS/event_groups.o
LOAD ./common/ThirdParty/FreeRTOS/list.o
LOAD ./common/ThirdParty/FreeRTOS/queue.o
LOAD ./common/ThirdParty/FreeRTOS/stream_buffer.o
LOAD ./common/ThirdParty/FreeRTOS/tasks.o
LOAD ./common/ThirdParty/FreeRTOS/timers.o
LOAD ./common/ThirdParty/FreeRTOS/portable/GCC/ARM_CM4F/port.o
LOAD ./common/ThirdParty/FreeRTOS/portable/MemMang/heap_4.o
LOAD ./common/ThirdParty/SEGGER/Config/SEGGER_SYSVIEW_Config_FreeRTOS.o
LOAD ./common/ThirdParty/SEGGER/OS/SEGGER_SYSVIEW_FreeRTOS.o
LOAD ./common/ThirdParty/SEGGER/Rec/segger_uart.o
LOAD ./common/ThirdParty/SEGGER/SEGGER/SEGGER_RTT.o
LOAD ./common/ThirdParty/SEGGER/SEGGER/SEGGER_RTT_ASM_ARMv7M.o
LOAD ./common/ThirdParty/SEGGER/SEGGER/SEGGER_RTT_printf.o
LOAD ./common/ThirdParty/SEGGER/SEGGER/SEGGER_SYSVIEW.o
LOAD ./common/ThirdParty/SEGGER/SEGGER/Syscalls/SEGGER_RTT_Syscalls_GCC.o
START GROUP
LOAD c:/st/stm32cubeide_1.9.0/stm32cubeide/plugins/com.st.stm32cube.ide.mcu.externaltools.gnu-tools-for-stm32.10.3-2021.10.win32_1.0.0.202111181127/tools/bin/../lib/gcc/arm-none-eabi/10.3.1/../../../../arm-none-eabi/lib/thumb/v7e-m+fp/hard\libc_nano.a
LOAD c:/st/stm32cubeide_1.9.0/stm32cubeide/plugins/com.st.stm32cube.ide.mcu.externaltools.gnu-tools-for-stm32.10.3-2021.10.win32_1.0.0.202111181127/tools/bin/../lib/gcc/arm-none-eabi/10.3.1/../../../../arm-none-eabi/lib/thumb/v7e-m+fp/hard\libm.a
END GROUP
START GROUP
LOAD c:/st/stm32cubeide_1.9.0/stm32cubeide/plugins/com.st.stm32cube.ide.mcu.externaltools.gnu-tools-for-stm32.10.3-2021.10.win32_1.0.0.202111181127/tools/bin/../lib/gcc/arm-none-eabi/10.3.1/thumb/v7e-m+fp/hard\libgcc.a
LOAD c:/st/stm32cubeide_1.9.0/stm32cubeide/plugins/com.st.stm32cube.ide.mcu.externaltools.gnu-tools-for-stm32.10.3-2021.10.win32_1.0.0.202111181127/tools/bin/../lib/gcc/arm-none-eabi/10.3.1/../../../../arm-none-eabi/lib/thumb/v7e-m+fp/hard\libc_nano.a
END GROUP
START GROUP
LOAD c:/st/stm32cubeide_1.9.0/stm32cubeide/plugins/com.st.stm32cube.ide.mcu.externaltools.gnu-tools-for-stm32.10.3-2021.10.win32_1.0.0.202111181127/tools/bin/../lib/gcc/arm-none-eabi/10.3.1/thumb/v7e-m+fp/hard\libgcc.a
LOAD c:/st/stm32cubeide_1.9.0/stm32cubeide/plugins/com.st.stm32cube.ide.mcu.externaltools.gnu-tools-for-stm32.10.3-2021.10.win32_1.0.0.202111181127/tools/bin/../lib/gcc/arm-none-eabi/10.3.1/../../../../arm-none-eabi/lib/thumb/v7e-m+fp/hard\libc_nano.a
LOAD c:/st/stm32cubeide_1.9.0/stm32cubeide/plugins/com.st.stm32cube.ide.mcu.externaltools.gnu-tools-for-stm32.10.3-2021.10.win32_1.0.0.202111181127/tools/bin/../lib/gcc/arm-none-eabi/10.3.1/../../../../arm-none-eabi/lib/thumb/v7e-m+fp/hard\libnosys.a
END GROUP
START GROUP
LOAD c:/st/stm32cubeide_1.9.0/stm32cubeide/plugins/com.st.stm32cube.ide.mcu.externaltools.gnu-tools-for-stm32.10.3-2021.10.win32_1.0.0.202111181127/tools/bin/../lib/gcc/arm-none-eabi/10.3.1/thumb/v7e-m+fp/hard\libgcc.a
LOAD c:/st/stm32cubeide_1.9.0/stm32cubeide/plugins/com.st.stm32cube.ide.mcu.externaltools.gnu-tools-for-stm32.10.3-2021.10.win32_1.0.0.202111181127/tools/bin/../lib/gcc/arm-none-eabi/10.3.1/../../../../arm-none-eabi/lib/thumb/v7e-m+fp/hard\libc_nano.a
LOAD c:/st/stm32cubeide_1.9.0/stm32cubeide/plugins/com.st.stm32cube.ide.mcu.externaltools.gnu-tools-for-stm32.10.3-2021.10.win32_1.0.0.202111181127/tools/bin/../lib/gcc/arm-none-eabi/10.3.1/../../../../arm-none-eabi/lib/thumb/v7e-m+fp/hard\libnosys.a
END GROUP
LOAD c:/st/stm32cubeide_1.9.0/stm32cubeide/plugins/com.st.stm32cube.ide.mcu.externaltools.gnu-tools-for-stm32.10.3-2021.10.win32_1.0.0.202111181127/tools/bin/../lib/gcc/arm-none-eabi/10.3.1/thumb/v7e-m+fp/hard/crtend.o
LOAD c:/st/stm32cubeide_1.9.0/stm32cubeide/plugins/com.st.stm32cube.ide.mcu.externaltools.gnu-tools-for-stm32.10.3-2021.10.win32_1.0.0.202111181127/tools/bin/../lib/gcc/arm-none-eabi/10.3.1/thumb/v7e-m+fp/hard/crtn.o
                0x0000000020020000                _estack = (ORIGIN (RAM) + LENGTH (RAM))
                0x0000000000000200                _Min_Heap_Size = 0x200
                0x0000000000000400                _Min_Stack_Size = 0x400

.isr_vector     0x0000000008000000      0x188
                0x0000000008000000                . = ALIGN (0x4)
 *(.isr_vector)
 .isr_vector    0x0000000008000000      0x188 ./Core/Startup/startup_stm32f407vgtx.o
                0x0000000008000000                g_pfnVectors
                0x0000000008000188                . = ALIGN (0x4)

.text           0x0000000008000190     0x6730
                0x0000000008000190                . = ALIGN (0x4)
 *(.text)
 .text          0x0000000008000190       0x40 c:/st/stm32cubeide_1.9.0/stm32cubeide/plugins/com.st.stm32cube.ide.mcu.externaltools.gnu-tools-for-stm32.10.3-2021.10.win32_1.0.0.202111181127/tools/bin/../lib/gcc/arm-none-eabi/10.3.1/thumb/v7e-m+fp/hard/crtbegin.o
 .text          0x00000000080001d0       0x94 ./common/ThirdParty/SEGGER/SEGGER/SEGGER_RTT_ASM_ARMv7M.o
                0x00000000080001d0                SEGGER_RTT_ASM_WriteSkipNoLock
 .text          0x0000000008000264       0x30 c:/st/stm32cubeide_1.9.0/stm32cubeide/plugins/com.st.stm32cube.ide.mcu.externaltools.gnu-tools-for-stm32.10.3-2021.10.win32_1.0.0.202111181127/tools/bin/../lib/gcc/arm-none-eabi/10.3.1/thumb/v7e-m+fp/hard\libgcc.a(_aeabi_uldivmod.o)
                0x0000000008000264                __aeabi_uldivmod
 .text          0x0000000008000294      0x2d0 c:/st/stm32cubeide_1.9.0/stm32cubeide/plugins/com.st.stm32cube.ide.mcu.externaltools.gnu-tools-for-stm32.10.3-2021.10.win32_1.0.0.202111181127/tools/bin/../lib/gcc/arm-none-eabi/10.3.1/thumb/v7e-m+fp/hard\libgcc.a(_udivmoddi4.o)
                0x0000000008000294                __udivmoddi4
 .text          0x0000000008000564        0x4 c:/st/stm32cubeide_1.9.0/stm32cubeide/plugins/com.st.stm32cube.ide.mcu.externaltools.gnu-tools-for-stm32.10.3-2021.10.win32_1.0.0.202111181127/tools/bin/../lib/gcc/arm-none-eabi/10.3.1/thumb/v7e-m+fp/hard\libgcc.a(_dvmd_tls.o)
                0x0000000008000564                __aeabi_idiv0
                0x0000000008000564                __aeabi_ldiv0
 *(.text*)
 .text.main     0x0000000008000568       0xfc ./Core/Src/main.o
                0x0000000008000568                main
 .text.SystemClock_Config
                0x0000000008000664       0xd4 ./Core/Src/main.o
                0x0000000008000664                SystemClock_Config
 .text.MX_GPIO_Init
                0x0000000008000738      0x2cc ./Core/Src/main.o
 .text.button_interrupt_handler
                0x0000000008000a04       0x50 ./Core/Src/main.o
                0x0000000008000a04                button_interrupt_handler
 .text.led_green_handler
                0x0000000008000a54       0x70 ./Core/Src/main.o
 .text.led_orange_handler
                0x0000000008000ac4       0x70 ./Core/Src/main.o
 .text.led_red_handler
                0x0000000008000b34       0x6c ./Core/Src/main.o
 .text.HAL_TIM_PeriodElapsedCallback
                0x0000000008000ba0       0x24 ./Core/Src/main.o
                0x0000000008000ba0                HAL_TIM_PeriodElapsedCallback
 .text.Error_Handler
                0x0000000008000bc4        0xe ./Core/Src/main.o
                0x0000000008000bc4                Error_Handler
 *fill*         0x0000000008000bd2        0x2 
 .text.HAL_MspInit
                0x0000000008000bd4       0x50 ./Core/Src/stm32f4xx_hal_msp.o
                0x0000000008000bd4                HAL_MspInit
 .text.HAL_InitTick
                0x0000000008000c24       0xb4 ./Core/Src/stm32f4xx_hal_timebase_tim.o
                0x0000000008000c24                HAL_InitTick
 .text.NMI_Handler
                0x0000000008000cd8        0xe ./Core/Src/stm32f4xx_it.o
                0x0000000008000cd8                NMI_Handler
 .text.HardFault_Handler
                0x0000000008000ce6        0x6 ./Core/Src/stm32f4xx_it.o
                0x0000000008000ce6                HardFault_Handler
 .text.MemManage_Handler
                0x0000000008000cec        0x6 ./Core/Src/stm32f4xx_it.o
                0x0000000008000cec                MemManage_Handler
 .text.BusFault_Handler
                0x0000000008000cf2        0x6 ./Core/Src/stm32f4xx_it.o
                0x0000000008000cf2                BusFault_Handler
 .text.UsageFault_Handler
                0x0000000008000cf8        0x6 ./Core/Src/stm32f4xx_it.o
                0x0000000008000cf8                UsageFault_Handler
 .text.EXTI0_IRQHandler
                0x0000000008000cfe       0x12 ./Core/Src/stm32f4xx_it.o
                0x0000000008000cfe                EXTI0_IRQHandler
 .text.TIM6_DAC_IRQHandler
                0x0000000008000d10       0x14 ./Core/Src/stm32f4xx_it.o
                0x0000000008000d10                TIM6_DAC_IRQHandler
 .text.SystemInit
                0x0000000008000d24       0x24 ./Core/Src/system_stm32f4xx.o
                0x0000000008000d24                SystemInit
 .text.Reset_Handler
                0x0000000008000d48       0x50 ./Core/Startup/startup_stm32f407vgtx.o
                0x0000000008000d48                Reset_Handler
 .text.Default_Handler
                0x0000000008000d98        0x2 ./Core/Startup/startup_stm32f407vgtx.o
                0x0000000008000d98                RTC_Alarm_IRQHandler
                0x0000000008000d98                HASH_RNG_IRQHandler
                0x0000000008000d98                EXTI2_IRQHandler
                0x0000000008000d98                TIM8_CC_IRQHandler
                0x0000000008000d98                DebugMon_Handler
                0x0000000008000d98                TIM1_CC_IRQHandler
                0x0000000008000d98                DMA2_Stream5_IRQHandler
                0x0000000008000d98                DMA1_Stream5_IRQHandler
                0x0000000008000d98                PVD_IRQHandler
                0x0000000008000d98                SDIO_IRQHandler
                0x0000000008000d98                TAMP_STAMP_IRQHandler
                0x0000000008000d98                CAN2_RX1_IRQHandler
                0x0000000008000d98                EXTI3_IRQHandler
                0x0000000008000d98                TIM8_TRG_COM_TIM14_IRQHandler
                0x0000000008000d98                TIM1_UP_TIM10_IRQHandler
                0x0000000008000d98                TIM8_UP_TIM13_IRQHandler
                0x0000000008000d98                I2C3_ER_IRQHandler
                0x0000000008000d98                I2C2_EV_IRQHandler
                0x0000000008000d98                DMA1_Stream2_IRQHandler
                0x0000000008000d98                CAN1_RX0_IRQHandler
                0x0000000008000d98                FPU_IRQHandler
                0x0000000008000d98                OTG_HS_WKUP_IRQHandler
                0x0000000008000d98                CAN2_SCE_IRQHandler
                0x0000000008000d98                DMA2_Stream2_IRQHandler
                0x0000000008000d98                SPI1_IRQHandler
                0x0000000008000d98                TIM1_BRK_TIM9_IRQHandler
                0x0000000008000d98                DCMI_IRQHandler
                0x0000000008000d98                CAN2_RX0_IRQHandler
                0x0000000008000d98                DMA2_Stream3_IRQHandler
                0x0000000008000d98                USART6_IRQHandler
                0x0000000008000d98                USART3_IRQHandler
                0x0000000008000d98                CAN1_RX1_IRQHandler
                0x0000000008000d98                UART5_IRQHandler
                0x0000000008000d98                DMA2_Stream0_IRQHandler
                0x0000000008000d98                TIM4_IRQHandler
                0x0000000008000d98                I2C1_EV_IRQHandler
                0x0000000008000d98                DMA1_Stream6_IRQHandler
                0x0000000008000d98                DMA1_Stream1_IRQHandler
                0x0000000008000d98                UART4_IRQHandler
                0x0000000008000d98                TIM3_IRQHandler
                0x0000000008000d98                RCC_IRQHandler
                0x0000000008000d98                TIM8_BRK_TIM12_IRQHandler
                0x0000000008000d98                Default_Handler
                0x0000000008000d98                EXTI15_10_IRQHandler
                0x0000000008000d98                ADC_IRQHandler
                0x0000000008000d98                DMA1_Stream7_IRQHandler
                0x0000000008000d98                TIM7_IRQHandler
                0x0000000008000d98                CAN2_TX_IRQHandler
                0x0000000008000d98                TIM5_IRQHandler
                0x0000000008000d98                DMA2_Stream7_IRQHandler
                0x0000000008000d98                I2C3_EV_IRQHandler
                0x0000000008000d98                EXTI9_5_IRQHandler
                0x0000000008000d98                RTC_WKUP_IRQHandler
                0x0000000008000d98                ETH_WKUP_IRQHandler
                0x0000000008000d98                SPI2_IRQHandler
                0x0000000008000d98                OTG_HS_EP1_IN_IRQHandler
                0x0000000008000d98                DMA1_Stream0_IRQHandler
                0x0000000008000d98                CAN1_TX_IRQHandler
                0x0000000008000d98                EXTI4_IRQHandler
                0x0000000008000d98                FSMC_IRQHandler
                0x0000000008000d98                ETH_IRQHandler
                0x0000000008000d98                OTG_HS_EP1_OUT_IRQHandler
                0x0000000008000d98                WWDG_IRQHandler
                0x0000000008000d98                TIM2_IRQHandler
                0x0000000008000d98                OTG_FS_WKUP_IRQHandler
                0x0000000008000d98                TIM1_TRG_COM_TIM11_IRQHandler
                0x0000000008000d98                OTG_HS_IRQHandler
                0x0000000008000d98                EXTI1_IRQHandler
                0x0000000008000d98                I2C2_ER_IRQHandler
                0x0000000008000d98                DMA2_Stream1_IRQHandler
                0x0000000008000d98                CAN1_SCE_IRQHandler
                0x0000000008000d98                FLASH_IRQHandler
                0x0000000008000d98                DMA2_Stream4_IRQHandler
                0x0000000008000d98                USART1_IRQHandler
                0x0000000008000d98                OTG_FS_IRQHandler
                0x0000000008000d98                SPI3_IRQHandler
                0x0000000008000d98                DMA1_Stream4_IRQHandler
                0x0000000008000d98                I2C1_ER_IRQHandler
                0x0000000008000d98                DMA2_Stream6_IRQHandler
                0x0000000008000d98                DMA1_Stream3_IRQHandler
 *fill*         0x0000000008000d9a        0x2 
 .text.HAL_Init
                0x0000000008000d9c       0x44 ./Drivers/STM32F4xx_HAL_Driver/Src/stm32f4xx_hal.o
                0x0000000008000d9c                HAL_Init
 .text.HAL_IncTick
                0x0000000008000de0       0x28 ./Drivers/STM32F4xx_HAL_Driver/Src/stm32f4xx_hal.o
                0x0000000008000de0                HAL_IncTick
 .text.HAL_GetTick
                0x0000000008000e08       0x18 ./Drivers/STM32F4xx_HAL_Driver/Src/stm32f4xx_hal.o
                0x0000000008000e08                HAL_GetTick
 .text.__NVIC_SetPriorityGrouping
                0x0000000008000e20       0x48 ./Drivers/STM32F4xx_HAL_Driver/Src/stm32f4xx_hal_cortex.o
 .text.__NVIC_GetPriorityGrouping
                0x0000000008000e68       0x1c ./Drivers/STM32F4xx_HAL_Driver/Src/stm32f4xx_hal_cortex.o
 .text.__NVIC_EnableIRQ
                0x0000000008000e84       0x3c ./Drivers/STM32F4xx_HAL_Driver/Src/stm32f4xx_hal_cortex.o
 .text.__NVIC_SetPriority
                0x0000000008000ec0       0x54 ./Drivers/STM32F4xx_HAL_Driver/Src/stm32f4xx_hal_cortex.o
 .text.NVIC_EncodePriority
                0x0000000008000f14       0x66 ./Drivers/STM32F4xx_HAL_Driver/Src/stm32f4xx_hal_cortex.o
 .text.HAL_NVIC_SetPriorityGrouping
                0x0000000008000f7a       0x16 ./Drivers/STM32F4xx_HAL_Driver/Src/stm32f4xx_hal_cortex.o
                0x0000000008000f7a                HAL_NVIC_SetPriorityGrouping
 .text.HAL_NVIC_SetPriority
                0x0000000008000f90       0x38 ./Drivers/STM32F4xx_HAL_Driver/Src/stm32f4xx_hal_cortex.o
                0x0000000008000f90                HAL_NVIC_SetPriority
 .text.HAL_NVIC_EnableIRQ
                0x0000000008000fc8       0x1c ./Drivers/STM32F4xx_HAL_Driver/Src/stm32f4xx_hal_cortex.o
                0x0000000008000fc8                HAL_NVIC_EnableIRQ
 .text.HAL_GPIO_Init
                0x0000000008000fe4      0x338 ./Drivers/STM32F4xx_HAL_Driver/Src/stm32f4xx_hal_gpio.o
                0x0000000008000fe4                HAL_GPIO_Init
 .text.HAL_GPIO_WritePin
                0x000000000800131c       0x32 ./Drivers/STM32F4xx_HAL_Driver/Src/stm32f4xx_hal_gpio.o
                0x000000000800131c                HAL_GPIO_WritePin
 .text.HAL_GPIO_TogglePin
                0x000000000800134e       0x34 ./Drivers/STM32F4xx_HAL_Driver/Src/stm32f4xx_hal_gpio.o
                0x000000000800134e                HAL_GPIO_TogglePin
 *fill*         0x0000000008001382        0x2 
 .text.HAL_GPIO_EXTI_IRQHandler
                0x0000000008001384       0x30 ./Drivers/STM32F4xx_HAL_Driver/Src/stm32f4xx_hal_gpio.o
                0x0000000008001384                HAL_GPIO_EXTI_IRQHandler
 .text.HAL_GPIO_EXTI_Callback
                0x00000000080013b4       0x16 ./Drivers/STM32F4xx_HAL_Driver/Src/stm32f4xx_hal_gpio.o
                0x00000000080013b4                HAL_GPIO_EXTI_Callback
 *fill*         0x00000000080013ca        0x2 
 .text.HAL_RCC_OscConfig
                0x00000000080013cc      0x4f0 ./Drivers/STM32F4xx_HAL_Driver/Src/stm32f4xx_hal_rcc.o
                0x00000000080013cc                HAL_RCC_OscConfig
 .text.HAL_RCC_ClockConfig
                0x00000000080018bc      0x1cc ./Drivers/STM32F4xx_HAL_Driver/Src/stm32f4xx_hal_rcc.o
                0x00000000080018bc                HAL_RCC_ClockConfig
 .text.HAL_RCC_GetSysClockFreq
                0x0000000008001a88      0x20c ./Drivers/STM32F4xx_HAL_Driver/Src/stm32f4xx_hal_rcc.o
                0x0000000008001a88                HAL_RCC_GetSysClockFreq
 .text.HAL_RCC_GetHCLKFreq
                0x0000000008001c94       0x18 ./Drivers/STM32F4xx_HAL_Driver/Src/stm32f4xx_hal_rcc.o
                0x0000000008001c94                HAL_RCC_GetHCLKFreq
 .text.HAL_RCC_GetPCLK1Freq
                0x0000000008001cac       0x28 ./Drivers/STM32F4xx_HAL_Driver/Src/stm32f4xx_hal_rcc.o
                0x0000000008001cac                HAL_RCC_GetPCLK1Freq
 .text.HAL_RCC_GetClockConfig
                0x0000000008001cd4       0x64 ./Drivers/STM32F4xx_HAL_Driver/Src/stm32f4xx_hal_rcc.o
                0x0000000008001cd4                HAL_RCC_GetClockConfig
 .text.HAL_TIM_Base_Init
                0x0000000008001d38       0x9e ./Drivers/STM32F4xx_HAL_Driver/Src/stm32f4xx_hal_tim.o
                0x0000000008001d38                HAL_TIM_Base_Init
 .text.HAL_TIM_Base_MspInit
                0x0000000008001dd6       0x14 ./Drivers/STM32F4xx_HAL_Driver/Src/stm32f4xx_hal_tim.o
                0x0000000008001dd6                HAL_TIM_Base_MspInit
 *fill*         0x0000000008001dea        0x2 
 .text.HAL_TIM_Base_Start_IT
                0x0000000008001dec       0xe0 ./Drivers/STM32F4xx_HAL_Driver/Src/stm32f4xx_hal_tim.o
                0x0000000008001dec                HAL_TIM_Base_Start_IT
 .text.HAL_TIM_IRQHandler
                0x0000000008001ecc      0x210 ./Drivers/STM32F4xx_HAL_Driver/Src/stm32f4xx_hal_tim.o
                0x0000000008001ecc                HAL_TIM_IRQHandler
 .text.HAL_TIM_OC_DelayElapsedCallback
                0x00000000080020dc       0x14 ./Drivers/STM32F4xx_HAL_Driver/Src/stm32f4xx_hal_tim.o
                0x00000000080020dc                HAL_TIM_OC_DelayElapsedCallback
 .text.HAL_TIM_IC_CaptureCallback
                0x00000000080020f0       0x14 ./Drivers/STM32F4xx_HAL_Driver/Src/stm32f4xx_hal_tim.o
                0x00000000080020f0                HAL_TIM_IC_CaptureCallback
 .text.HAL_TIM_PWM_PulseFinishedCallback
                0x0000000008002104       0x14 ./Drivers/STM32F4xx_HAL_Driver/Src/stm32f4xx_hal_tim.o
                0x0000000008002104                HAL_TIM_PWM_PulseFinishedCallback
 .text.HAL_TIM_TriggerCallback
                0x0000000008002118       0x14 ./Drivers/STM32F4xx_HAL_Driver/Src/stm32f4xx_hal_tim.o
                0x0000000008002118                HAL_TIM_TriggerCallback
 .text.TIM_Base_SetConfig
                0x000000000800212c      0x140 ./Drivers/STM32F4xx_HAL_Driver/Src/stm32f4xx_hal_tim.o
                0x000000000800212c                TIM_Base_SetConfig
 .text.HAL_TIMEx_CommutCallback
                0x000000000800226c       0x14 ./Drivers/STM32F4xx_HAL_Driver/Src/stm32f4xx_hal_tim_ex.o
                0x000000000800226c                HAL_TIMEx_CommutCallback
 .text.HAL_TIMEx_BreakCallback
                0x0000000008002280       0x14 ./Drivers/STM32F4xx_HAL_Driver/Src/stm32f4xx_hal_tim_ex.o
                0x0000000008002280                HAL_TIMEx_BreakCallback
 .text.vListInitialise
                0x0000000008002294       0x40 ./common/ThirdParty/FreeRTOS/list.o
                0x0000000008002294                vListInitialise
 .text.vListInitialiseItem
                0x00000000080022d4       0x1a ./common/ThirdParty/FreeRTOS/list.o
                0x00000000080022d4                vListInitialiseItem
 .text.vListInsertEnd
                0x00000000080022ee       0x48 ./common/ThirdParty/FreeRTOS/list.o
                0x00000000080022ee                vListInsertEnd
 .text.vListInsert
                0x0000000008002336       0x72 ./common/ThirdParty/FreeRTOS/list.o
                0x0000000008002336                vListInsert
 .text.uxListRemove
                0x00000000080023a8       0x54 ./common/ThirdParty/FreeRTOS/list.o
                0x00000000080023a8                uxListRemove
 .text.xTaskCreate
                0x00000000080023fc       0x82 ./common/ThirdParty/FreeRTOS/tasks.o
                0x00000000080023fc                xTaskCreate
 .text.prvInitialiseNewTask
                0x000000000800247e      0x148 ./common/ThirdParty/FreeRTOS/tasks.o
 *fill*         0x00000000080025c6        0x2 
 .text.prvAddNewTaskToReadyList
                0x00000000080025c8      0x168 ./common/ThirdParty/FreeRTOS/tasks.o
 .text.vTaskDelete
                0x0000000008002730      0x15c ./common/ThirdParty/FreeRTOS/tasks.o
                0x0000000008002730                vTaskDelete
 .text.vTaskStartScheduler
                0x000000000800288c       0xb8 ./common/ThirdParty/FreeRTOS/tasks.o
                0x000000000800288c                vTaskStartScheduler
 .text.vTaskSuspendAll
                0x0000000008002944       0x1c ./common/ThirdParty/FreeRTOS/tasks.o
                0x0000000008002944                vTaskSuspendAll
 .text.xTaskResumeAll
                0x0000000008002960      0x200 ./common/ThirdParty/FreeRTOS/tasks.o
                0x0000000008002960                xTaskResumeAll
 .text.xTaskGetTickCountFromISR
                0x0000000008002b60       0x24 ./common/ThirdParty/FreeRTOS/tasks.o
                0x0000000008002b60                xTaskGetTickCountFromISR
 .text.xTaskIncrementTick
                0x0000000008002b84      0x234 ./common/ThirdParty/FreeRTOS/tasks.o
                0x0000000008002b84                xTaskIncrementTick
 .text.vTaskSwitchContext
                0x0000000008002db8       0xd4 ./common/ThirdParty/FreeRTOS/tasks.o
                0x0000000008002db8                vTaskSwitchContext
 .text.prvIdleTask
                0x0000000008002e8c       0x30 ./common/ThirdParty/FreeRTOS/tasks.o
 .text.prvInitialiseTaskLists
                0x0000000008002ebc       0x80 ./common/ThirdParty/FreeRTOS/tasks.o
 .text.prvCheckTasksWaitingTermination
                0x0000000008002f3c       0x5c ./common/ThirdParty/FreeRTOS/tasks.o
 .text.prvDeleteTCB
                0x0000000008002f98       0x20 ./common/ThirdParty/FreeRTOS/tasks.o
 .text.prvResetNextTaskUnblockTime
                0x0000000008002fb8       0x38 ./common/ThirdParty/FreeRTOS/tasks.o
 .text.xTaskGenericNotifyWait
                0x0000000008002ff0      0x110 ./common/ThirdParty/FreeRTOS/tasks.o
                0x0000000008002ff0                xTaskGenericNotifyWait
 .text.xTaskGenericNotifyFromISR
                0x0000000008003100      0x2dc ./common/ThirdParty/FreeRTOS/tasks.o
                0x0000000008003100                xTaskGenericNotifyFromISR
 .text.prvAddCurrentTaskToDelayedList
                0x00000000080033dc      0x118 ./common/ThirdParty/FreeRTOS/tasks.o
 .text.pxPortInitialiseStack
                0x00000000080034f4       0x68 ./common/ThirdParty/FreeRTOS/portable/GCC/ARM_CM4F/port.o
                0x00000000080034f4                pxPortInitialiseStack
 .text.prvTaskExitError
                0x000000000800355c       0x58 ./common/ThirdParty/FreeRTOS/portable/GCC/ARM_CM4F/port.o
 *fill*         0x00000000080035b4        0xc 
 .text.SVC_Handler
                0x00000000080035c0       0x28 ./common/ThirdParty/FreeRTOS/portable/GCC/ARM_CM4F/port.o
                0x00000000080035c0                SVC_Handler
 .text.prvPortStartFirstTask
                0x00000000080035e8       0x2c ./common/ThirdParty/FreeRTOS/portable/GCC/ARM_CM4F/port.o
 .text.xPortStartScheduler
                0x0000000008003614      0x144 ./common/ThirdParty/FreeRTOS/portable/GCC/ARM_CM4F/port.o
                0x0000000008003614                xPortStartScheduler
 .text.vPortEnterCritical
                0x0000000008003758       0x60 ./common/ThirdParty/FreeRTOS/portable/GCC/ARM_CM4F/port.o
                0x0000000008003758                vPortEnterCritical
 .text.vPortExitCritical
                0x00000000080037b8       0x54 ./common/ThirdParty/FreeRTOS/portable/GCC/ARM_CM4F/port.o
                0x00000000080037b8                vPortExitCritical
 *fill*         0x000000000800380c        0x4 
 .text.PendSV_Handler
                0x0000000008003810       0x68 ./common/ThirdParty/FreeRTOS/portable/GCC/ARM_CM4F/port.o
                0x0000000008003810                PendSV_Handler
 .text.SysTick_Handler
                0x0000000008003878       0x54 ./common/ThirdParty/FreeRTOS/portable/GCC/ARM_CM4F/port.o
                0x0000000008003878                SysTick_Handler
 .text.vPortSetupTimerInterrupt
                0x00000000080038cc       0x48 ./common/ThirdParty/FreeRTOS/portable/GCC/ARM_CM4F/port.o
                0x00000000080038cc                vPortSetupTimerInterrupt
 .text.vPortEnableVFP
                0x0000000008003914       0x18 ./common/ThirdParty/FreeRTOS/portable/GCC/ARM_CM4F/port.o
 .text.vPortValidateInterruptPriority
                0x000000000800392c       0x80 ./common/ThirdParty/FreeRTOS/portable/GCC/ARM_CM4F/port.o
                0x000000000800392c                vPortValidateInterruptPriority
 .text.pvPortMalloc
                0x00000000080039ac      0x1c0 ./common/ThirdParty/FreeRTOS/portable/MemMang/heap_4.o
                0x00000000080039ac                pvPortMalloc
 .text.vPortFree
                0x0000000008003b6c       0xc4 ./common/ThirdParty/FreeRTOS/portable/MemMang/heap_4.o
                0x0000000008003b6c                vPortFree
 .text.prvHeapInit
                0x0000000008003c30       0xc4 ./common/ThirdParty/FreeRTOS/portable/MemMang/heap_4.o
 .text.prvInsertBlockIntoFreeList
                0x0000000008003cf4       0xb4 ./common/ThirdParty/FreeRTOS/portable/MemMang/heap_4.o
 .text._cbSendSystemDesc
                0x0000000008003da8       0x1c ./common/ThirdParty/SEGGER/Config/SEGGER_SYSVIEW_Config_FreeRTOS.o
 .text.SEGGER_SYSVIEW_Conf
                0x0000000008003dc4       0x2c ./common/ThirdParty/SEGGER/Config/SEGGER_SYSVIEW_Config_FreeRTOS.o
                0x0000000008003dc4                SEGGER_SYSVIEW_Conf
 .text._cbSendTaskList
                0x0000000008003df0       0x90 ./common/ThirdParty/SEGGER/OS/SEGGER_SYSVIEW_FreeRTOS.o
 .text._cbGetTime
                0x0000000008003e80       0x86 ./common/ThirdParty/SEGGER/OS/SEGGER_SYSVIEW_FreeRTOS.o
 *fill*         0x0000000008003f06        0x2 
 .text.SYSVIEW_AddTask
                0x0000000008003f08       0xd0 ./common/ThirdParty/SEGGER/OS/SEGGER_SYSVIEW_FreeRTOS.o
                0x0000000008003f08                SYSVIEW_AddTask
 .text.SYSVIEW_DeleteTask
                0x0000000008003fd8      0x178 ./common/ThirdParty/SEGGER/OS/SEGGER_SYSVIEW_FreeRTOS.o
                0x0000000008003fd8                SYSVIEW_DeleteTask
 .text.SYSVIEW_SendTaskInfo
                0x0000000008004150       0x42 ./common/ThirdParty/SEGGER/OS/SEGGER_SYSVIEW_FreeRTOS.o
                0x0000000008004150                SYSVIEW_SendTaskInfo
 *fill*         0x0000000008004192        0x2 
 .text.__NVIC_EnableIRQ
                0x0000000008004194       0x3c ./common/ThirdParty/SEGGER/Rec/segger_uart.o
 .text.__NVIC_SetPriority
                0x00000000080041d0       0x54 ./common/ThirdParty/SEGGER/Rec/segger_uart.o
 .text._StartSysView
                0x0000000008004224       0x1e ./common/ThirdParty/SEGGER/Rec/segger_uart.o
 *fill*         0x0000000008004242        0x2 
 .text._cbOnUARTRx
                0x0000000008004244       0x40 ./common/ThirdParty/SEGGER/Rec/segger_uart.o
 .text._cbOnUARTTx
                0x0000000008004284       0x64 ./common/ThirdParty/SEGGER/Rec/segger_uart.o
 .text.SEGGER_UART_init
                0x00000000080042e8       0x24 ./common/ThirdParty/SEGGER/Rec/segger_uart.o
                0x00000000080042e8                SEGGER_UART_init
 .text.USART2_IRQHandler
                0x000000000800430c       0x94 ./common/ThirdParty/SEGGER/Rec/segger_uart.o
                0x000000000800430c                USART2_IRQHandler
 .text.HIF_UART_EnableTXEInterrupt
                0x00000000080043a0       0x20 ./common/ThirdParty/SEGGER/Rec/segger_uart.o
                0x00000000080043a0                HIF_UART_EnableTXEInterrupt
 .text.HIF_UART_Init
                0x00000000080043c0       0xf4 ./common/ThirdParty/SEGGER/Rec/segger_uart.o
                0x00000000080043c0                HIF_UART_Init
 .text._DoInit  0x00000000080044b4       0xb0 ./common/ThirdParty/SEGGER/SEGGER/SEGGER_RTT.o
 .text._WriteBlocking
                0x0000000008004564       0xba ./common/ThirdParty/SEGGER/SEGGER/SEGGER_RTT.o
 .text._WriteNoCheck
                0x000000000800461e       0x90 ./common/ThirdParty/SEGGER/SEGGER/SEGGER_RTT.o
 .text._GetAvailWriteSpace
                0x00000000080046ae       0x46 ./common/ThirdParty/SEGGER/SEGGER/SEGGER_RTT.o
 .text.SEGGER_RTT_ReadUpBufferNoLock
                0x00000000080046f4      0x10c ./common/ThirdParty/SEGGER/SEGGER/SEGGER_RTT.o
                0x00000000080046f4                SEGGER_RTT_ReadUpBufferNoLock
 .text.SEGGER_RTT_ReadNoLock
                0x0000000008004800      0x10c ./common/ThirdParty/SEGGER/SEGGER/SEGGER_RTT.o
                0x0000000008004800                SEGGER_RTT_ReadNoLock
 .text.SEGGER_RTT_WriteDownBufferNoLock
                0x000000000800490c       0xa0 ./common/ThirdParty/SEGGER/SEGGER/SEGGER_RTT.o
                0x000000000800490c                SEGGER_RTT_WriteDownBufferNoLock
 .text.SEGGER_RTT_WriteDownBuffer
                0x00000000080049ac       0x4c ./common/ThirdParty/SEGGER/SEGGER/SEGGER_RTT.o
                0x00000000080049ac                SEGGER_RTT_WriteDownBuffer
 .text.SEGGER_RTT_AllocUpBuffer
                0x00000000080049f8      0x108 ./common/ThirdParty/SEGGER/SEGGER/SEGGER_RTT.o
                0x00000000080049f8                SEGGER_RTT_AllocUpBuffer
 .text.SEGGER_RTT_ConfigDownBuffer
                0x0000000008004b00       0xe0 ./common/ThirdParty/SEGGER/SEGGER/SEGGER_RTT.o
                0x0000000008004b00                SEGGER_RTT_ConfigDownBuffer
 .text._EncodeStr
                0x0000000008004be0       0x9a ./common/ThirdParty/SEGGER/SEGGER/SEGGER_SYSVIEW.o
 .text._PreparePacket
                0x0000000008004c7a       0x18 ./common/ThirdParty/SEGGER/SEGGER/SEGGER_SYSVIEW.o
 *fill*         0x0000000008004c92        0x2 
 .text._HandleIncomingPacket
                0x0000000008004c94       0xe4 ./common/ThirdParty/SEGGER/SEGGER/SEGGER_SYSVIEW.o
 .text._TrySendOverflowPacket
                0x0000000008004d78       0xe8 ./common/ThirdParty/SEGGER/SEGGER/SEGGER_SYSVIEW.o
 .text._SendPacket
                0x0000000008004e60      0x1d0 ./common/ThirdParty/SEGGER/SEGGER/SEGGER_SYSVIEW.o
 .text._StoreChar
                0x0000000008005030       0xf6 ./common/ThirdParty/SEGGER/SEGGER/SEGGER_SYSVIEW.o
 *fill*         0x0000000008005126        0x2 
 .text._PrintUnsigned
                0x0000000008005128      0x12c ./common/ThirdParty/SEGGER/SEGGER/SEGGER_SYSVIEW.o
 .text._PrintInt
                0x0000000008005254      0x11e ./common/ThirdParty/SEGGER/SEGGER/SEGGER_SYSVIEW.o
 *fill*         0x0000000008005372        0x2 
 .text._VPrintTarget
                0x0000000008005374      0x3f0 ./common/ThirdParty/SEGGER/SEGGER/SEGGER_SYSVIEW.o
 .text.SEGGER_SYSVIEW_Init
                0x0000000008005764       0x88 ./common/ThirdParty/SEGGER/SEGGER/SEGGER_SYSVIEW.o
                0x0000000008005764                SEGGER_SYSVIEW_Init
 .text.SEGGER_SYSVIEW_SetRAMBase
                0x00000000080057ec       0x20 ./common/ThirdParty/SEGGER/SEGGER/SEGGER_SYSVIEW.o
                0x00000000080057ec                SEGGER_SYSVIEW_SetRAMBase
 .text.SEGGER_SYSVIEW_RecordVoid
                0x000000000800580c       0x3c ./common/ThirdParty/SEGGER/SEGGER/SEGGER_SYSVIEW.o
                0x000000000800580c                SEGGER_SYSVIEW_RecordVoid
 .text.SEGGER_SYSVIEW_RecordU32
                0x0000000008005848       0x78 ./common/ThirdParty/SEGGER/SEGGER/SEGGER_SYSVIEW.o
                0x0000000008005848                SEGGER_SYSVIEW_RecordU32
 .text.SEGGER_SYSVIEW_RecordU32x2
                0x00000000080058c0       0xb4 ./common/ThirdParty/SEGGER/SEGGER/SEGGER_SYSVIEW.o
                0x00000000080058c0                SEGGER_SYSVIEW_RecordU32x2
 .text.SEGGER_SYSVIEW_RecordU32x4
                0x0000000008005974      0x124 ./common/ThirdParty/SEGGER/SEGGER/SEGGER_SYSVIEW.o
                0x0000000008005974                SEGGER_SYSVIEW_RecordU32x4
 .text.SEGGER_SYSVIEW_RecordU32x5
                0x0000000008005a98      0x15c ./common/ThirdParty/SEGGER/SEGGER/SEGGER_SYSVIEW.o
                0x0000000008005a98                SEGGER_SYSVIEW_RecordU32x5
 .text.SEGGER_SYSVIEW_Start
                0x0000000008005bf4      0x178 ./common/ThirdParty/SEGGER/SEGGER/SEGGER_SYSVIEW.o
                0x0000000008005bf4                SEGGER_SYSVIEW_Start
 .text.SEGGER_SYSVIEW_Stop
                0x0000000008005d6c       0x4c ./common/ThirdParty/SEGGER/SEGGER/SEGGER_SYSVIEW.o
                0x0000000008005d6c                SEGGER_SYSVIEW_Stop
 .text.SEGGER_SYSVIEW_GetSysDesc
                0x0000000008005db8      0x134 ./common/ThirdParty/SEGGER/SEGGER/SEGGER_SYSVIEW.o
                0x0000000008005db8                SEGGER_SYSVIEW_GetSysDesc
 .text.SEGGER_SYSVIEW_SendTaskInfo
                0x0000000008005eec      0x1c8 ./common/ThirdParty/SEGGER/SEGGER/SEGGER_SYSVIEW.o
                0x0000000008005eec                SEGGER_SYSVIEW_SendTaskInfo
 .text.SEGGER_SYSVIEW_SendTaskList
                0x00000000080060b4       0x28 ./common/ThirdParty/SEGGER/SEGGER/SEGGER_SYSVIEW.o
                0x00000000080060b4                SEGGER_SYSVIEW_SendTaskList
 .text.SEGGER_SYSVIEW_SendSysDesc
                0x00000000080060dc       0x48 ./common/ThirdParty/SEGGER/SEGGER/SEGGER_SYSVIEW.o
                0x00000000080060dc                SEGGER_SYSVIEW_SendSysDesc
 .text.SEGGER_SYSVIEW_RecordSystime
                0x0000000008006124       0x64 ./common/ThirdParty/SEGGER/SEGGER/SEGGER_SYSVIEW.o
                0x0000000008006124                SEGGER_SYSVIEW_RecordSystime
 .text.SEGGER_SYSVIEW_RecordEnterISR
                0x0000000008006188       0x84 ./common/ThirdParty/SEGGER/SEGGER/SEGGER_SYSVIEW.o
                0x0000000008006188                SEGGER_SYSVIEW_RecordEnterISR
 .text.SEGGER_SYSVIEW_RecordExitISR
                0x000000000800620c       0x38 ./common/ThirdParty/SEGGER/SEGGER/SEGGER_SYSVIEW.o
                0x000000000800620c                SEGGER_SYSVIEW_RecordExitISR
 .text.SEGGER_SYSVIEW_RecordExitISRToScheduler
                0x0000000008006244       0x38 ./common/ThirdParty/SEGGER/SEGGER/SEGGER_SYSVIEW.o
                0x0000000008006244                SEGGER_SYSVIEW_RecordExitISRToScheduler
 .text.SEGGER_SYSVIEW_OnIdle
                0x000000000800627c       0x38 ./common/ThirdParty/SEGGER/SEGGER/SEGGER_SYSVIEW.o
                0x000000000800627c                SEGGER_SYSVIEW_OnIdle
 .text.SEGGER_SYSVIEW_OnTaskCreate
                0x00000000080062b4       0x84 ./common/ThirdParty/SEGGER/SEGGER/SEGGER_SYSVIEW.o
                0x00000000080062b4                SEGGER_SYSVIEW_OnTaskCreate
 .text.SEGGER_SYSVIEW_OnTaskStartExec
                0x0000000008006338       0x84 ./common/ThirdParty/SEGGER/SEGGER/SEGGER_SYSVIEW.o
                0x0000000008006338                SEGGER_SYSVIEW_OnTaskStartExec
 .text.SEGGER_SYSVIEW_OnTaskStartReady
                0x00000000080063bc       0x84 ./common/ThirdParty/SEGGER/SEGGER/SEGGER_SYSVIEW.o
                0x00000000080063bc                SEGGER_SYSVIEW_OnTaskStartReady
 .text.SEGGER_SYSVIEW_OnTaskStopReady
                0x0000000008006440       0xc0 ./common/ThirdParty/SEGGER/SEGGER/SEGGER_SYSVIEW.o
                0x0000000008006440                SEGGER_SYSVIEW_OnTaskStopReady
 .text.SEGGER_SYSVIEW_ShrinkId
                0x0000000008006500       0x20 ./common/ThirdParty/SEGGER/SEGGER/SEGGER_SYSVIEW.o
                0x0000000008006500                SEGGER_SYSVIEW_ShrinkId
 .text.SEGGER_SYSVIEW_SendModule
                0x0000000008006520      0x100 ./common/ThirdParty/SEGGER/SEGGER/SEGGER_SYSVIEW.o
                0x0000000008006520                SEGGER_SYSVIEW_SendModule
 .text.SEGGER_SYSVIEW_SendModuleDescription
                0x0000000008006620       0x3c ./common/ThirdParty/SEGGER/SEGGER/SEGGER_SYSVIEW.o
                0x0000000008006620                SEGGER_SYSVIEW_SendModuleDescription
 .text.SEGGER_SYSVIEW_SendNumModules
                0x000000000800665c       0x7c ./common/ThirdParty/SEGGER/SEGGER/SEGGER_SYSVIEW.o
                0x000000000800665c                SEGGER_SYSVIEW_SendNumModules
 .text.SEGGER_SYSVIEW_PrintfTarget
                0x00000000080066d8       0x28 ./common/ThirdParty/SEGGER/SEGGER/SEGGER_SYSVIEW.o
                0x00000000080066d8                SEGGER_SYSVIEW_PrintfTarget
 .text.SEGGER_SYSVIEW_Warn
                0x0000000008006700       0xb8 ./common/ThirdParty/SEGGER/SEGGER/SEGGER_SYSVIEW.o
                0x0000000008006700                SEGGER_SYSVIEW_Warn
 .text.SEGGER_SYSVIEW_IsStarted
                0x00000000080067b8       0x5c ./common/ThirdParty/SEGGER/SEGGER/SEGGER_SYSVIEW.o
                0x00000000080067b8                SEGGER_SYSVIEW_IsStarted
 .text.__libc_init_array
                0x0000000008006814       0x48 c:/st/stm32cubeide_1.9.0/stm32cubeide/plugins/com.st.stm32cube.ide.mcu.externaltools.gnu-tools-for-stm32.10.3-2021.10.win32_1.0.0.202111181127/tools/bin/../lib/gcc/arm-none-eabi/10.3.1/../../../../arm-none-eabi/lib/thumb/v7e-m+fp/hard\libc_nano.a(lib_a-init.o)
                0x0000000008006814                __libc_init_array
 .text.memcmp   0x000000000800685c       0x20 c:/st/stm32cubeide_1.9.0/stm32cubeide/plugins/com.st.stm32cube.ide.mcu.externaltools.gnu-tools-for-stm32.10.3-2021.10.win32_1.0.0.202111181127/tools/bin/../lib/gcc/arm-none-eabi/10.3.1/../../../../arm-none-eabi/lib/thumb/v7e-m+fp/hard\libc_nano.a(lib_a-memcmp.o)
                0x000000000800685c                memcmp
 .text.memcpy   0x000000000800687c       0x1c c:/st/stm32cubeide_1.9.0/stm32cubeide/plugins/com.st.stm32cube.ide.mcu.externaltools.gnu-tools-for-stm32.10.3-2021.10.win32_1.0.0.202111181127/tools/bin/../lib/gcc/arm-none-eabi/10.3.1/../../../../arm-none-eabi/lib/thumb/v7e-m+fp/hard\libc_nano.a(lib_a-memcpy-stub.o)
                0x000000000800687c                memcpy
 .text.memset   0x0000000008006898       0x10 c:/st/stm32cubeide_1.9.0/stm32cubeide/plugins/com.st.stm32cube.ide.mcu.externaltools.gnu-tools-for-stm32.10.3-2021.10.win32_1.0.0.202111181127/tools/bin/../lib/gcc/arm-none-eabi/10.3.1/../../../../arm-none-eabi/lib/thumb/v7e-m+fp/hard\libc_nano.a(lib_a-memset.o)
                0x0000000008006898                memset
 *(.glue_7)
 .glue_7        0x00000000080068a8        0x0 linker stubs
 *(.glue_7t)
 .glue_7t       0x00000000080068a8        0x0 linker stubs
 *(.eh_frame)
 .eh_frame      0x00000000080068a8        0x0 c:/st/stm32cubeide_1.9.0/stm32cubeide/plugins/com.st.stm32cube.ide.mcu.externaltools.gnu-tools-for-stm32.10.3-2021.10.win32_1.0.0.202111181127/tools/bin/../lib/gcc/arm-none-eabi/10.3.1/thumb/v7e-m+fp/hard/crtbegin.o
 *(.init)
 .init          0x00000000080068a8        0x4 c:/st/stm32cubeide_1.9.0/stm32cubeide/plugins/com.st.stm32cube.ide.mcu.externaltools.gnu-tools-for-stm32.10.3-2021.10.win32_1.0.0.202111181127/tools/bin/../lib/gcc/arm-none-eabi/10.3.1/thumb/v7e-m+fp/hard/crti.o
                0x00000000080068a8                _init
 .init          0x00000000080068ac        0x8 c:/st/stm32cubeide_1.9.0/stm32cubeide/plugins/com.st.stm32cube.ide.mcu.externaltools.gnu-tools-for-stm32.10.3-2021.10.win32_1.0.0.202111181127/tools/bin/../lib/gcc/arm-none-eabi/10.3.1/thumb/v7e-m+fp/hard/crtn.o
 *(.fini)
 .fini          0x00000000080068b4        0x4 c:/st/stm32cubeide_1.9.0/stm32cubeide/plugins/com.st.stm32cube.ide.mcu.externaltools.gnu-tools-for-stm32.10.3-2021.10.win32_1.0.0.202111181127/tools/bin/../lib/gcc/arm-none-eabi/10.3.1/thumb/v7e-m+fp/hard/crti.o
                0x00000000080068b4                _fini
 .fini          0x00000000080068b8        0x8 c:/st/stm32cubeide_1.9.0/stm32cubeide/plugins/com.st.stm32cube.ide.mcu.externaltools.gnu-tools-for-stm32.10.3-2021.10.win32_1.0.0.202111181127/tools/bin/../lib/gcc/arm-none-eabi/10.3.1/thumb/v7e-m+fp/hard/crtn.o
                0x00000000080068c0                . = ALIGN (0x4)
                0x00000000080068c0                _etext = .

.vfp11_veneer   0x00000000080068c0        0x0
 .vfp11_veneer  0x00000000080068c0        0x0 linker stubs

.v4_bx          0x00000000080068c0        0x0
 .v4_bx         0x00000000080068c0        0x0 linker stubs

.iplt           0x00000000080068c0        0x0
 .iplt          0x00000000080068c0        0x0 c:/st/stm32cubeide_1.9.0/stm32cubeide/plugins/com.st.stm32cube.ide.mcu.externaltools.gnu-tools-for-stm32.10.3-2021.10.win32_1.0.0.202111181127/tools/bin/../lib/gcc/arm-none-eabi/10.3.1/thumb/v7e-m+fp/hard/crtbegin.o

.rodata         0x00000000080068c0      0x1c4
                0x00000000080068c0                . = ALIGN (0x4)
 *(.rodata)
 .rodata        0x00000000080068c0       0xb0 ./Core/Src/main.o
 .rodata        0x0000000008006970        0x5 ./common/ThirdParty/FreeRTOS/tasks.o
 *fill*         0x0000000008006975        0x3 
 .rodata        0x0000000008006978       0x51 ./common/ThirdParty/SEGGER/Config/SEGGER_SYSVIEW_Config_FreeRTOS.o
 *fill*         0x00000000080069c9        0x3 
 .rodata        0x00000000080069cc       0x58 ./common/ThirdParty/SEGGER/OS/SEGGER_SYSVIEW_FreeRTOS.o
 .rodata        0x0000000008006a24       0x17 ./common/ThirdParty/SEGGER/SEGGER/SEGGER_RTT.o
 *fill*         0x0000000008006a3b        0x1 
 .rodata        0x0000000008006a3c        0x8 ./common/ThirdParty/SEGGER/SEGGER/SEGGER_SYSVIEW.o
 *(.rodata*)
 .rodata.AHBPrescTable
                0x0000000008006a44       0x10 ./Core/Src/system_stm32f4xx.o
                0x0000000008006a44                AHBPrescTable
 .rodata.APBPrescTable
                0x0000000008006a54        0x8 ./Core/Src/system_stm32f4xx.o
                0x0000000008006a54                APBPrescTable
 .rodata.SYSVIEW_X_OS_TraceAPI
                0x0000000008006a5c        0x8 ./common/ThirdParty/SEGGER/OS/SEGGER_SYSVIEW_FreeRTOS.o
                0x0000000008006a5c                SYSVIEW_X_OS_TraceAPI
 .rodata._abHelloMsg
                0x0000000008006a64        0x4 ./common/ThirdParty/SEGGER/Rec/segger_uart.o
 .rodata._abSync
                0x0000000008006a68        0xa ./common/ThirdParty/SEGGER/SEGGER/SEGGER_SYSVIEW.o
 *fill*         0x0000000008006a72        0x2 
 .rodata._aV2C.0
                0x0000000008006a74       0x10 ./common/ThirdParty/SEGGER/SEGGER/SEGGER_SYSVIEW.o
                0x0000000008006a84                . = ALIGN (0x4)

.ARM.extab      0x0000000008006a84        0x0
                0x0000000008006a84                . = ALIGN (0x4)
 *(.ARM.extab* .gnu.linkonce.armextab.*)
                0x0000000008006a84                . = ALIGN (0x4)

.ARM            0x0000000008006a84        0x8
                0x0000000008006a84                . = ALIGN (0x4)
                0x0000000008006a84                __exidx_start = .
 *(.ARM.exidx*)
 .ARM.exidx     0x0000000008006a84        0x8 c:/st/stm32cubeide_1.9.0/stm32cubeide/plugins/com.st.stm32cube.ide.mcu.externaltools.gnu-tools-for-stm32.10.3-2021.10.win32_1.0.0.202111181127/tools/bin/../lib/gcc/arm-none-eabi/10.3.1/thumb/v7e-m+fp/hard\libgcc.a(_udivmoddi4.o)
                0x0000000008006a8c                __exidx_end = .
                0x0000000008006a8c                . = ALIGN (0x4)

.rel.dyn        0x0000000008006a8c        0x0
 .rel.iplt      0x0000000008006a8c        0x0 c:/st/stm32cubeide_1.9.0/stm32cubeide/plugins/com.st.stm32cube.ide.mcu.externaltools.gnu-tools-for-stm32.10.3-2021.10.win32_1.0.0.202111181127/tools/bin/../lib/gcc/arm-none-eabi/10.3.1/thumb/v7e-m+fp/hard/crtbegin.o

.preinit_array  0x0000000008006a8c        0x0
                0x0000000008006a8c                . = ALIGN (0x4)
                0x0000000008006a8c                PROVIDE (__preinit_array_start = .)
 *(.preinit_array*)
                0x0000000008006a8c                PROVIDE (__preinit_array_end = .)
                0x0000000008006a8c                . = ALIGN (0x4)

.init_array     0x0000000008006a8c        0x4
                0x0000000008006a8c                . = ALIGN (0x4)
                0x0000000008006a8c                PROVIDE (__init_array_start = .)
 *(SORT_BY_NAME(.init_array.*))
 *(.init_array*)
 .init_array    0x0000000008006a8c        0x4 c:/st/stm32cubeide_1.9.0/stm32cubeide/plugins/com.st.stm32cube.ide.mcu.externaltools.gnu-tools-for-stm32.10.3-2021.10.win32_1.0.0.202111181127/tools/bin/../lib/gcc/arm-none-eabi/10.3.1/thumb/v7e-m+fp/hard/crtbegin.o
                0x0000000008006a90                PROVIDE (__init_array_end = .)
                0x0000000008006a90                . = ALIGN (0x4)

.fini_array     0x0000000008006a90        0x4
                0x0000000008006a90                . = ALIGN (0x4)
                [!provide]                        PROVIDE (__fini_array_start = .)
 *(SORT_BY_NAME(.fini_array.*))
 *(.fini_array*)
 .fini_array    0x0000000008006a90        0x4 c:/st/stm32cubeide_1.9.0/stm32cubeide/plugins/com.st.stm32cube.ide.mcu.externaltools.gnu-tools-for-stm32.10.3-2021.10.win32_1.0.0.202111181127/tools/bin/../lib/gcc/arm-none-eabi/10.3.1/thumb/v7e-m+fp/hard/crtbegin.o
                [!provide]                        PROVIDE (__fini_array_end = .)
                0x0000000008006a94                . = ALIGN (0x4)
                0x0000000008006a94                _sidata = LOADADDR (.data)

.data           0x0000000020000000       0x1c load address 0x0000000008006a94
                0x0000000020000000                . = ALIGN (0x4)
                0x0000000020000000                _sdata = .
 *(.data)
 *(.data*)
 .data.SystemCoreClock
                0x0000000020000000        0x4 ./Core/Src/system_stm32f4xx.o
                0x0000000020000000                SystemCoreClock
 .data.uwTickPrio
                0x0000000020000004        0x4 ./Drivers/STM32F4xx_HAL_Driver/Src/stm32f4xx_hal.o
                0x0000000020000004                uwTickPrio
 .data.uwTickFreq
                0x0000000020000008        0x1 ./Drivers/STM32F4xx_HAL_Driver/Src/stm32f4xx_hal.o
                0x0000000020000008                uwTickFreq
 *fill*         0x0000000020000009        0x3 
 .data.uxTopUsedPriority
                0x000000002000000c        0x4 ./common/ThirdParty/FreeRTOS/tasks.o
                0x000000002000000c                uxTopUsedPriority
 .data.uxCriticalNesting
                0x0000000020000010        0x4 ./common/ThirdParty/FreeRTOS/portable/GCC/ARM_CM4F/port.o
 .data._SVInfo  0x0000000020000014        0x8 ./common/ThirdParty/SEGGER/Rec/segger_uart.o
 *(.RamFunc)
 *(.RamFunc*)
                0x000000002000001c                . = ALIGN (0x4)
                0x000000002000001c                _edata = .
                0x0000000008006ab0                _siccmram = LOADADDR (.ccmram)

.igot.plt       0x000000002000001c        0x0 load address 0x0000000008006ab0
 .igot.plt      0x000000002000001c        0x0 c:/st/stm32cubeide_1.9.0/stm32cubeide/plugins/com.st.stm32cube.ide.mcu.externaltools.gnu-tools-for-stm32.10.3-2021.10.win32_1.0.0.202111181127/tools/bin/../lib/gcc/arm-none-eabi/10.3.1/thumb/v7e-m+fp/hard/crtbegin.o

.ccmram         0x0000000010000000        0x0 load address 0x0000000008006ab0
                0x0000000010000000                . = ALIGN (0x4)
                0x0000000010000000                _sccmram = .
 *(.ccmram)
 *(.ccmram*)
                0x0000000010000000                . = ALIGN (0x4)
                0x0000000010000000                _eccmram = .
                0x0000000010000000                . = ALIGN (0x4)

.bss            0x000000002000001c    0x1a824
                0x000000002000001c                _sbss = .
                0x000000002000001c                __bss_start__ = _sbss
 *(.bss)
 .bss           0x000000002000001c       0x1c c:/st/stm32cubeide_1.9.0/stm32cubeide/plugins/com.st.stm32cube.ide.mcu.externaltools.gnu-tools-for-stm32.10.3-2021.10.win32_1.0.0.202111181127/tools/bin/../lib/gcc/arm-none-eabi/10.3.1/thumb/v7e-m+fp/hard/crtbegin.o
 *(.bss*)
 .bss.ledg_task_handle
                0x0000000020000038        0x4 ./Core/Src/main.o
                0x0000000020000038                ledg_task_handle
 .bss.ledo_task_handle
                0x000000002000003c        0x4 ./Core/Src/main.o
                0x000000002000003c                ledo_task_handle
 .bss.ledr_task_handle
                0x0000000020000040        0x4 ./Core/Src/main.o
                0x0000000020000040                ledr_task_handle
 .bss.next_task_handle
                0x0000000020000044        0x4 ./Core/Src/main.o
                0x0000000020000044                next_task_handle
 .bss.htim6     0x0000000020000048       0x48 ./Core/Src/stm32f4xx_hal_timebase_tim.o
                0x0000000020000048                htim6
 .bss.uwTick    0x0000000020000090        0x4 ./Drivers/STM32F4xx_HAL_Driver/Src/stm32f4xx_hal.o
                0x0000000020000090                uwTick
 .bss.pxCurrentTCB
                0x0000000020000094        0x4 ./common/ThirdParty/FreeRTOS/tasks.o
                0x0000000020000094                pxCurrentTCB
 .bss.pxReadyTasksLists
                0x0000000020000098       0x64 ./common/ThirdParty/FreeRTOS/tasks.o
 .bss.xDelayedTaskList1
                0x00000000200000fc       0x14 ./common/ThirdParty/FreeRTOS/tasks.o
 .bss.xDelayedTaskList2
                0x0000000020000110       0x14 ./common/ThirdParty/FreeRTOS/tasks.o
 .bss.pxDelayedTaskList
                0x0000000020000124        0x4 ./common/ThirdParty/FreeRTOS/tasks.o
 .bss.pxOverflowDelayedTaskList
                0x0000000020000128        0x4 ./common/ThirdParty/FreeRTOS/tasks.o
 .bss.xPendingReadyList
                0x000000002000012c       0x14 ./common/ThirdParty/FreeRTOS/tasks.o
 .bss.xTasksWaitingTermination
                0x0000000020000140       0x14 ./common/ThirdParty/FreeRTOS/tasks.o
 .bss.uxDeletedTasksWaitingCleanUp
                0x0000000020000154        0x4 ./common/ThirdParty/FreeRTOS/tasks.o
 .bss.xSuspendedTaskList
                0x0000000020000158       0x14 ./common/ThirdParty/FreeRTOS/tasks.o
 .bss.uxCurrentNumberOfTasks
                0x000000002000016c        0x4 ./common/ThirdParty/FreeRTOS/tasks.o
 .bss.xTickCount
                0x0000000020000170        0x4 ./common/ThirdParty/FreeRTOS/tasks.o
 .bss.uxTopReadyPriority
                0x0000000020000174        0x4 ./common/ThirdParty/FreeRTOS/tasks.o
 .bss.xSchedulerRunning
                0x0000000020000178        0x4 ./common/ThirdParty/FreeRTOS/tasks.o
 .bss.xPendedTicks
                0x000000002000017c        0x4 ./common/ThirdParty/FreeRTOS/tasks.o
 .bss.xYieldPending
                0x0000000020000180        0x4 ./common/ThirdParty/FreeRTOS/tasks.o
 .bss.xNumOfOverflows
                0x0000000020000184        0x4 ./common/ThirdParty/FreeRTOS/tasks.o
 .bss.uxTaskNumber
                0x0000000020000188        0x4 ./common/ThirdParty/FreeRTOS/tasks.o
 .bss.xNextTaskUnblockTime
                0x000000002000018c        0x4 ./common/ThirdParty/FreeRTOS/tasks.o
 .bss.xIdleTaskHandle
                0x0000000020000190        0x4 ./common/ThirdParty/FreeRTOS/tasks.o
 .bss.uxSchedulerSuspended
                0x0000000020000194        0x4 ./common/ThirdParty/FreeRTOS/tasks.o
 .bss.ucMaxSysCallPriority
                0x0000000020000198        0x1 ./common/ThirdParty/FreeRTOS/portable/GCC/ARM_CM4F/port.o
 *fill*         0x0000000020000199        0x3 
 .bss.ulMaxPRIGROUPValue
                0x000000002000019c        0x4 ./common/ThirdParty/FreeRTOS/portable/GCC/ARM_CM4F/port.o
 .bss.ucHeap    0x00000000200001a0    0x19000 ./common/ThirdParty/FreeRTOS/portable/MemMang/heap_4.o
 .bss.xStart    0x00000000200191a0        0x8 ./common/ThirdParty/FreeRTOS/portable/MemMang/heap_4.o
 .bss.pxEnd     0x00000000200191a8        0x4 ./common/ThirdParty/FreeRTOS/portable/MemMang/heap_4.o
 .bss.xFreeBytesRemaining
                0x00000000200191ac        0x4 ./common/ThirdParty/FreeRTOS/portable/MemMang/heap_4.o
 .bss.xMinimumEverFreeBytesRemaining
                0x00000000200191b0        0x4 ./common/ThirdParty/FreeRTOS/portable/MemMang/heap_4.o
 .bss.xNumberOfSuccessfulAllocations
                0x00000000200191b4        0x4 ./common/ThirdParty/FreeRTOS/portable/MemMang/heap_4.o
 .bss.xNumberOfSuccessfulFrees
                0x00000000200191b8        0x4 ./common/ThirdParty/FreeRTOS/portable/MemMang/heap_4.o
 .bss.xBlockAllocatedBit
                0x00000000200191bc        0x4 ./common/ThirdParty/FreeRTOS/portable/MemMang/heap_4.o
 .bss._aTasks   0x00000000200191c0       0xa0 ./common/ThirdParty/SEGGER/OS/SEGGER_SYSVIEW_FreeRTOS.o
 .bss._NumTasks
                0x0000000020019260        0x4 ./common/ThirdParty/SEGGER/OS/SEGGER_SYSVIEW_FreeRTOS.o
 .bss._cbOnRx   0x0000000020019264        0x4 ./common/ThirdParty/SEGGER/Rec/segger_uart.o
 .bss._cbOnTx   0x0000000020019268        0x4 ./common/ThirdParty/SEGGER/Rec/segger_uart.o
 .bss._SEGGER_RTT
                0x000000002001926c       0xa8 ./common/ThirdParty/SEGGER/SEGGER/SEGGER_RTT.o
                0x000000002001926c                _SEGGER_RTT
 .bss._acUpBuffer
                0x0000000020019314      0x400 ./common/ThirdParty/SEGGER/SEGGER/SEGGER_RTT.o
 .bss._acDownBuffer
                0x0000000020019714       0x10 ./common/ThirdParty/SEGGER/SEGGER/SEGGER_RTT.o
 .bss._UpBuffer
                0x0000000020019724     0x1000 ./common/ThirdParty/SEGGER/SEGGER/SEGGER_SYSVIEW.o
 .bss._DownBuffer
                0x000000002001a724        0x8 ./common/ThirdParty/SEGGER/SEGGER/SEGGER_SYSVIEW.o
 .bss._SYSVIEW_Globals
                0x000000002001a72c       0x28 ./common/ThirdParty/SEGGER/SEGGER/SEGGER_SYSVIEW.o
 .bss._pFirstModule
                0x000000002001a754        0x4 ./common/ThirdParty/SEGGER/SEGGER/SEGGER_SYSVIEW.o
 .bss._NumModules
                0x000000002001a758        0x1 ./common/ThirdParty/SEGGER/SEGGER/SEGGER_SYSVIEW.o
 *fill*         0x000000002001a759        0x3 
 .bss._aPacket  0x000000002001a75c       0xe3 ./common/ThirdParty/SEGGER/SEGGER/SEGGER_SYSVIEW.o
 *(COMMON)
                0x000000002001a840                . = ALIGN (0x4)
 *fill*         0x000000002001a83f        0x1 
                0x000000002001a840                _ebss = .
                0x000000002001a840                __bss_end__ = _ebss

._user_heap_stack
                0x000000002001a840      0x600
                0x000000002001a840                . = ALIGN (0x8)
                [!provide]                        PROVIDE (end = .)
                0x000000002001a840                PROVIDE (_end = .)
                0x000000002001aa40                . = (. + _Min_Heap_Size)
 *fill*         0x000000002001a840      0x200 
                0x000000002001ae40                . = (. + _Min_Stack_Size)
 *fill*         0x000000002001aa40      0x400 
                0x000000002001ae40                . = ALIGN (0x8)

/DISCARD/
 libc.a(*)
 libm.a(*)
 libgcc.a(*)

.ARM.attributes
                0x0000000000000000       0x30
 *(.ARM.attributes)
 .ARM.attributes
                0x0000000000000000       0x1e c:/st/stm32cubeide_1.9.0/stm32cubeide/plugins/com.st.stm32cube.ide.mcu.externaltools.gnu-tools-for-stm32.10.3-2021.10.win32_1.0.0.202111181127/tools/bin/../lib/gcc/arm-none-eabi/10.3.1/thumb/v7e-m+fp/hard/crti.o
 .ARM.attributes
                0x000000000000001e       0x34 c:/st/stm32cubeide_1.9.0/stm32cubeide/plugins/com.st.stm32cube.ide.mcu.externaltools.gnu-tools-for-stm32.10.3-2021.10.win32_1.0.0.202111181127/tools/bin/../lib/gcc/arm-none-eabi/10.3.1/thumb/v7e-m+fp/hard/crtbegin.o
 .ARM.attributes
                0x0000000000000052       0x34 ./Core/Src/main.o
 .ARM.attributes
                0x0000000000000086       0x34 ./Core/Src/stm32f4xx_hal_msp.o
 .ARM.attributes
                0x00000000000000ba       0x34 ./Core/Src/stm32f4xx_hal_timebase_tim.o
 .ARM.attributes
                0x00000000000000ee       0x34 ./Core/Src/stm32f4xx_it.o
 .ARM.attributes
                0x0000000000000122       0x34 ./Core/Src/system_stm32f4xx.o
 .ARM.attributes
                0x0000000000000156       0x21 ./Core/Startup/startup_stm32f407vgtx.o
 .ARM.attributes
                0x0000000000000177       0x34 ./Drivers/STM32F4xx_HAL_Driver/Src/stm32f4xx_hal.o
 .ARM.attributes
                0x00000000000001ab       0x34 ./Drivers/STM32F4xx_HAL_Driver/Src/stm32f4xx_hal_cortex.o
 .ARM.attributes
                0x00000000000001df       0x34 ./Drivers/STM32F4xx_HAL_Driver/Src/stm32f4xx_hal_gpio.o
 .ARM.attributes
                0x0000000000000213       0x34 ./Drivers/STM32F4xx_HAL_Driver/Src/stm32f4xx_hal_rcc.o
 .ARM.attributes
                0x0000000000000247       0x34 ./Drivers/STM32F4xx_HAL_Driver/Src/stm32f4xx_hal_tim.o
 .ARM.attributes
                0x000000000000027b       0x34 ./Drivers/STM32F4xx_HAL_Driver/Src/stm32f4xx_hal_tim_ex.o
 .ARM.attributes
                0x00000000000002af       0x34 ./common/ThirdParty/FreeRTOS/list.o
 .ARM.attributes
                0x00000000000002e3       0x34 ./common/ThirdParty/FreeRTOS/tasks.o
 .ARM.attributes
                0x0000000000000317       0x34 ./common/ThirdParty/FreeRTOS/portable/GCC/ARM_CM4F/port.o
 .ARM.attributes
                0x000000000000034b       0x34 ./common/ThirdParty/FreeRTOS/portable/MemMang/heap_4.o
 .ARM.attributes
                0x000000000000037f       0x34 ./common/ThirdParty/SEGGER/Config/SEGGER_SYSVIEW_Config_FreeRTOS.o
 .ARM.attributes
                0x00000000000003b3       0x34 ./common/ThirdParty/SEGGER/OS/SEGGER_SYSVIEW_FreeRTOS.o
 .ARM.attributes
                0x00000000000003e7       0x34 ./common/ThirdParty/SEGGER/Rec/segger_uart.o
 .ARM.attributes
                0x000000000000041b       0x34 ./common/ThirdParty/SEGGER/SEGGER/SEGGER_RTT.o
 .ARM.attributes
                0x000000000000044f       0x20 ./common/ThirdParty/SEGGER/SEGGER/SEGGER_RTT_ASM_ARMv7M.o
 .ARM.attributes
                0x000000000000046f       0x34 ./common/ThirdParty/SEGGER/SEGGER/SEGGER_SYSVIEW.o
 .ARM.attributes
                0x00000000000004a3       0x34 c:/st/stm32cubeide_1.9.0/stm32cubeide/plugins/com.st.stm32cube.ide.mcu.externaltools.gnu-tools-for-stm32.10.3-2021.10.win32_1.0.0.202111181127/tools/bin/../lib/gcc/arm-none-eabi/10.3.1/../../../../arm-none-eabi/lib/thumb/v7e-m+fp/hard\libc_nano.a(lib_a-init.o)
 .ARM.attributes
                0x00000000000004d7       0x34 c:/st/stm32cubeide_1.9.0/stm32cubeide/plugins/com.st.stm32cube.ide.mcu.externaltools.gnu-tools-for-stm32.10.3-2021.10.win32_1.0.0.202111181127/tools/bin/../lib/gcc/arm-none-eabi/10.3.1/../../../../arm-none-eabi/lib/thumb/v7e-m+fp/hard\libc_nano.a(lib_a-memcmp.o)
 .ARM.attributes
                0x000000000000050b       0x34 c:/st/stm32cubeide_1.9.0/stm32cubeide/plugins/com.st.stm32cube.ide.mcu.externaltools.gnu-tools-for-stm32.10.3-2021.10.win32_1.0.0.202111181127/tools/bin/../lib/gcc/arm-none-eabi/10.3.1/../../../../arm-none-eabi/lib/thumb/v7e-m+fp/hard\libc_nano.a(lib_a-memcpy-stub.o)
 .ARM.attributes
                0x000000000000053f       0x34 c:/st/stm32cubeide_1.9.0/stm32cubeide/plugins/com.st.stm32cube.ide.mcu.externaltools.gnu-tools-for-stm32.10.3-2021.10.win32_1.0.0.202111181127/tools/bin/../lib/gcc/arm-none-eabi/10.3.1/../../../../arm-none-eabi/lib/thumb/v7e-m+fp/hard\libc_nano.a(lib_a-memset.o)
 .ARM.attributes
                0x0000000000000573       0x1e c:/st/stm32cubeide_1.9.0/stm32cubeide/plugins/com.st.stm32cube.ide.mcu.externaltools.gnu-tools-for-stm32.10.3-2021.10.win32_1.0.0.202111181127/tools/bin/../lib/gcc/arm-none-eabi/10.3.1/thumb/v7e-m+fp/hard\libgcc.a(_aeabi_uldivmod.o)
 .ARM.attributes
                0x0000000000000591       0x34 c:/st/stm32cubeide_1.9.0/stm32cubeide/plugins/com.st.stm32cube.ide.mcu.externaltools.gnu-tools-for-stm32.10.3-2021.10.win32_1.0.0.202111181127/tools/bin/../lib/gcc/arm-none-eabi/10.3.1/thumb/v7e-m+fp/hard\libgcc.a(_udivmoddi4.o)
 .ARM.attributes
                0x00000000000005c5       0x1e c:/st/stm32cubeide_1.9.0/stm32cubeide/plugins/com.st.stm32cube.ide.mcu.externaltools.gnu-tools-for-stm32.10.3-2021.10.win32_1.0.0.202111181127/tools/bin/../lib/gcc/arm-none-eabi/10.3.1/thumb/v7e-m+fp/hard\libgcc.a(_dvmd_tls.o)
 .ARM.attributes
                0x00000000000005e3       0x1e c:/st/stm32cubeide_1.9.0/stm32cubeide/plugins/com.st.stm32cube.ide.mcu.externaltools.gnu-tools-for-stm32.10.3-2021.10.win32_1.0.0.202111181127/tools/bin/../lib/gcc/arm-none-eabi/10.3.1/thumb/v7e-m+fp/hard/crtn.o
OUTPUT(006LED_btn_isr.elf elf32-littlearm)
LOAD linker stubs
LOAD c:/st/stm32cubeide_1.9.0/stm32cubeide/plugins/com.st.stm32cube.ide.mcu.externaltools.gnu-tools-for-stm32.10.3-2021.10.win32_1.0.0.202111181127/tools/bin/../lib/gcc/arm-none-eabi/10.3.1/../../../../arm-none-eabi/lib/thumb/v7e-m+fp/hard\libc.a
LOAD c:/st/stm32cubeide_1.9.0/stm32cubeide/plugins/com.st.stm32cube.ide.mcu.externaltools.gnu-tools-for-stm32.10.3-2021.10.win32_1.0.0.202111181127/tools/bin/../lib/gcc/arm-none-eabi/10.3.1/../../../../arm-none-eabi/lib/thumb/v7e-m+fp/hard\libm.a
LOAD c:/st/stm32cubeide_1.9.0/stm32cubeide/plugins/com.st.stm32cube.ide.mcu.externaltools.gnu-tools-for-stm32.10.3-2021.10.win32_1.0.0.202111181127/tools/bin/../lib/gcc/arm-none-eabi/10.3.1/thumb/v7e-m+fp/hard\libgcc.a

.debug_info     0x0000000000000000    0x12901
 .debug_info    0x0000000000000000     0x1317 ./Core/Src/main.o
 .debug_info    0x0000000000001317      0x2a8 ./Core/Src/stm32f4xx_hal_msp.o
 .debug_info    0x00000000000015bf      0xc21 ./Core/Src/stm32f4xx_hal_timebase_tim.o
 .debug_info    0x00000000000021e0      0x72a ./Core/Src/stm32f4xx_it.o
 .debug_info    0x000000000000290a      0x523 ./Core/Src/system_stm32f4xx.o
 .debug_info    0x0000000000002e2d       0x22 ./Core/Startup/startup_stm32f407vgtx.o
 .debug_info    0x0000000000002e4f      0x97c ./Drivers/STM32F4xx_HAL_Driver/Src/stm32f4xx_hal.o
 .debug_info    0x00000000000037cb      0xe1b ./Drivers/STM32F4xx_HAL_Driver/Src/stm32f4xx_hal_cortex.o
 .debug_info    0x00000000000045e6      0x76a ./Drivers/STM32F4xx_HAL_Driver/Src/stm32f4xx_hal_gpio.o
 .debug_info    0x0000000000004d50      0x966 ./Drivers/STM32F4xx_HAL_Driver/Src/stm32f4xx_hal_rcc.o
 .debug_info    0x00000000000056b6     0x2bbe ./Drivers/STM32F4xx_HAL_Driver/Src/stm32f4xx_hal_tim.o
 .debug_info    0x0000000000008274     0x15e0 ./Drivers/STM32F4xx_HAL_Driver/Src/stm32f4xx_hal_tim_ex.o
 .debug_info    0x0000000000009854      0x2d1 ./common/ThirdParty/FreeRTOS/list.o
 .debug_info    0x0000000000009b25     0x26f4 ./common/ThirdParty/FreeRTOS/tasks.o
 .debug_info    0x000000000000c219      0x5ca ./common/ThirdParty/FreeRTOS/portable/GCC/ARM_CM4F/port.o
 .debug_info    0x000000000000c7e3      0x50d ./common/ThirdParty/FreeRTOS/portable/MemMang/heap_4.o
 .debug_info    0x000000000000ccf0      0x181 ./common/ThirdParty/SEGGER/Config/SEGGER_SYSVIEW_Config_FreeRTOS.o
 .debug_info    0x000000000000ce71      0x43d ./common/ThirdParty/SEGGER/OS/SEGGER_SYSVIEW_FreeRTOS.o
 .debug_info    0x000000000000d2ae      0x91c ./common/ThirdParty/SEGGER/Rec/segger_uart.o
 .debug_info    0x000000000000dbca     0x14ff ./common/ThirdParty/SEGGER/SEGGER/SEGGER_RTT.o
 .debug_info    0x000000000000f0c9       0x26 ./common/ThirdParty/SEGGER/SEGGER/SEGGER_RTT_ASM_ARMv7M.o
 .debug_info    0x000000000000f0ef     0x3812 ./common/ThirdParty/SEGGER/SEGGER/SEGGER_SYSVIEW.o

.debug_abbrev   0x0000000000000000     0x2a5a
 .debug_abbrev  0x0000000000000000      0x30b ./Core/Src/main.o
 .debug_abbrev  0x000000000000030b       0xd4 ./Core/Src/stm32f4xx_hal_msp.o
 .debug_abbrev  0x00000000000003df      0x1d3 ./Core/Src/stm32f4xx_hal_timebase_tim.o
 .debug_abbrev  0x00000000000005b2      0x199 ./Core/Src/stm32f4xx_it.o
 .debug_abbrev  0x000000000000074b      0x116 ./Core/Src/system_stm32f4xx.o
 .debug_abbrev  0x0000000000000861       0x12 ./Core/Startup/startup_stm32f407vgtx.o
 .debug_abbrev  0x0000000000000873      0x20d ./Drivers/STM32F4xx_HAL_Driver/Src/stm32f4xx_hal.o
 .debug_abbrev  0x0000000000000a80      0x316 ./Drivers/STM32F4xx_HAL_Driver/Src/stm32f4xx_hal_cortex.o
 .debug_abbrev  0x0000000000000d96      0x1c4 ./Drivers/STM32F4xx_HAL_Driver/Src/stm32f4xx_hal_gpio.o
 .debug_abbrev  0x0000000000000f5a      0x2aa ./Drivers/STM32F4xx_HAL_Driver/Src/stm32f4xx_hal_rcc.o
 .debug_abbrev  0x0000000000001204      0x25d ./Drivers/STM32F4xx_HAL_Driver/Src/stm32f4xx_hal_tim.o
 .debug_abbrev  0x0000000000001461      0x265 ./Drivers/STM32F4xx_HAL_Driver/Src/stm32f4xx_hal_tim_ex.o
 .debug_abbrev  0x00000000000016c6       0xf2 ./common/ThirdParty/FreeRTOS/list.o
 .debug_abbrev  0x00000000000017b8      0x3a6 ./common/ThirdParty/FreeRTOS/tasks.o
 .debug_abbrev  0x0000000000001b5e      0x259 ./common/ThirdParty/FreeRTOS/portable/GCC/ARM_CM4F/port.o
 .debug_abbrev  0x0000000000001db7      0x212 ./common/ThirdParty/FreeRTOS/portable/MemMang/heap_4.o
 .debug_abbrev  0x0000000000001fc9       0xdd ./common/ThirdParty/SEGGER/Config/SEGGER_SYSVIEW_Config_FreeRTOS.o
 .debug_abbrev  0x00000000000020a6      0x19e ./common/ThirdParty/SEGGER/OS/SEGGER_SYSVIEW_FreeRTOS.o
 .debug_abbrev  0x0000000000002244      0x27b ./common/ThirdParty/SEGGER/Rec/segger_uart.o
 .debug_abbrev  0x00000000000024bf      0x24e ./common/ThirdParty/SEGGER/SEGGER/SEGGER_RTT.o
 .debug_abbrev  0x000000000000270d       0x14 ./common/ThirdParty/SEGGER/SEGGER/SEGGER_RTT_ASM_ARMv7M.o
 .debug_abbrev  0x0000000000002721      0x339 ./common/ThirdParty/SEGGER/SEGGER/SEGGER_SYSVIEW.o

.debug_aranges  0x0000000000000000     0x1138
 .debug_aranges
                0x0000000000000000       0x60 ./Core/Src/main.o
 .debug_aranges
                0x0000000000000060       0x20 ./Core/Src/stm32f4xx_hal_msp.o
 .debug_aranges
                0x0000000000000080       0x30 ./Core/Src/stm32f4xx_hal_timebase_tim.o
 .debug_aranges
                0x00000000000000b0       0x50 ./Core/Src/stm32f4xx_it.o
 .debug_aranges
                0x0000000000000100       0x28 ./Core/Src/system_stm32f4xx.o
 .debug_aranges
                0x0000000000000128       0x28 ./Core/Startup/startup_stm32f407vgtx.o
 .debug_aranges
                0x0000000000000150       0xf0 ./Drivers/STM32F4xx_HAL_Driver/Src/stm32f4xx_hal.o
 .debug_aranges
                0x0000000000000240      0x118 ./Drivers/STM32F4xx_HAL_Driver/Src/stm32f4xx_hal_cortex.o
 .debug_aranges
                0x0000000000000358       0x58 ./Drivers/STM32F4xx_HAL_Driver/Src/stm32f4xx_hal_gpio.o
 .debug_aranges
                0x00000000000003b0       0x88 ./Drivers/STM32F4xx_HAL_Driver/Src/stm32f4xx_hal_rcc.o
 .debug_aranges
                0x0000000000000438      0x3d0 ./Drivers/STM32F4xx_HAL_Driver/Src/stm32f4xx_hal_tim.o
 .debug_aranges
                0x0000000000000808      0x168 ./Drivers/STM32F4xx_HAL_Driver/Src/stm32f4xx_hal_tim_ex.o
 .debug_aranges
                0x0000000000000970       0x40 ./common/ThirdParty/FreeRTOS/list.o
 .debug_aranges
                0x00000000000009b0      0x1f8 ./common/ThirdParty/FreeRTOS/tasks.o
 .debug_aranges
                0x0000000000000ba8       0x88 ./common/ThirdParty/FreeRTOS/portable/GCC/ARM_CM4F/port.o
 .debug_aranges
                0x0000000000000c30       0x58 ./common/ThirdParty/FreeRTOS/portable/MemMang/heap_4.o
 .debug_aranges
                0x0000000000000c88       0x28 ./common/ThirdParty/SEGGER/Config/SEGGER_SYSVIEW_Config_FreeRTOS.o
 .debug_aranges
                0x0000000000000cb0       0x48 ./common/ThirdParty/SEGGER/OS/SEGGER_SYSVIEW_FreeRTOS.o
 .debug_aranges
                0x0000000000000cf8       0x68 ./common/ThirdParty/SEGGER/Rec/segger_uart.o
 .debug_aranges
                0x0000000000000d60      0x138 ./common/ThirdParty/SEGGER/SEGGER/SEGGER_RTT.o
 .debug_aranges
                0x0000000000000e98       0x20 ./common/ThirdParty/SEGGER/SEGGER/SEGGER_RTT_ASM_ARMv7M.o
 .debug_aranges
                0x0000000000000eb8      0x280 ./common/ThirdParty/SEGGER/SEGGER/SEGGER_SYSVIEW.o

.debug_ranges   0x0000000000000000      0xfd0
 .debug_ranges  0x0000000000000000       0x50 ./Core/Src/main.o
 .debug_ranges  0x0000000000000050       0x10 ./Core/Src/stm32f4xx_hal_msp.o
 .debug_ranges  0x0000000000000060       0x20 ./Core/Src/stm32f4xx_hal_timebase_tim.o
 .debug_ranges  0x0000000000000080       0x40 ./Core/Src/stm32f4xx_it.o
 .debug_ranges  0x00000000000000c0       0x18 ./Core/Src/system_stm32f4xx.o
 .debug_ranges  0x00000000000000d8       0x20 ./Core/Startup/startup_stm32f407vgtx.o
 .debug_ranges  0x00000000000000f8       0xe0 ./Drivers/STM32F4xx_HAL_Driver/Src/stm32f4xx_hal.o
 .debug_ranges  0x00000000000001d8      0x108 ./Drivers/STM32F4xx_HAL_Driver/Src/stm32f4xx_hal_cortex.o
 .debug_ranges  0x00000000000002e0       0x48 ./Drivers/STM32F4xx_HAL_Driver/Src/stm32f4xx_hal_gpio.o
 .debug_ranges  0x0000000000000328       0x78 ./Drivers/STM32F4xx_HAL_Driver/Src/stm32f4xx_hal_rcc.o
 .debug_ranges  0x00000000000003a0      0x3c0 ./Drivers/STM32F4xx_HAL_Driver/Src/stm32f4xx_hal_tim.o
 .debug_ranges  0x0000000000000760      0x158 ./Drivers/STM32F4xx_HAL_Driver/Src/stm32f4xx_hal_tim_ex.o
 .debug_ranges  0x00000000000008b8       0x30 ./common/ThirdParty/FreeRTOS/list.o
 .debug_ranges  0x00000000000008e8      0x1e8 ./common/ThirdParty/FreeRTOS/tasks.o
 .debug_ranges  0x0000000000000ad0       0x78 ./common/ThirdParty/FreeRTOS/portable/GCC/ARM_CM4F/port.o
 .debug_ranges  0x0000000000000b48       0x48 ./common/ThirdParty/FreeRTOS/portable/MemMang/heap_4.o
 .debug_ranges  0x0000000000000b90       0x18 ./common/ThirdParty/SEGGER/Config/SEGGER_SYSVIEW_Config_FreeRTOS.o
 .debug_ranges  0x0000000000000ba8       0x38 ./common/ThirdParty/SEGGER/OS/SEGGER_SYSVIEW_FreeRTOS.o
 .debug_ranges  0x0000000000000be0       0x58 ./common/ThirdParty/SEGGER/Rec/segger_uart.o
 .debug_ranges  0x0000000000000c38      0x128 ./common/ThirdParty/SEGGER/SEGGER/SEGGER_RTT.o
 .debug_ranges  0x0000000000000d60      0x270 ./common/ThirdParty/SEGGER/SEGGER/SEGGER_SYSVIEW.o

.debug_macro    0x0000000000000000    0x22954
 .debug_macro   0x0000000000000000      0x2a7 ./Core/Src/main.o
 .debug_macro   0x00000000000002a7      0xa78 ./Core/Src/main.o
 .debug_macro   0x0000000000000d1f      0x184 ./Core/Src/main.o
 .debug_macro   0x0000000000000ea3       0x2e ./Core/Src/main.o
 .debug_macro   0x0000000000000ed1       0x2f ./Core/Src/main.o
 .debug_macro   0x0000000000000f00       0x22 ./Core/Src/main.o
 .debug_macro   0x0000000000000f22       0x8e ./Core/Src/main.o
 .debug_macro   0x0000000000000fb0       0x51 ./Core/Src/main.o
 .debug_macro   0x0000000000001001      0x103 ./Core/Src/main.o
 .debug_macro   0x0000000000001104       0x6a ./Core/Src/main.o
 .debug_macro   0x000000000000116e      0x1df ./Core/Src/main.o
 .debug_macro   0x000000000000134d       0x1c ./Core/Src/main.o
 .debug_macro   0x0000000000001369       0x22 ./Core/Src/main.o
 .debug_macro   0x000000000000138b       0xd9 ./Core/Src/main.o
 .debug_macro   0x0000000000001464     0x102d ./Core/Src/main.o
 .debug_macro   0x0000000000002491      0x11f ./Core/Src/main.o
 .debug_macro   0x00000000000025b0    0x15e82 ./Core/Src/main.o
 .debug_macro   0x0000000000018432       0x6d ./Core/Src/main.o
 .debug_macro   0x000000000001849f     0x367e ./Core/Src/main.o
 .debug_macro   0x000000000001bb1d      0x174 ./Core/Src/main.o
 .debug_macro   0x000000000001bc91       0x5c ./Core/Src/main.o
 .debug_macro   0x000000000001bced      0x96b ./Core/Src/main.o
 .debug_macro   0x000000000001c658      0x9fe ./Core/Src/main.o
 .debug_macro   0x000000000001d056      0x174 ./Core/Src/main.o
 .debug_macro   0x000000000001d1ca      0x115 ./Core/Src/main.o
 .debug_macro   0x000000000001d2df      0x13e ./Core/Src/main.o
 .debug_macro   0x000000000001d41d       0xa5 ./Core/Src/main.o
 .debug_macro   0x000000000001d4c2      0x287 ./Core/Src/main.o
 .debug_macro   0x000000000001d749       0x5f ./Core/Src/main.o
 .debug_macro   0x000000000001d7a8      0x236 ./Core/Src/main.o
 .debug_macro   0x000000000001d9de      0x12c ./Core/Src/main.o
 .debug_macro   0x000000000001db0a      0x21e ./Core/Src/main.o
 .debug_macro   0x000000000001dd28       0x2e ./Core/Src/main.o
 .debug_macro   0x000000000001dd56      0x11a ./Core/Src/main.o
 .debug_macro   0x000000000001de70       0x7e ./Core/Src/main.o
 .debug_macro   0x000000000001deee       0x89 ./Core/Src/main.o
 .debug_macro   0x000000000001df77      0x8e6 ./Core/Src/main.o
 .debug_macro   0x000000000001e85d       0x47 ./Core/Src/main.o
 .debug_macro   0x000000000001e8a4      0x12d ./Core/Src/main.o
 .debug_macro   0x000000000001e9d1      0x1ab ./Core/Src/main.o
 .debug_macro   0x000000000001eb7c      0x112 ./Core/Src/main.o
 .debug_macro   0x000000000001ec8e       0x58 ./Core/Src/main.o
 .debug_macro   0x000000000001ece6       0x46 ./Core/Src/main.o
 .debug_macro   0x000000000001ed2c       0x64 ./Core/Src/main.o
 .debug_macro   0x000000000001ed90       0x16 ./Core/Src/main.o
 .debug_macro   0x000000000001eda6       0x49 ./Core/Src/main.o
 .debug_macro   0x000000000001edef       0xbc ./Core/Src/main.o
 .debug_macro   0x000000000001eeab      0x204 ./Core/Src/main.o
 .debug_macro   0x000000000001f0af      0x450 ./Core/Src/main.o
 .debug_macro   0x000000000001f4ff      0x15a ./Core/Src/main.o
 .debug_macro   0x000000000001f659       0xea ./Core/Src/main.o
 .debug_macro   0x000000000001f743       0x28 ./Core/Src/main.o
 .debug_macro   0x000000000001f76b       0x1f ./Core/Src/main.o
 .debug_macro   0x000000000001f78a       0x12 ./Core/Src/main.o
 .debug_macro   0x000000000001f79c      0x3de ./Core/Src/main.o
 .debug_macro   0x000000000001fb7a       0xc3 ./Core/Src/main.o
 .debug_macro   0x000000000001fc3d      0x120 ./Core/Src/main.o
 .debug_macro   0x000000000001fd5d      0x1d3 ./Core/Src/stm32f4xx_hal_msp.o
 .debug_macro   0x000000000001ff30      0x1c4 ./Core/Src/stm32f4xx_hal_timebase_tim.o
 .debug_macro   0x00000000000200f4      0x1dd ./Core/Src/stm32f4xx_it.o
 .debug_macro   0x00000000000202d1      0x1c4 ./Core/Src/system_stm32f4xx.o
 .debug_macro   0x0000000000020495      0x224 ./Drivers/STM32F4xx_HAL_Driver/Src/stm32f4xx_hal.o
 .debug_macro   0x00000000000206b9      0x1c4 ./Drivers/STM32F4xx_HAL_Driver/Src/stm32f4xx_hal_cortex.o
 .debug_macro   0x000000000002087d      0x1ca ./Drivers/STM32F4xx_HAL_Driver/Src/stm32f4xx_hal_gpio.o
 .debug_macro   0x0000000000020a47      0x1e8 ./Drivers/STM32F4xx_HAL_Driver/Src/stm32f4xx_hal_rcc.o
 .debug_macro   0x0000000000020c2f      0x1c5 ./Drivers/STM32F4xx_HAL_Driver/Src/stm32f4xx_hal_tim.o
 .debug_macro   0x0000000000020df4      0x1c4 ./Drivers/STM32F4xx_HAL_Driver/Src/stm32f4xx_hal_tim_ex.o
 .debug_macro   0x0000000000020fb8      0x1f9 ./common/ThirdParty/FreeRTOS/list.o
 .debug_macro   0x00000000000211b1      0x2df ./common/ThirdParty/FreeRTOS/tasks.o
 .debug_macro   0x0000000000021490       0x17 ./common/ThirdParty/FreeRTOS/tasks.o
 .debug_macro   0x00000000000214a7      0x1fc ./common/ThirdParty/FreeRTOS/portable/GCC/ARM_CM4F/port.o
 .debug_macro   0x00000000000216a3      0x214 ./common/ThirdParty/FreeRTOS/portable/MemMang/heap_4.o
 .debug_macro   0x00000000000218b7      0x13c ./common/ThirdParty/SEGGER/Config/SEGGER_SYSVIEW_Config_FreeRTOS.o
 .debug_macro   0x00000000000219f3      0x208 ./common/ThirdParty/SEGGER/OS/SEGGER_SYSVIEW_FreeRTOS.o
 .debug_macro   0x0000000000021bfb      0x41c ./common/ThirdParty/SEGGER/Rec/segger_uart.o
 .debug_macro   0x0000000000022017       0x3a ./common/ThirdParty/SEGGER/Rec/segger_uart.o
 .debug_macro   0x0000000000022051      0x138 ./common/ThirdParty/SEGGER/Rec/segger_uart.o
 .debug_macro   0x0000000000022189       0x56 ./common/ThirdParty/SEGGER/Rec/segger_uart.o
 .debug_macro   0x00000000000221df      0x1bd ./common/ThirdParty/SEGGER/SEGGER/SEGGER_RTT.o
 .debug_macro   0x000000000002239c       0x34 ./common/ThirdParty/SEGGER/SEGGER/SEGGER_RTT.o
 .debug_macro   0x00000000000223d0      0x212 ./common/ThirdParty/SEGGER/SEGGER/SEGGER_SYSVIEW.o
 .debug_macro   0x00000000000225e2      0x204 ./common/ThirdParty/SEGGER/SEGGER/SEGGER_SYSVIEW.o
 .debug_macro   0x00000000000227e6      0x16e ./common/ThirdParty/SEGGER/SEGGER/SEGGER_SYSVIEW.o

.debug_line     0x0000000000000000    0x13371
 .debug_line    0x0000000000000000      0xc71 ./Core/Src/main.o
 .debug_line    0x0000000000000c71      0x6a0 ./Core/Src/stm32f4xx_hal_msp.o
 .debug_line    0x0000000000001311      0x6ff ./Core/Src/stm32f4xx_hal_timebase_tim.o
 .debug_line    0x0000000000001a10      0x73c ./Core/Src/stm32f4xx_it.o
 .debug_line    0x000000000000214c      0x721 ./Core/Src/system_stm32f4xx.o
 .debug_line    0x000000000000286d       0x88 ./Core/Startup/startup_stm32f407vgtx.o
 .debug_line    0x00000000000028f5      0x987 ./Drivers/STM32F4xx_HAL_Driver/Src/stm32f4xx_hal.o
 .debug_line    0x000000000000327c      0xc36 ./Drivers/STM32F4xx_HAL_Driver/Src/stm32f4xx_hal_cortex.o
 .debug_line    0x0000000000003eb2      0xafb ./Drivers/STM32F4xx_HAL_Driver/Src/stm32f4xx_hal_gpio.o
 .debug_line    0x00000000000049ad      0xd03 ./Drivers/STM32F4xx_HAL_Driver/Src/stm32f4xx_hal_rcc.o
 .debug_line    0x00000000000056b0     0x367b ./Drivers/STM32F4xx_HAL_Driver/Src/stm32f4xx_hal_tim.o
 .debug_line    0x0000000000008d2b     0x1984 ./Drivers/STM32F4xx_HAL_Driver/Src/stm32f4xx_hal_tim_ex.o
 .debug_line    0x000000000000a6af      0x98e ./common/ThirdParty/FreeRTOS/list.o
 .debug_line    0x000000000000b03d     0x2032 ./common/ThirdParty/FreeRTOS/tasks.o
 .debug_line    0x000000000000d06f      0xa94 ./common/ThirdParty/FreeRTOS/portable/GCC/ARM_CM4F/port.o
 .debug_line    0x000000000000db03      0xbd9 ./common/ThirdParty/FreeRTOS/portable/MemMang/heap_4.o
 .debug_line    0x000000000000e6dc      0x701 ./common/ThirdParty/SEGGER/Config/SEGGER_SYSVIEW_Config_FreeRTOS.o
 .debug_line    0x000000000000eddd      0x9f4 ./common/ThirdParty/SEGGER/OS/SEGGER_SYSVIEW_FreeRTOS.o
 .debug_line    0x000000000000f7d1      0xbd8 ./common/ThirdParty/SEGGER/Rec/segger_uart.o
 .debug_line    0x00000000000103a9      0xef9 ./common/ThirdParty/SEGGER/SEGGER/SEGGER_RTT.o
 .debug_line    0x00000000000112a2       0xef ./common/ThirdParty/SEGGER/SEGGER/SEGGER_RTT_ASM_ARMv7M.o
 .debug_line    0x0000000000011391     0x1fe0 ./common/ThirdParty/SEGGER/SEGGER/SEGGER_SYSVIEW.o

.debug_str      0x0000000000000000    0xd5d5c
 .debug_str     0x0000000000000000    0xcb6a9 ./Core/Src/main.o
                                      0xcba85 (size before relaxing)
 .debug_str     0x00000000000cb6a9       0x2c ./Core/Src/stm32f4xx_hal_msp.o
                                      0xc1c1d (size before relaxing)
 .debug_str     0x00000000000cb6d5       0xec ./Core/Src/stm32f4xx_hal_timebase_tim.o
                                      0xc20e4 (size before relaxing)
 .debug_str     0x00000000000cb7c1       0xd2 ./Core/Src/stm32f4xx_it.o
                                      0xc2114 (size before relaxing)
 .debug_str     0x00000000000cb893       0xdb ./Core/Src/system_stm32f4xx.o
                                      0xc160f (size before relaxing)
 .debug_str     0x00000000000cb96e       0x9a ./Core/Startup/startup_stm32f407vgtx.o
 .debug_str     0x00000000000cba08      0x5de ./Drivers/STM32F4xx_HAL_Driver/Src/stm32f4xx_hal.o
                                      0xc2193 (size before relaxing)
 .debug_str     0x00000000000cbfe6      0x33a ./Drivers/STM32F4xx_HAL_Driver/Src/stm32f4xx_hal_cortex.o
                                      0xc1ec6 (size before relaxing)
 .debug_str     0x00000000000cc320      0x105 ./Drivers/STM32F4xx_HAL_Driver/Src/stm32f4xx_hal_gpio.o
                                      0xc178a (size before relaxing)
 .debug_str     0x00000000000cc425      0x1fd ./Drivers/STM32F4xx_HAL_Driver/Src/stm32f4xx_hal_rcc.o
                                      0xc1a43 (size before relaxing)
 .debug_str     0x00000000000cc622      0xe69 ./Drivers/STM32F4xx_HAL_Driver/Src/stm32f4xx_hal_tim.o
                                      0xc2989 (size before relaxing)
 .debug_str     0x00000000000cd48b      0x503 ./Drivers/STM32F4xx_HAL_Driver/Src/stm32f4xx_hal_tim_ex.o
                                      0xc21a5 (size before relaxing)
 .debug_str     0x00000000000cd98e     0x3057 ./common/ThirdParty/FreeRTOS/list.o
                                       0xec2d (size before relaxing)
 .debug_str     0x00000000000d09e5     0x1e6e ./common/ThirdParty/FreeRTOS/tasks.o
                                      0x11e6c (size before relaxing)
 .debug_str     0x00000000000d2853      0x7f2 ./common/ThirdParty/FreeRTOS/portable/GCC/ARM_CM4F/port.o
                                       0xd790 (size before relaxing)
 .debug_str     0x00000000000d3045      0x368 ./common/ThirdParty/FreeRTOS/portable/MemMang/heap_4.o
                                      0x100f6 (size before relaxing)
 .debug_str     0x00000000000d33ad      0x217 ./common/ThirdParty/SEGGER/Config/SEGGER_SYSVIEW_Config_FreeRTOS.o
                                       0xb2d3 (size before relaxing)
 .debug_str     0x00000000000d35c4      0x145 ./common/ThirdParty/SEGGER/OS/SEGGER_SYSVIEW_FreeRTOS.o
                                       0xfe6e (size before relaxing)
 .debug_str     0x00000000000d3709     0x1070 ./common/ThirdParty/SEGGER/Rec/segger_uart.o
                                      0xc7363 (size before relaxing)
 .debug_str     0x00000000000d4779      0x7eb ./common/ThirdParty/SEGGER/SEGGER/SEGGER_RTT.o
                                       0x7802 (size before relaxing)
 .debug_str     0x00000000000d4f64       0x83 ./common/ThirdParty/SEGGER/SEGGER/SEGGER_RTT_ASM_ARMv7M.o
                                         0xf8 (size before relaxing)
 .debug_str     0x00000000000d4fe7      0xd75 ./common/ThirdParty/SEGGER/SEGGER/SEGGER_SYSVIEW.o
                                       0x9854 (size before relaxing)

.comment        0x0000000000000000       0x50
 .comment       0x0000000000000000       0x50 ./Core/Src/main.o
                                         0x51 (size before relaxing)
 .comment       0x0000000000000050       0x51 ./Core/Src/stm32f4xx_hal_msp.o
 .comment       0x0000000000000050       0x51 ./Core/Src/stm32f4xx_hal_timebase_tim.o
 .comment       0x0000000000000050       0x51 ./Core/Src/stm32f4xx_it.o
 .comment       0x0000000000000050       0x51 ./Core/Src/system_stm32f4xx.o
 .comment       0x0000000000000050       0x51 ./Drivers/STM32F4xx_HAL_Driver/Src/stm32f4xx_hal.o
 .comment       0x0000000000000050       0x51 ./Drivers/STM32F4xx_HAL_Driver/Src/stm32f4xx_hal_cortex.o
 .comment       0x0000000000000050       0x51 ./Drivers/STM32F4xx_HAL_Driver/Src/stm32f4xx_hal_gpio.o
 .comment       0x0000000000000050       0x51 ./Drivers/STM32F4xx_HAL_Driver/Src/stm32f4xx_hal_rcc.o
 .comment       0x0000000000000050       0x51 ./Drivers/STM32F4xx_HAL_Driver/Src/stm32f4xx_hal_tim.o
 .comment       0x0000000000000050       0x51 ./Drivers/STM32F4xx_HAL_Driver/Src/stm32f4xx_hal_tim_ex.o
 .comment       0x0000000000000050       0x51 ./common/ThirdParty/FreeRTOS/list.o
 .comment       0x0000000000000050       0x51 ./common/ThirdParty/FreeRTOS/tasks.o
 .comment       0x0000000000000050       0x51 ./common/ThirdParty/FreeRTOS/portable/GCC/ARM_CM4F/port.o
 .comment       0x0000000000000050       0x51 ./common/ThirdParty/FreeRTOS/portable/MemMang/heap_4.o
 .comment       0x0000000000000050       0x51 ./common/ThirdParty/SEGGER/Config/SEGGER_SYSVIEW_Config_FreeRTOS.o
 .comment       0x0000000000000050       0x51 ./common/ThirdParty/SEGGER/OS/SEGGER_SYSVIEW_FreeRTOS.o
 .comment       0x0000000000000050       0x51 ./common/ThirdParty/SEGGER/Rec/segger_uart.o
 .comment       0x0000000000000050       0x51 ./common/ThirdParty/SEGGER/SEGGER/SEGGER_RTT.o
 .comment       0x0000000000000050       0x51 ./common/ThirdParty/SEGGER/SEGGER/SEGGER_SYSVIEW.o

.debug_frame    0x0000000000000000     0x4794
 .debug_frame   0x0000000000000000      0x144 ./Core/Src/main.o
 .debug_frame   0x0000000000000144       0x38 ./Core/Src/stm32f4xx_hal_msp.o
 .debug_frame   0x000000000000017c       0x74 ./Core/Src/stm32f4xx_hal_timebase_tim.o
 .debug_frame   0x00000000000001f0       0xc8 ./Core/Src/stm32f4xx_it.o
 .debug_frame   0x00000000000002b8       0x58 ./Core/Src/system_stm32f4xx.o
 .debug_frame   0x0000000000000310      0x374 ./Drivers/STM32F4xx_HAL_Driver/Src/stm32f4xx_hal.o
 .debug_frame   0x0000000000000684      0x498 ./Drivers/STM32F4xx_HAL_Driver/Src/stm32f4xx_hal_cortex.o
 .debug_frame   0x0000000000000b1c      0x14c ./Drivers/STM32F4xx_HAL_Driver/Src/stm32f4xx_hal_gpio.o
 .debug_frame   0x0000000000000c68      0x1f4 ./Drivers/STM32F4xx_HAL_Driver/Src/stm32f4xx_hal_rcc.o
 .debug_frame   0x0000000000000e5c     0x11c4 ./Drivers/STM32F4xx_HAL_Driver/Src/stm32f4xx_hal_tim.o
 .debug_frame   0x0000000000002020      0x638 ./Drivers/STM32F4xx_HAL_Driver/Src/stm32f4xx_hal_tim_ex.o
 .debug_frame   0x0000000000002658       0xd8 ./common/ThirdParty/FreeRTOS/list.o
 .debug_frame   0x0000000000002730      0x8b4 ./common/ThirdParty/FreeRTOS/tasks.o
 .debug_frame   0x0000000000002fe4      0x1d0 ./common/ThirdParty/FreeRTOS/portable/GCC/ARM_CM4F/port.o
 .debug_frame   0x00000000000031b4      0x12c ./common/ThirdParty/FreeRTOS/portable/MemMang/heap_4.o
 .debug_frame   0x00000000000032e0       0x48 ./common/ThirdParty/SEGGER/Config/SEGGER_SYSVIEW_Config_FreeRTOS.o
 .debug_frame   0x0000000000003328      0x104 ./common/ThirdParty/SEGGER/OS/SEGGER_SYSVIEW_FreeRTOS.o
 .debug_frame   0x000000000000342c      0x178 ./common/ThirdParty/SEGGER/Rec/segger_uart.o
 .debug_frame   0x00000000000035a4      0x530 ./common/ThirdParty/SEGGER/SEGGER/SEGGER_RTT.o
 .debug_frame   0x0000000000003ad4      0xbc4 ./common/ThirdParty/SEGGER/SEGGER/SEGGER_SYSVIEW.o
 .debug_frame   0x0000000000004698       0x2c c:/st/stm32cubeide_1.9.0/stm32cubeide/plugins/com.st.stm32cube.ide.mcu.externaltools.gnu-tools-for-stm32.10.3-2021.10.win32_1.0.0.202111181127/tools/bin/../lib/gcc/arm-none-eabi/10.3.1/../../../../arm-none-eabi/lib/thumb/v7e-m+fp/hard\libc_nano.a(lib_a-init.o)
 .debug_frame   0x00000000000046c4       0x28 c:/st/stm32cubeide_1.9.0/stm32cubeide/plugins/com.st.stm32cube.ide.mcu.externaltools.gnu-tools-for-stm32.10.3-2021.10.win32_1.0.0.202111181127/tools/bin/../lib/gcc/arm-none-eabi/10.3.1/../../../../arm-none-eabi/lib/thumb/v7e-m+fp/hard\libc_nano.a(lib_a-memcmp.o)
 .debug_frame   0x00000000000046ec       0x28 c:/st/stm32cubeide_1.9.0/stm32cubeide/plugins/com.st.stm32cube.ide.mcu.externaltools.gnu-tools-for-stm32.10.3-2021.10.win32_1.0.0.202111181127/tools/bin/../lib/gcc/arm-none-eabi/10.3.1/../../../../arm-none-eabi/lib/thumb/v7e-m+fp/hard\libc_nano.a(lib_a-memcpy-stub.o)
 .debug_frame   0x0000000000004714       0x20 c:/st/stm32cubeide_1.9.0/stm32cubeide/plugins/com.st.stm32cube.ide.mcu.externaltools.gnu-tools-for-stm32.10.3-2021.10.win32_1.0.0.202111181127/tools/bin/../lib/gcc/arm-none-eabi/10.3.1/../../../../arm-none-eabi/lib/thumb/v7e-m+fp/hard\libc_nano.a(lib_a-memset.o)
 .debug_frame   0x0000000000004734       0x2c c:/st/stm32cubeide_1.9.0/stm32cubeide/plugins/com.st.stm32cube.ide.mcu.externaltools.gnu-tools-for-stm32.10.3-2021.10.win32_1.0.0.202111181127/tools/bin/../lib/gcc/arm-none-eabi/10.3.1/thumb/v7e-m+fp/hard\libgcc.a(_aeabi_uldivmod.o)
 .debug_frame   0x0000000000004760       0x34 c:/st/stm32cubeide_1.9.0/stm32cubeide/plugins/com.st.stm32cube.ide.mcu.externaltools.gnu-tools-for-stm32.10.3-2021.10.win32_1.0.0.202111181127/tools/bin/../lib/gcc/arm-none-eabi/10.3.1/thumb/v7e-m+fp/hard\libgcc.a(_udivmoddi4.o)
